Component: ARM Compiler 5.06 update 2 (build 183) Tool: armlink [4d35b7]

==============================================================================

Section Cross References

    main.o(.text) refers to objdef.o(.text) for OBJ_GetObjectHandle
    main.o(.text) refers to rt_memcpy_v6.o(.text) for __aeabi_memcpy
    main.o(.text) refers to hw_readwrite.o(.text) for U485_process_data
    main.o(.text) refers to di_key.o(.text) for DI_process_data
    main.o(.text) refers to do_led.o(.text) for DO_process_data
    main.o(.text) refers to menu.o(.text) for adc_get_data
    main.o(.text) refers to recieve_send_command_done.o(.text) for USART1_Data_Recieve
    main.o(.text) refers to delay.o(.text) for delay_ms
    main.o(.text) refers to os_core.o(.text) for OSStatInit
    main.o(.text) refers to os_cpu_a.o(.text) for OS_CPU_SR_Save
    main.o(.text) refers to os_task.o(.text) for OSTaskCreate
    main.o(.text) refers to main.o(.data) for sRxPDOassign
    main.o(.text) refers to main.o(.bss) for power_manage
    main.o(.text) refers to ecatappl.o(.data) for bRunApplication
    system_stm32f4xx.o(.text) refers to system_stm32f4xx.o(.data) for SystemCoreClock
    mailbox.o(.text) refers to h1_alloc.o(.text) for malloc
    mailbox.o(.text) refers to hw_readwrite.o(.text) for HW_EscRead
    mailbox.o(.text) refers to ecatslv.o(.text) for GetSyncMan
    mailbox.o(.text) refers to rt_memclr.o(.text) for __aeabi_memclr
    mailbox.o(.text) refers to h1_free.o(.text) for free
    mailbox.o(.text) refers to emcy.o(.text) for EMCY_Init
    mailbox.o(.text) refers to ecatcoe.o(.text) for COE_ServiceInd
    mailbox.o(.text) refers to rt_memcpy_v6.o(.text) for __aeabi_memcpy
    mailbox.o(.text) refers to ecatfoe.o(.text) for FOE_ServiceInd
    mailbox.o(.text) refers to mailbox.o(.data) for u16ReceiveMbxSize
    mailbox.o(.text) refers to mailbox.o(.bss) for sMbxReceiveQueue
    mailbox.o(.text) refers to ecatslv.o(.data) for bBootMode
    timer.o(.text) refers to stm32f4xx_rcc.o(.text) for RCC_APB1PeriphClockCmd
    timer.o(.text) refers to stm32f4xx_tim.o(.text) for TIM_TimeBaseInit
    timer.o(.text) refers to misc.o(.text) for NVIC_Init
    timer.o(.text) refers to stm32f4xx_gpio.o(.text) for GPIO_Init
    timer.o(.text) refers to dflt_clz.o(x$fpl$dfltu) for __aeabi_ui2d
    timer.o(.text) refers to dmul.o(x$fpl$dmul) for __aeabi_dmul
    timer.o(.text) refers to dfix.o(x$fpl$dfix) for __aeabi_d2iz
    timer.o(.text) refers to dflt_clz.o(x$fpl$dflt) for __aeabi_i2d
    timer.o(.text) refers to daddsub_clz.o(x$fpl$dadd) for __aeabi_dadd
    timer.o(.text) refers to daddsub_clz.o(x$fpl$dsub) for __aeabi_dsub
    timer.o(.text) refers to dleqf.o(x$fpl$dleqf) for __aeabi_cdcmple
    timer.o(.text) refers to drleqf.o(x$fpl$drleqf) for __aeabi_cdrcmple
    timer.o(.text) refers to rs485.o(.text) for U485_data
    timer.o(.text) refers to can.o(.text) for CAN_data
    timer.o(.text) refers to ioin.o(.text) for keyscan
    timer.o(.text) refers to ecatslv.o(.data) for u8EcatRunLed
    timer.o(.text) refers to timer.o(.data) for LED_slow_count
    timer.o(.text) refers to main.o(.data) for sampling_flag
    timer.o(.text) refers to menu.o(.data) for test_i_value
    timer.o(.text) refers to main.o(.bss) for power_manage
    timer.o(.text) refers to testmode.o(.text) for rs485_tm_senddata
    timer.o(.text) refers to incappl.o(.text) for INC_GetIncZLatch
    timer.o(.text) refers to ecatappl.o(.text) for ECAT_CheckTimer
    hw_readwrite.o(.text) refers to sys.o(.emb_text) for INTX_DISABLE
    hw_readwrite.o(.text) refers to stm32f4xx_gpio.o(.text) for GPIO_ResetBits
    hw_readwrite.o(.text) refers to delay.o(.text) for delay_us
    hw_readwrite.o(.text) refers to ad_da_spi.o(.text) for SPI3_ReadWriteByte
    hw_readwrite.o(.text) refers to hw_readwrite.o(.data) for EscALEvent
    hw_readwrite.o(.text) refers to hw_readwrite.o(.bss) for AD8028
    hw_readwrite.o(.text) refers to rs485.o(.data) for RS485_tx_CON
    hw_readwrite.o(.text) refers to rs485.o(.bss) for RS485_TX
    hw_readwrite.o(.text) refers to dflt_clz.o(x$fpl$dflt) for __aeabi_i2d
    hw_readwrite.o(.text) refers to ddiv.o(x$fpl$ddiv) for __aeabi_ddiv
    hw_readwrite.o(.text) refers to dfixu.o(x$fpl$dfixu) for __aeabi_d2uiz
    hw_readwrite.o(.text) refers to misc.o(.text) for NVIC_PriorityGroupConfig
    hw_readwrite.o(.text) refers to do_led.o(.text) for LED_Init
    hw_readwrite.o(.text) refers to di_key.o(.text) for DI_Init
    hw_readwrite.o(.text) refers to gpio.o(.text) for gpio_init
    hw_readwrite.o(.text) refers to boot_initial.o(.text) for Reload_State_All_Value
    hw_readwrite.o(.text) refers to usart.o(.text) for usart1_init
    hw_readwrite.o(.text) refers to ads1115a.o(.text) for ads1115a_Init
    hw_readwrite.o(.text) refers to ads1115b.o(.text) for ads1115b_Init
    hw_readwrite.o(.text) refers to ads1115c.o(.text) for ads1115c_Init
[...]
    OS_MemClr                                0x0801d9b7   Thumb Code    18  os_core.o(.text)
    OSInit                                   0x0801dadd   Thumb Code    52  os_core.o(.text)
    OSIntEnter                               0x0801db11   Thumb Code    28  os_core.o(.text)
    OSIntExit                                0x0801db47   Thumb Code   262  os_core.o(.text)
    OSSchedLock                              0x0801dc4d   Thumb Code    50  os_core.o(.text)
    OS_Sched                                 0x0801dc7f   Thumb Code    88  os_core.o(.text)
    OSSchedUnlock                            0x0801dcd7   Thumb Code    82  os_core.o(.text)
    OSStart                                  0x0801dd29   Thumb Code    48  os_core.o(.text)
    OSStatInit                               0x0801dd59   Thumb Code    62  os_core.o(.text)
    OSTimeTick                               0x0801dd97   Thumb Code   210  os_core.o(.text)
    OSVersion                                0x0801de69   Thumb Code     6  os_core.o(.text)
    OS_Dummy                                 0x0801de6f   Thumb Code     2  os_core.o(.text)
    OS_EventTaskRemove                       0x0801de71   Thumb Code    42  os_core.o(.text)
    OS_EventTaskRdy                          0x0801de9b   Thumb Code   114  os_core.o(.text)
    OS_EventTaskWait                         0x0801df0d   Thumb Code   112  os_core.o(.text)
    OS_EventWaitListInit                     0x0801df7d   Thumb Code    28  os_core.o(.text)
    OS_MemCopy                               0x0801df99   Thumb Code    20  os_core.o(.text)
    OS_TCBInit                               0x0801dfad   Thumb Code   360  os_core.o(.text)
    OSFlagAccept                             0x0801e129   Thumb Code   252  os_flag.o(.text)
    OSFlagCreate                             0x0801e225   Thumb Code    86  os_flag.o(.text)
    OS_FlagUnlink                            0x0801e27b   Thumb Code    36  os_flag.o(.text)
    OSFlagDel                                0x0801e2f1   Thumb Code   214  os_flag.o(.text)
    OSFlagNameGet                            0x0801e3c7   Thumb Code    80  os_flag.o(.text)
    OSFlagNameSet                            0x0801e417   Thumb Code    66  os_flag.o(.text)
    OSFlagPend                               0x0801e4f1   Thumb Code   614  os_flag.o(.text)
    OSFlagPendGetFlagsRdy                    0x0801e757   Thumb Code    26  os_flag.o(.text)
    OSFlagPost                               0x0801e771   Thumb Code   312  os_flag.o(.text)
    OSFlagQuery                              0x0801e8a9   Thumb Code    48  os_flag.o(.text)
    OS_FlagInit                              0x0801e8d9   Thumb Code    78  os_flag.o(.text)
    OSMemCreate                              0x0801e935   Thumb Code   118  os_mem.o(.text)
    OSMemGet                                 0x0801e9ab   Thumb Code    62  os_mem.o(.text)
    OSMemNameGet                             0x0801e9e9   Thumb Code    60  os_mem.o(.text)
    OSMemNameSet                             0x0801ea25   Thumb Code    48  os_mem.o(.text)
    OSMemPut                                 0x0801ea55   Thumb Code    54  os_mem.o(.text)
    OSMemQuery                               0x0801ea8b   Thumb Code    52  os_mem.o(.text)
    OS_MemInit                               0x0801eabf   Thumb Code    74  os_mem.o(.text)
    OSQAccept                                0x0801eb19   Thumb Code    88  os_q.o(.text)
    OSQCreate                                0x0801eb71   Thumb Code   144  os_q.o(.text)
    OSQDel                                   0x0801ec01   Thumb Code   244  os_q.o(.text)
    OSQFlush                                 0x0801ecf5   Thumb Code    36  os_q.o(.text)
    OSQPend                                  0x0801ed19   Thumb Code   272  os_q.o(.text)
    OSQPendAbort                             0x0801ee29   Thumb Code   128  os_q.o(.text)
    OSQPost                                  0x0801eea9   Thumb Code   114  os_q.o(.text)
    OSQPostFront                             0x0801ef1b   Thumb Code   140  os_q.o(.text)
    OSQPostOpt                               0x0801efa7   Thumb Code   182  os_q.o(.text)
    OSQQuery                                 0x0801f05d   Thumb Code    98  os_q.o(.text)
    OS_QInit                                 0x0801f0bf   Thumb Code    72  os_q.o(.text)
    OSSemAccept                              0x0801f111   Thumb Code    42  os_sem.o(.text)
    OSSemCreate                              0x0801f13b   Thumb Code    72  os_sem.o(.text)
    OSSemDel                                 0x0801f183   Thumb Code   210  os_sem.o(.text)
    OSSemPend                                0x0801f255   Thumb Code   222  os_sem.o(.text)
    OSSemPendAbort                           0x0801f333   Thumb Code   128  os_sem.o(.text)
    OSSemPost                                0x0801f3b3   Thumb Code    88  os_sem.o(.text)
    OSSemQuery                               0x0801f40b   Thumb Code    76  os_sem.o(.text)
    OSSemSet                                 0x0801f457   Thumb Code    66  os_sem.o(.text)
    OSTaskChangePrio                         0x0801f4ad   Thumb Code   308  os_task.o(.text)
    OSTaskCreate                             0x0801f5e1   Thumb Code   148  os_task.o(.text)
    OS_TaskStkClr                            0x0801f675   Thumb Code    26  os_task.o(.text)
    OSTaskCreateExt                          0x0801f68f   Thumb Code   170  os_task.o(.text)
    OSTaskDel                                0x0801f739   Thumb Code   294  os_task.o(.text)
    OSTaskDelReq                             0x0801f85f   Thumb Code   144  os_task.o(.text)
    OSTaskNameGet                            0x0801f8ef   Thumb Code   114  os_task.o(.text)
    OSTaskNameSet                            0x0801f961   Thumb Code    98  os_task.o(.text)
    OSTaskResume                             0x0801f9c3   Thumb Code   154  os_task.o(.text)
    OSTaskStkChk                             0x0801fa5d   Thumb Code   132  os_task.o(.text)
    OSTaskSuspend                            0x0801fae1   Thumb Code   152  os_task.o(.text)
    OSTaskQuery                              0x0801fb79   Thumb Code    82  os_task.o(.text)
    OSTaskRegGet                             0x0801fbcb   Thumb Code    60  os_task.o(.text)
    OSTaskRegSet                             0x0801fc07   Thumb Code    62  os_task.o(.text)
    OS_TaskReturn                            0x0801fc45   Thumb Code    18  os_task.o(.text)
    OSTimeDly                                0x0801fc71   Thumb Code   100  os_time.o(.text)
    OSTimeDlyHMSM                            0x0801fcd5   Thumb Code    86  os_time.o(.text)
    OSTimeDlyResume                          0x0801fd2b   Thumb Code   168  os_time.o(.text)
    OSTimeGet                                0x0801fdd3   Thumb Code    24  os_time.o(.text)
    OSTimeSet                                0x0801fdeb   Thumb Code    24  os_time.o(.text)
    OSTmrCreate                              0x0801fe53   Thumb Code    96  os_tmr.o(.text)
    OSTmrDel                                 0x0801ff2b   Thumb Code   124  os_tmr.o(.text)
    OSTmrNameGet                             0x0801ffa7   Thumb Code   114  os_tmr.o(.text)
    OSTmrRemainGet                           0x08020019   Thumb Code   164  os_tmr.o(.text)
    OSTmrStateGet                            0x080200bd   Thumb Code    86  os_tmr.o(.text)
    OSTmrStart                               0x08020177   Thumb Code   128  os_tmr.o(.text)
    OSTmrStop                                0x080201f7   Thumb Code   210  os_tmr.o(.text)
    OSTmrSignal                              0x080202c9   Thumb Code    16  os_tmr.o(.text)
    OSTmr_Init                               0x0802037d   Thumb Code   172  os_tmr.o(.text)
    OSInitHookBegin                          0x08020491   Thumb Code     8  os_cpu_c.o(.text)
    OSInitHookEnd                            0x08020499   Thumb Code     2  os_cpu_c.o(.text)
    OSTaskCreateHook                         0x0802049b   Thumb Code     2  os_cpu_c.o(.text)
    OSTaskDelHook                            0x0802049d   Thumb Code     2  os_cpu_c.o(.text)
    OSTaskIdleHook                           0x0802049f   Thumb Code     2  os_cpu_c.o(.text)
    OSTaskStatHook                           0x080204a1   Thumb Code     2  os_cpu_c.o(.text)
    OSTaskStkInit                            0x080204a3   Thumb Code   426  os_cpu_c.o(.text)
    OSTaskSwHook                             0x0802064d   Thumb Code     2  os_cpu_c.o(.text)
    OSTCBInitHook                            0x0802064f   Thumb Code     2  os_cpu_c.o(.text)
    OSTimeTickHook                           0x08020651   Thumb Code    30  os_cpu_c.o(.text)
    OSTaskReturnHook                         0x0802066f   Thumb Code     2  os_cpu_c.o(.text)
    OS_CPU_SR_Save                           0x08020679   Thumb Code     0  os_cpu_a.o(.text)
    OS_CPU_SR_Restore                        0x08020681   Thumb Code     0  os_cpu_a.o(.text)
    OSStartHighRdy                           0x08020687   Thumb Code     0  os_cpu_a.o(.text)
    OSCtxSw                                  0x080206ab   Thumb Code     0  os_cpu_a.o(.text)
    OSIntCtxSw                               0x080206b9   Thumb Code     0  os_cpu_a.o(.text)
    PendSV_Handler                           0x080206c9   Thumb Code     0  os_cpu_a.o(.text)
    malloc                                   0x08020741   Thumb Code    94  h1_alloc.o(.text)
    free                                     0x0802079f   Thumb Code    78  h1_free.o(.text)
    __aeabi_ldivmod                          0x080207ed   Thumb Code     0  llsdiv.o(.text)
    _ll_sdiv                                 0x080207ed   Thumb Code    72  llsdiv.o(.text)
    memcmp                                   0x08020835   Thumb Code    88  memcmp.o(.text)
    strlen                                   0x0802088d   Thumb Code    62  strlen.o(.text)
    __aeabi_memcpy                           0x080208cb   Thumb Code     0  rt_memcpy_v6.o(.text)
    __rt_memcpy                              0x080208cb   Thumb Code   138  rt_memcpy_v6.o(.text)
    _memcpy_lastbytes                        0x08020931   Thumb Code     0  rt_memcpy_v6.o(.text)
    __aeabi_memcpy4                          0x08020955   Thumb Code     0  rt_memcpy_w.o(.text)
    __aeabi_memcpy8                          0x08020955   Thumb Code     0  rt_memcpy_w.o(.text)
    __rt_memcpy_w                            0x08020955   Thumb Code   100  rt_memcpy_w.o(.text)
    _memcpy_lastbytes_aligned                0x0802099d   Thumb Code     0  rt_memcpy_w.o(.text)
    __aeabi_memset                           0x080209b9   Thumb Code    16  aeabi_memset.o(.text)
    __aeabi_memclr                           0x080209c9   Thumb Code     0  rt_memclr.o(.text)
    __rt_memclr                              0x080209c9   Thumb Code    68  rt_memclr.o(.text)
    _memset                                  0x080209cd   Thumb Code     0  rt_memclr.o(.text)
    __aeabi_memclr4                          0x08020a0d   Thumb Code     0  rt_memclr_w.o(.text)
    __aeabi_memclr8                          0x08020a0d   Thumb Code     0  rt_memclr_w.o(.text)
    __rt_memclr_w                            0x08020a0d   Thumb Code    78  rt_memclr_w.o(.text)
    _memset_w                                0x08020a11   Thumb Code     0  rt_memclr_w.o(.text)
    __use_two_region_memory                  0x08020a5b   Thumb Code     2  heapauxi.o(.text)
    __rt_heap_escrow                         0x08020a5d   Thumb Code     2  heapauxi.o(.text)
    __rt_heap_expand                         0x08020a5f   Thumb Code     2  heapauxi.o(.text)
    __rt_heap_descriptor                     0x08020a61   Thumb Code     8  rt_heap_descriptor_intlibspace.o(.text)
    __use_no_heap                            0x08020a69   Thumb Code     2  hguard.o(.text)
    __heap$guard                             0x08020a6b   Thumb Code     2  hguard.o(.text)
    _terminate_user_alloc                    0x08020a6d   Thumb Code     2  init_alloc.o(.text)
    _init_user_alloc                         0x08020a6f   Thumb Code     2  init_alloc.o(.text)
    __Heap_Full                              0x08020a71   Thumb Code    34  init_alloc.o(.text)
    __Heap_Broken                            0x08020a93   Thumb Code     6  init_alloc.o(.text)
    _init_alloc                              0x08020a99   Thumb Code    94  init_alloc.o(.text)
    __Heap_Initialize                        0x08020af7   Thumb Code    10  h1_init.o(.text)
    __Heap_DescSize                          0x08020b01   Thumb Code     4  h1_init.o(.text)
    __aeabi_uldivmod                         0x08020b05   Thumb Code     0  lludivv7m.o(.text)
    _ll_udiv                                 0x08020b05   Thumb Code   238  lludivv7m.o(.text)
    __user_libspace                          0x08020bf5   Thumb Code     8  libspace.o(.text)
    __user_perproc_libspace                  0x08020bf5   Thumb Code     0  libspace.o(.text)
    __user_perthread_libspace                0x08020bf5   Thumb Code     0  libspace.o(.text)
    __Heap_ProvideMemory                     0x08020bfd   Thumb Code    52  h1_extend.o(.text)
    __rt_SIGRTMEM                            0x08020c31   Thumb Code    14  defsig_rtmem_outer.o(.text)
    __I$use$semihosting                      0x08020c3f   Thumb Code     0  use_no_semi.o(.text)
    __use_no_semihosting_swi                 0x08020c3f   Thumb Code     2  use_no_semi.o(.text)
    __semihosting_library_function           0x08020c41   Thumb Code     0  indicate_semi.o(.text)
    __user_setup_stackheap                   0x08020c41   Thumb Code    74  sys_stackheap_outer.o(.text)
    exit                                     0x08020c8b   Thumb Code    18  exit.o(.text)
    __sig_exit                               0x08020c9d   Thumb Code    10  defsig_exit.o(.text)
    __rt_SIGRTMEM_inner                      0x08020ca9   Thumb Code    22  defsig_rtmem_inner.o(.text)
    _sys_exit                                0x08020cf9   Thumb Code     8  sys_exit.o(.text)
    __default_signal_display                 0x08020d05   Thumb Code    50  defsig_general.o(.text)
    _ttywrch                                 0x08020d37   Thumb Code    14  sys_wrch.o(.text)
    STMFLASH_ReadWord                        0x08020d45   Thumb Code     6  stmflash.o(RAMCODE)
    STMFLASH_GetFlashSector                  0x08020d4b   Thumb Code   116  stmflash.o(RAMCODE)
    STMFLASH_Write                           0x08020dbf   Thumb Code   164  stmflash.o(RAMCODE)
    STMFLASH_Read                            0x08020e63   Thumb Code    32  stmflash.o(RAMCODE)
    Flash_Write                              0x08020eb5   Thumb Code    58  foe_application.o(RAMCODE)
    Flash_UpdateStart                        0x08020eef   Thumb Code    30  foe_application.o(RAMCODE)
    FLASH_SetLatency                         0x08020f19   Thumb Code     6  stm32f4xx_flash.o(RAMCODE)
    FLASH_PrefetchBufferCmd                  0x08020f1f   Thumb Code    30  stm32f4xx_flash.o(RAMCODE)
    FLASH_InstructionCacheCmd                0x08020f3d   Thumb Code    30  stm32f4xx_flash.o(RAMCODE)
    FLASH_DataCacheCmd                       0x08020f5b   Thumb Code    30  stm32f4xx_flash.o(RAMCODE)
    FLASH_InstructionCacheReset              0x08020f79   Thumb Code    14  stm32f4xx_flash.o(RAMCODE)
    FLASH_DataCacheReset                     0x08020f87   Thumb Code    14  stm32f4xx_flash.o(RAMCODE)
    FLASH_Unlock                             0x08020f95   Thumb Code    26  stm32f4xx_flash.o(RAMCODE)
    FLASH_Lock                               0x08020faf   Thumb Code    18  stm32f4xx_flash.o(RAMCODE)
    FLASH_GetStatus                          0x08020fc1   Thumb Code    90  stm32f4xx_flash.o(RAMCODE)
    FLASH_WaitForLastOperation               0x0802101b   Thumb Code    34  stm32f4xx_flash.o(RAMCODE)
    FLASH_EraseSector                        0x0802103d   Thumb Code   140  stm32f4xx_flash.o(RAMCODE)
    FLASH_EraseAllSectors                    0x080210c9   Thumb Code   112  stm32f4xx_flash.o(RAMCODE)
    FLASH_EraseAllBank1Sectors               0x08021139   Thumb Code   112  stm32f4xx_flash.o(RAMCODE)
    FLASH_EraseAllBank2Sectors               0x080211a9   Thumb Code   112  stm32f4xx_flash.o(RAMCODE)
    FLASH_ProgramDoubleWord                  0x08021219   Thumb Code    86  stm32f4xx_flash.o(RAMCODE)
    FLASH_ProgramWord                        0x0802126f   Thumb Code    82  stm32f4xx_flash.o(RAMCODE)
    FLASH_ProgramHalfWord                    0x080212c1   Thumb Code    96  stm32f4xx_flash.o(RAMCODE)
    FLASH_ProgramByte                        0x08021321   Thumb Code    70  stm32f4xx_flash.o(RAMCODE)
    FLASH_OB_Unlock                          0x08021367   Thumb Code    26  stm32f4xx_flash.o(RAMCODE)
    FLASH_OB_Lock                            0x08021381   Thumb Code    18  stm32f4xx_flash.o(RAMCODE)
    FLASH_OB_WRPConfig                       0x08021393   Thumb Code    54  stm32f4xx_flash.o(RAMCODE)
    FLASH_OB_WRP1Config                      0x080213c9   Thumb Code    54  stm32f4xx_flash.o(RAMCODE)
    FLASH_OB_PCROPSelectionConfig            0x080213ff   Thumb Code    24  stm32f4xx_flash.o(RAMCODE)
    FLASH_OB_PCROPConfig                     0x08021417   Thumb Code    54  stm32f4xx_flash.o(RAMCODE)
    FLASH_OB_PCROP1Config                    0x0802144d   Thumb Code    54  stm32f4xx_flash.o(RAMCODE)
    FLASH_OB_RDPConfig                       0x08021483   Thumb Code    24  stm32f4xx_flash.o(RAMCODE)
    FLASH_OB_UserConfig                      0x0802149b   Thumb Code    46  stm32f4xx_flash.o(RAMCODE)
    FLASH_OB_BootConfig                      0x080214c9   Thumb Code    26  stm32f4xx_flash.o(RAMCODE)
    FLASH_OB_BORConfig                       0x080214e3   Thumb Code    26  stm32f4xx_flash.o(RAMCODE)
    FLASH_OB_Launch                          0x080214fd   Thumb Code    30  stm32f4xx_flash.o(RAMCODE)
    FLASH_OB_GetUser                         0x0802151b   Thumb Code    12  stm32f4xx_flash.o(RAMCODE)
    FLASH_OB_GetWRP                          0x08021527   Thumb Code     8  stm32f4xx_flash.o(RAMCODE)
    FLASH_OB_GetWRP1                         0x0802152f   Thumb Code     8  stm32f4xx_flash.o(RAMCODE)
    FLASH_OB_GetPCROP                        0x08021537   Thumb Code     8  stm32f4xx_flash.o(RAMCODE)
    FLASH_OB_GetPCROP1                       0x0802153f   Thumb Code     8  stm32f4xx_flash.o(RAMCODE)
    FLASH_OB_GetRDP                          0x08021547   Thumb Code    20  stm32f4xx_flash.o(RAMCODE)
    FLASH_OB_GetBOR                          0x0802155b   Thumb Code    12  stm32f4xx_flash.o(RAMCODE)
    FLASH_ITConfig                           0x08021567   Thumb Code    26  stm32f4xx_flash.o(RAMCODE)
    FLASH_GetFlagStatus                      0x08021581   Thumb Code    22  stm32f4xx_flash.o(RAMCODE)
    FLASH_ClearFlag                          0x08021597   Thumb Code     8  stm32f4xx_flash.o(RAMCODE)
    __aeabi_d2f                              0x080215ad   Thumb Code     0  d2f.o(x$fpl$d2f)
    _d2f                                     0x080215ad   Thumb Code    98  d2f.o(x$fpl$d2f)
    __aeabi_dadd                             0x08021611   Thumb Code     0  daddsub_clz.o(x$fpl$dadd)
    _dadd                                    0x08021611   Thumb Code   332  daddsub_clz.o(x$fpl$dadd)
    __fpl_dcmp_Inf                           0x08021761   Thumb Code    24  dcmpi.o(x$fpl$dcmpinf)
    __aeabi_ddiv                             0x08021779   Thumb Code     0  ddiv.o(x$fpl$ddiv)
    _ddiv                                    0x08021779   Thumb Code   552  ddiv.o(x$fpl$ddiv)
    __aeabi_d2iz                             0x08021a29   Thumb Code     0  dfix.o(x$fpl$dfix)
    _dfix                                    0x08021a29   Thumb Code    94  dfix.o(x$fpl$dfix)
    __aeabi_d2uiz                            0x08021a89   Thumb Code     0  dfixu.o(x$fpl$dfixu)
    _dfixu                                   0x08021a89   Thumb Code    90  dfixu.o(x$fpl$dfixu)
    __aeabi_i2d                              0x08021ae3   Thumb Code     0  dflt_clz.o(x$fpl$dflt)
    _dflt                                    0x08021ae3   Thumb Code    46  dflt_clz.o(x$fpl$dflt)
    __aeabi_ui2d                             0x08021b11   Thumb Code     0  dflt_clz.o(x$fpl$dfltu)
    _dfltu                                   0x08021b11   Thumb Code    38  dflt_clz.o(x$fpl$dfltu)
    __aeabi_cdcmple                          0x08021b39   Thumb Code     0  dleqf.o(x$fpl$dleqf)
    _dcmple                                  0x08021b39   Thumb Code   120  dleqf.o(x$fpl$dleqf)
    __fpl_dcmple_InfNaN                      0x08021b9b   Thumb Code     0  dleqf.o(x$fpl$dleqf)
    __aeabi_dmul                             0x08021bb1   Thumb Code     0  dmul.o(x$fpl$dmul)
    _dmul                                    0x08021bb1   Thumb Code   332  dmul.o(x$fpl$dmul)
    __fpl_dnaninf                            0x08021d05   Thumb Code   156  dnaninf.o(x$fpl$dnaninf)
    __fpl_dretinf                            0x08021da1   Thumb Code    12  dretinf.o(x$fpl$dretinf)
    __aeabi_cdrcmple                         0x08021dad   Thumb Code     0  drleqf.o(x$fpl$drleqf)
    _drcmple                                 0x08021dad   Thumb Code   108  drleqf.o(x$fpl$drleqf)
    __aeabi_dsub                             0x08021e19   Thumb Code     0  daddsub_clz.o(x$fpl$dsub)
    _dsub                                    0x08021e19   Thumb Code   464  daddsub_clz.o(x$fpl$dsub)
    __aeabi_f2d                              0x08021fed   Thumb Code     0  f2d.o(x$fpl$f2d)
    _f2d                                     0x08021fed   Thumb Code    86  f2d.o(x$fpl$f2d)
    __fpl_fnaninf                            0x08022043   Thumb Code   140  fnaninf.o(x$fpl$fnaninf)
    _fp_init                                 0x080220cf   Thumb Code    10  fpinit.o(x$fpl$fpinit)
    __fplib_config_fpu_vfp                   0x080220d7   Thumb Code     0  fpinit.o(x$fpl$fpinit)
    __fplib_config_pureend_doubles           0x080220d7   Thumb Code     0  fpinit.o(x$fpl$fpinit)
    __fpl_fretinf                            0x080220d9   Thumb Code    10  fretinf.o(x$fpl$fretinf)
    __I$use$fp                               0x080220e2   Number         0  usenofp.o(x$fpl$usenofp)
    BPS_Table                                0x080220e4   Data          28  main.o(.constdata)
    EEROM_Config_Add_Table                   0x08022100   Data         192  main.o(.constdata)
    asEntryDesc0x1600                        0x080221c0   Data         696  coeappl.o(.constdata)
    aName0x1600                              0x08022478   Data        1530  coeappl.o(.constdata)
    asEntryDesc0x1A00                        0x08022a72   Data         732  coeappl.o(.constdata)
    aName0x1A00                              0x08022d4e   Data        1607  coeappl.o(.constdata)
    asEntryDesc0x1C12                        0x08023396   Data          12  coeappl.o(.constdata)
    aName0x1C12                              0x080233a2   Data          27  coeappl.o(.constdata)
    asEntryDesc0x1C13                        0x080233be   Data          12  coeappl.o(.constdata)
    aName0x1C13                              0x080233ca   Data          27  coeappl.o(.constdata)
    sEntryDesc0x2000                         0x080233e6   Data           6  coeappl.o(.constdata)
    aName0x2000                              0x080233ec   Data          19  coeappl.o(.constdata)
    sEntryDesc0x2001                         0x08023400   Data           6  coeappl.o(.constdata)
    aName0x2001                              0x08023406   Data          16  coeappl.o(.constdata)
    asEntryDesc0x6000                        0x08023416   Data         732  coeappl.o(.constdata)
    aName0x6000                              0x080236f2   Data        3040  coeappl.o(.constdata)
    asEntryDesc0x7000                        0x080242d2   Data         696  coeappl.o(.constdata)
    aName0x7000                              0x0802458a   Data        3076  coeappl.o(.constdata)
    sEntryDesc0x8000                         0x0802518e   Data           6  coeappl.o(.constdata)
    aName0x8000                              0x08025194   Data          17  coeappl.o(.constdata)
    sEntryDesc0x8001                         0x080251a6   Data           6  coeappl.o(.constdata)
    aName0x8001                              0x080251ac   Data          15  coeappl.o(.constdata)
    sEntryDesc0x8002                         0x080251bc   Data           6  coeappl.o(.constdata)
    aName0x8002                              0x080251c2   Data          17  coeappl.o(.constdata)
    sEntryDesc0x8003                         0x080251d4   Data           6  coeappl.o(.constdata)
    aName0x8003                              0x080251da   Data          18  coeappl.o(.constdata)
    sEntryDesc0x8004                         0x080251ec   Data           6  coeappl.o(.constdata)
    aName0x8004                              0x080251f2   Data          19  coeappl.o(.constdata)
    sEntryDesc0x8005                         0x08025206   Data           6  coeappl.o(.constdata)
    aName0x8005                              0x0802520c   Data          19  coeappl.o(.constdata)
    sEntryDesc0x8006                         0x08025220   Data           6  coeappl.o(.constdata)
    aName0x8006                              0x08025226   Data          31  coeappl.o(.constdata)
    sEntryDesc0x8007                         0x08025246   Data           6  coeappl.o(.constdata)
    aName0x8007                              0x0802524c   Data          31  coeappl.o(.constdata)
    sEntryDesc0x8008                         0x0802526c   Data           6  coeappl.o(.constdata)
    aName0x8008                              0x08025272   Data          32  coeappl.o(.constdata)
    sEntryDesc0x8009                         0x08025292   Data           6  coeappl.o(.constdata)
    aName0x8009                              0x08025298   Data          32  coeappl.o(.constdata)
    sEntryDesc0x800A                         0x080252b8   Data           6  coeappl.o(.constdata)
    aName0x800A                              0x080252be   Data          19  coeappl.o(.constdata)
    sEntryDesc0x800B                         0x080252d2   Data           6  coeappl.o(.constdata)
    aName0x800B                              0x080252d8   Data          20  coeappl.o(.constdata)
    sEntryDesc0x800C                         0x080252ec   Data           6  coeappl.o(.constdata)
    aName0x800C                              0x080252f2   Data          19  coeappl.o(.constdata)
    sEntryDesc0x800D                         0x08025306   Data           6  coeappl.o(.constdata)
    aName0x800D                              0x0802530c   Data          19  coeappl.o(.constdata)
    sEntryDesc0x800E                         0x08025320   Data           6  coeappl.o(.constdata)
    aName0x800E                              0x08025326   Data          20  coeappl.o(.constdata)
    sEntryDesc0x800F                         0x0802533a   Data           6  coeappl.o(.constdata)
    aName0x800F                              0x08025340   Data          19  coeappl.o(.constdata)
    sEntryDesc0x8010                         0x08025354   Data           6  coeappl.o(.constdata)
    aName0x8010                              0x0802535a   Data          19  coeappl.o(.constdata)
    sEntryDesc0x8011                         0x0802536e   Data           6  coeappl.o(.constdata)
    aName0x8011                              0x08025374   Data          16  coeappl.o(.constdata)
    sEntryDesc0x8012                         0x08025384   Data           6  coeappl.o(.constdata)
    aName0x8012                              0x0802538a   Data          26  coeappl.o(.constdata)
    sEntryDesc0x8013                         0x080253a4   Data           6  coeappl.o(.constdata)
    aName0x8013                              0x080253aa   Data          13  coeappl.o(.constdata)
    sEntryDesc0x8014                         0x080253b8   Data           6  coeappl.o(.constdata)
    aName0x8014                              0x080253be   Data          20  coeappl.o(.constdata)
    sEntryDesc0x8015                         0x080253d2   Data           6  coeappl.o(.constdata)
    aName0x8015                              0x080253d8   Data          12  coeappl.o(.constdata)
    sEntryDesc0x1000                         0x080253e4   Data           6  coeappl.o(.constdata)
    aName0x1000                              0x080253ea   Data          12  coeappl.o(.constdata)
    sEntryDesc0x1001                         0x080253f6   Data           6  coeappl.o(.constdata)
    aName0x1001                              0x080253fc   Data          15  coeappl.o(.constdata)
    sEntryDesc0x1008                         0x0802540c   Data           6  coeappl.o(.constdata)
    aName0x1008                              0x08025412   Data          12  coeappl.o(.constdata)
    sEntryDesc0x1009                         0x0802541e   Data           6  coeappl.o(.constdata)
    aName0x1009                              0x08025424   Data          17  coeappl.o(.constdata)
    sEntryDesc0x100A                         0x08025436   Data           6  coeappl.o(.constdata)
    aName0x100A                              0x0802543c   Data          17  coeappl.o(.constdata)
    asEntryDesc0x1018                        0x0802544e   Data          30  coeappl.o(.constdata)
    aName0x1018                              0x0802546c   Data          57  coeappl.o(.constdata)
    asEntryDesc0x10F1                        0x080254a6   Data          18  coeappl.o(.constdata)
    aName0x10F1                              0x080254b8   Data          63  coeappl.o(.constdata)
    asEntryDesc0x1C00                        0x080254f8   Data          12  coeappl.o(.constdata)
    aName0x1C00                              0x08025504   Data          18  coeappl.o(.constdata)
    asEntryDesc0x1C3x                        0x08025516   Data         198  coeappl.o(.constdata)
    aName0x1C32                              0x080255dc   Data         256  coeappl.o(.constdata)
    aName0x1C33                              0x080256dc   Data         255  coeappl.o(.constdata)
    cBitMask                                 0x080257dc   Data          32  objdef.o(.constdata)
    cAbortCode                               0x080257fc   Data         120  sdoserv.o(.constdata)
    can1_filter_list_id                      0x08025874   Data           4  can.o(.constdata)
    can2_filter_list_id                      0x08025878   Data           4  can.o(.constdata)
    aFirmwareDownloadHeader                  0x0802587c   Data           8  foeappl.o(.constdata)
    acEmcyCoeHeader                          0x08025884   Data           8  emcy.o(.constdata)
    soi                                      0x0802588c   Data           4  recieve_send_command_done.o(.constdata)
    eoi                                      0x08025890   Data           4  recieve_send_command_done.o(.constdata)
    OSUnMapTbl                               0x08025894   Data         256  os_core.o(.constdata)
    Region$$Table$$Base                      0x08025994   Number         0  anon$$obj.o(Region$$Table)
    Region$$Table$$Limit                     0x080259b4   Number         0  anon$$obj.o(Region$$Table)
    Rxd1_Da_Num                              0x20000000   Data           2  main.o(.data)
    Rx1Status                                0x20000002   Data           1  main.o(.data)
    Rx1appStatus                             0x20000003   Data           1  main.o(.data)
    time_2s_flag                             0x20000004   Data           1  main.o(.data)
    upload_flag                              0x20000005   Data           1  main.o(.data)
    ad_fast_flag                             0x20000006   Data           1  main.o(.data)
    ad_slow_flag                             0x20000007   Data           1  main.o(.data)
    led_blink_flag                           0x20000008   Data           1  main.o(.data)
    adcok_flag                               0x20000009   Data           1  main.o(.data)
    time_ds18b_flag                          0x2000000a   Data           1  main.o(.data)
    Alarm_Appear_Flag                        0x2000000b   Data           1  main.o(.data)
    send_code3_flag                          0x2000000c   Data           1  main.o(.data)
    receive_code3_flag                       0x2000000d   Data           1  main.o(.data)
    receive_code4_flag                       0x2000000e   Data           1  main.o(.data)
    code3_delay_st                           0x2000000f   Data           1  main.o(.data)
    poweroff_st                              0x20000010   Data           1  main.o(.data)
    delay_count                              0x20000012   Data           2  main.o(.data)
    oc_st_count                              0x20000014   Data           2  main.o(.data)
    last_workmode                            0x20000016   Data           1  main.o(.data)
    code3_times                              0x20000017   Data           1  main.o(.data)
    OUT_GENERICProcessDataMapping0x1600      0x20000218   Data         464  main.o(.data)
    IN_GENERICProcessDataMapping0x1A00       0x200003e8   Data         488  main.o(.data)
    sRxPDOassign                             0x200005d0   Data           4  main.o(.data)
    sTxPDOassign                             0x200005d4   Data           4  main.o(.data)
    Software_Version0x2000                   0x200005d8   Data           2  main.o(.data)
    Hardware_type0x2001                      0x200005da   Data           2  main.o(.data)
    IN_GENERIC0x6000                         0x200005dc   Data         116  main.o(.data)
    OUT_GENERIC0x7000                        0x20000650   Data         100  main.o(.data)
    RS485_Baudrate0x8000                     0x200006b4   Data           4  main.o(.data)
    CAN_Baudrate0x8001                       0x200006b8   Data           4  main.o(.data)
    RS232_Baudrate0x8002                     0x200006bc   Data           4  main.o(.data)
    MotEncPerRotate0x8003                    0x200006c0   Data           2  main.o(.data)
    Software_Version0x8004                   0x200006c2   Data           2  main.o(.data)
    Hardware_Version0x8005                   0x200006c4   Data           2  main.o(.data)
    Analog_Input_Switch_Channel10x8006       0x200006c6   Data           2  main.o(.data)
    Analog_Input_Switch_Channel20x8007       0x200006c8   Data           2  main.o(.data)
    Analog_Output_Switch_Channel10x8008      0x200006ca   Data           2  main.o(.data)
    Analog_Output_Switch_Channel20x8009      0x200006cc   Data           2  main.o(.data)
    Over_Voltage_48V0x800A                   0x200006ce   Data           2  main.o(.data)
    Under_Voltage_48V0x800B                  0x200006d0   Data           2  main.o(.data)
    Over_Current_48V0x800C                   0x200006d2   Data           2  main.o(.data)
    Over_Voltage_24V0x800D                   0x200006d4   Data           2  main.o(.data)
    Under_Voltage_24V0x800E                  0x200006d6   Data           2  main.o(.data)
    Over_Current_24V0x800F                   0x200006d8   Data           2  main.o(.data)
    Over_Temperature0x8010                   0x200006da   Data           2  main.o(.data)
    Res_Over_heat0x8011                      0x200006dc   Data           2  main.o(.data)
    Consecutive_Failure_CNT0x8012            0x200006de   Data           2  main.o(.data)
    Error_Code0x8013                         0x200006e0   Data           2  main.o(.data)
    Board_Temperature0x8014                  0x200006e2   Data           2  main.o(.data)
    Test_Mode0x8015                          0x200006e4   Data           2  main.o(.data)
    i                                        0x200006e6   Data           1  main.o(.data)
    code                                     0x200006e7   Data           1  main.o(.data)
    test_off_flag                            0x200006e8   Data           2  main.o(.data)
    safe_48v_switch_flag                     0x200006ea   Data           1  main.o(.data)
    sampling_flag                            0x200006eb   Data           1  main.o(.data)
    SystemCoreClock                          0x200006f0   Data           4  system_stm32f4xx.o(.data)
    AHBPrescTable                            0x200006f4   Data          16  system_stm32f4xx.o(.data)
    bReceiveMbxIsLocked                      0x20000704   Data           1  mailbox.o(.data)
    bSendMbxIsFull                           0x20000705   Data           1  mailbox.o(.data)
    bMbxRunning                              0x20000706   Data           1  mailbox.o(.data)
    bMbxRepeatToggle                         0x20000707   Data           1  mailbox.o(.data)
    u16SendMbxSize                           0x20000708   Data           2  mailbox.o(.data)
    u16ReceiveMbxSize                        0x2000070a   Data           2  mailbox.o(.data)
    u16EscAddrReceiveMbx                     0x2000070c   Data           2  mailbox.o(.data)
    u16EscAddrSendMbx                        0x2000070e   Data           2  mailbox.o(.data)
    u8MbxWriteCounter                        0x20000710   Data           1  mailbox.o(.data)
    u8MbxReadCounter                         0x20000711   Data           1  mailbox.o(.data)
    u8MailboxSendReqStored                   0x20000712   Data           1  mailbox.o(.data)
    psWriteMbx                               0x20000714   Data           4  mailbox.o(.data)
    psReadMbx                                0x20000718   Data           4  mailbox.o(.data)
    psRepeatMbx                              0x2000071c   Data           4  mailbox.o(.data)
    psStoreMbx                               0x20000720   Data           4  mailbox.o(.data)
    bNoMbxMemoryAvailable                    0x20000724   Data           1  mailbox.o(.data)
    TimeCNT_Isr                              0x20000728   Data           4  timer.o(.data)
    LED_slow_count                           0x2000072c   Data           2  timer.o(.data)
    LED_single_count                         0x2000072e   Data           2  timer.o(.data)
    LED_fast_count                           0x20000730   Data           2  timer.o(.data)
    heat_sum_value                           0x20000738   Data           8  timer.o(.data)
    test_heat_sum_value                      0x20000740   Data           8  timer.o(.data)
    AD8028WorkWell                           0x20000950   Data           1  hw_readwrite.o(.data)
    DA5306WorkWell                           0x20000951   Data           1  hw_readwrite.o(.data)
    Ecat_Work_Well_add                       0x20000952   Data           1  hw_readwrite.o(.data)
    SDO_Work_Well_add                        0x20000954   Data           4  hw_readwrite.o(.data)
    EscALEvent                               0x20000958   Data           2  hw_readwrite.o(.data)
    rs485_tx_start                           0x2000095a   Data           1  hw_readwrite.o(.data)
    can_tx_start                             0x2000095b   Data           1  hw_readwrite.o(.data)
    inputresult                              0x2000095c   Data           1  hw_readwrite.o(.data)
    RS485_CON                                0x2000095e   Data           2  rs485.o(.data)
    RS485_tx_CON                             0x20000960   Data           2  rs485.o(.data)
    RS485_tx_CON_LAST                        0x20000962   Data           2  rs485.o(.data)
    RS485_tx_LEN                             0x20000964   Data           2  rs485.o(.data)
    RS485_tx_LEN_LAST                        0x20000966   Data           2  rs485.o(.data)
    RS485_rx_LEN                             0x20000968   Data           2  rs485.o(.data)
    RS485_RX_CNT                             0x2000096a   Data           1  rs485.o(.data)
    Flag_Tx_Busy                             0x2000096b   Data           1  rs485.o(.data)
    Flag_485Rx                               0x2000096c   Data           1  rs485.o(.data)
    U485WorkWell                             0x2000096d   Data           1  rs485.o(.data)
    crc_table                                0x2000096e   Data         512  rs485.o(.data)
    ApplicationObjDic                        0x20000b70   Data        1240  coeappl.o(.data)
    u32Devicetype                            0x20001048   Data           4  coeappl.o(.data)
    u16ErrorRegister                         0x2000104c   Data           2  coeappl.o(.data)
    acDevicename                             0x2000104e   Data           8  coeappl.o(.data)
    acHardwareversion                        0x20001056   Data           4  coeappl.o(.data)
    acSoftwareversion                        0x2000105a   Data           5  coeappl.o(.data)
    sIdentity                                0x20001060   Data          20  coeappl.o(.data)
    sSyncmanagertype                         0x20001074   Data           6  coeappl.o(.data)
    ObjDicList                               0x2000107c   Data           4  coeappl.o(.data)
    GenObjDic                                0x20001080   Data         440  coeappl.o(.data)
    bEcatWaitForInputUpdate                  0x20001238   Data           1  ecatappl.o(.data)
    bEtherCATRunLed                          0x20001239   Data           1  ecatappl.o(.data)
    bEtherCATErrorLed                        0x2000123a   Data           1  ecatappl.o(.data)
    bRunApplication                          0x2000123b   Data           1  ecatappl.o(.data)
    pAPPL_EEPROM_Read                        0x2000123c   Data           4  ecatappl.o(.data)
    pAPPL_EEPROM_Write                       0x20001240   Data           4  ecatappl.o(.data)
    pAPPL_EEPROM_Reload                      0x20001244   Data           4  ecatappl.o(.data)
    Hardwarebuf                              0x20001248   Data           4  ecatappl.o(.data)
    offset                                   0x2000124c   Data           4  ecatappl.o(.data)
    Ecat_Work_Well_add_sync                  0x20001250   Data           1  ecatappl.o(.data)
    g_nEncoderPerRotate                      0x20001252   Data           2  ecatappl.o(.data)
    u16BusCycleCntMs                         0x20001254   Data           2  ecatappl.o(.data)
    StartTimerCnt                            0x20001258   Data           4  ecatappl.o(.data)
    bCycleTimeMeasurementStarted             0x2000125c   Data           1  ecatappl.o(.data)
    bInitFinished                            0x2000125d   Data           1  ecatappl.o(.data)
    pCoeSendStored                           0x20001260   Data           4  ecatcoe.o(.data)
    bBootMode                                0x20001264   Data           1  ecatslv.o(.data)
    bEcatOutputUpdateRunning                 0x20001265   Data           1  ecatslv.o(.data)
    bEcatInputUpdateRunning                  0x20001266   Data           1  ecatslv.o(.data)
    bEcatFirstOutputsReceived                0x20001267   Data           1  ecatslv.o(.data)
    bWdTrigger                               0x20001268   Data           1  ecatslv.o(.data)
    bDcSyncActive                            0x20001269   Data           1  ecatslv.o(.data)
    EsmTimeoutCounter                        0x2000126a   Data           2  ecatslv.o(.data)
    bDcRunning                               0x2000126c   Data           1  ecatslv.o(.data)
    u16SmSync0Counter                        0x2000126e   Data           2  ecatslv.o(.data)
    u16SmSync0Value                          0x20001270   Data           2  ecatslv.o(.data)
    bSmSyncSequenceValid                     0x20001272   Data           1  ecatslv.o(.data)
    i16WaitForPllRunningTimeout              0x20001274   Data           2  ecatslv.o(.data)
    i16WaitForPllRunningCnt                  0x20001276   Data           2  ecatslv.o(.data)
    Sync0WdCounter                           0x20001278   Data           2  ecatslv.o(.data)
    Sync0WdValue                             0x2000127a   Data           2  ecatslv.o(.data)
    Sync1WdCounter                           0x2000127c   Data           2  ecatslv.o(.data)
    Sync1WdValue                             0x2000127e   Data           2  ecatslv.o(.data)
    LatchInputSync0Value                     0x20001280   Data           2  ecatslv.o(.data)
    LatchInputSync0Counter                   0x20001282   Data           2  ecatslv.o(.data)
    bEscIntEnabled                           0x20001284   Data           1  ecatslv.o(.data)
    b3BufferMode                             0x20001285   Data           1  ecatslv.o(.data)
    bLocalErrorFlag                          0x20001286   Data           1  ecatslv.o(.data)
    u16LocalErrorCode                        0x20001288   Data           2  ecatslv.o(.data)
    bApplEsmPending                          0x2000128a   Data           1  ecatslv.o(.data)
    bEcatWaitForAlControlRes                 0x2000128b   Data           1  ecatslv.o(.data)
    nEcatStateTrans                          0x2000128c   Data           2  ecatslv.o(.data)
    u8EcatErrorLed                           0x2000128e   Data           1  ecatslv.o(.data)
    u8EcatRunLed                             0x2000128f   Data           1  ecatslv.o(.data)
    nPdInputSize                             0x20001290   Data           2  ecatslv.o(.data)
    nPdOutputSize                            0x20001292   Data           2  ecatslv.o(.data)
    nMaxSyncMan                              0x20001294   Data           1  ecatslv.o(.data)
    nMaxEscAddress                           0x20001296   Data           2  ecatslv.o(.data)
    nAlStatus                                0x20001298   Data           1  ecatslv.o(.data)
    bExplicitDevIdRequested                  0x20001299   Data           1  ecatslv.o(.data)
    EcatWdValue                              0x2000129a   Data           2  ecatslv.o(.data)
    nEscAddrOutputData                       0x2000129c   Data           2  ecatslv.o(.data)
    nEscAddrInputData                        0x2000129e   Data           2  ecatslv.o(.data)
    u16ALEventMask                           0x200012a0   Data           2  ecatslv.o(.data)
    u16dummy                                 0x200012a2   Data           2  ecatslv.o(.data)
    SMActivate                               0x200012a4   Data           2  ecatslv.o(.data)
    SyncManInfo                              0x200012a6   Data           8  ecatslv.o(.data)
    EepromLoaded                             0x200012ae   Data           1  ecatslv.o(.data)
    bSyncSetByUser                           0x200012b0   Data           1  objdef.o(.data)
    sCycleDiag                               0x200012b2   Data           2  objdef.o(.data)
    sErrorSettings                           0x200012b4   Data          12  objdef.o(.data)
    aSubindexDesc                            0x200012c0   Data          13  objdef.o(.data)
    u8PendingSdo                             0x200012d0   Data           1  sdoserv.o(.data)
    bStoreCompleteAccess                     0x200012d1   Data           1  sdoserv.o(.data)
    u8StoreSubindex                          0x200012d2   Data           1  sdoserv.o(.data)
    u16StoreIndex                            0x200012d4   Data           2  sdoserv.o(.data)
    u32StoreDataSize                         0x200012d8   Data           4  sdoserv.o(.data)
    pStoreData                               0x200012dc   Data           4  sdoserv.o(.data)
    pSdoPendFunc                             0x200012e0   Data           4  sdoserv.o(.data)
    aSdoInfoHeader                           0x200012e4   Data           4  sdoserv.o(.data)
    pSdoSegData                              0x200012e8   Data           4  sdoserv.o(.data)
    nSdoInfoFragmentsLeft                    0x200012ec   Data           2  sdoserv.o(.data)
    nSdoInfoIndex                            0x200012ee   Data           2  sdoserv.o(.data)
    pSdoInfoObjEntry                         0x200012f0   Data           4  sdoserv.o(.data)
    pSdoResStored                            0x200012f4   Data           4  sdoserv.o(.data)
    bSdoInWork                               0x200012f8   Data           1  sdoserv.o(.data)
    nSdoSegService                           0x200012f9   Data           1  sdoserv.o(.data)
    bSdoSegFollows                           0x200012fa   Data           1  sdoserv.o(.data)
    bSdoSegAccess                            0x200012fb   Data           1  sdoserv.o(.data)
    nSdoSegIndex                             0x200012fc   Data           2  sdoserv.o(.data)
    nSdoSegSubindex                          0x200012fe   Data           1  sdoserv.o(.data)
    nSdoSegBytesToHandle                     0x20001300   Data           4  sdoserv.o(.data)
    bSdoSegLastToggle                        0x20001304   Data           1  sdoserv.o(.data)
    nSdoSegCompleteSize                      0x20001308   Data           4  sdoserv.o(.data)
    pSdoSegObjEntry                          0x2000130c   Data           4  sdoserv.o(.data)
    can_rx_cnt                               0x20001310   Data           2  can.o(.data)
    can_rx_len                               0x20001312   Data           2  can.o(.data)
    can_rx_ID                                0x20001314   Data           4  can.o(.data)
    can_tx_cnt                               0x20001318   Data           2  can.o(.data)
    can_tx_len                               0x2000131a   Data           2  can.o(.data)
    can_tx_ID                                0x2000131c   Data           4  can.o(.data)
    last_can_tx_cnt                          0x20001320   Data           2  can.o(.data)
    last_can_tx_len                          0x20001322   Data           2  can.o(.data)
    last_can_tx_ID                           0x20001324   Data           4  can.o(.data)
    Flag_canRx                               0x20001328   Data           1  can.o(.data)
    CAN_ID                                   0x2000132c   Data           4  can.o(.data)
    CAN_DATA                                 0x20001330   Data           8  can.o(.data)
    can_send_data                            0x20001338   Data           8  can.o(.data)
    last_can_send_data                       0x20001340   Data           8  can.o(.data)
    can_baudrate                             0x20001348   Data           1  can.o(.data)
    u32PacketNo                              0x2000134c   Data           4  ecatfoe.o(.data)
    u32FileOffset                            0x20001350   Data           4  ecatfoe.o(.data)
    u32LastFileOffset                        0x20001354   Data           4  ecatfoe.o(.data)
    u16FileAccessState                       0x20001358   Data           2  ecatfoe.o(.data)
    pFoeSendStored                           0x2000135c   Data           4  ecatfoe.o(.data)
    nFileSize                                0x20001360   Data           4  foeappl.o(.data)
    nFileWriteOffset                         0x20001364   Data           4  foeappl.o(.data)
    Block_total_num                          0x20001368   Data           4  foe_application.o(.data)
    ArrFlash_Update                          0x2000136c   Data           8  foe_application.o(.data)
    is_update                                0x20001374   Data           2  foe_application.o(.data)
    write_ok                                 0x20001376   Data           2  foe_application.o(.data)
    addr_i                                   0x20001378   Data           1  foe_application.o(.data)
    addr_block                               0x2000137a   Data           2  foe_application.o(.data)
    asEmcy                                   0x20001380   Data           8  emcy.o(.data)
    g_nTestErrorValue                        0x20001388   Data           4  incappl.o(.data)
    g_nTestABCountValue                      0x2000138c   Data           4  incappl.o(.data)
    g_nTestZLaunchValue                      0x20001390   Data           4  incappl.o(.data)
    g_nTestABCountSource                     0x20001394   Data           4  incappl.o(.data)
    g_nEncodeZLatch                          0x20001398   Data           4  incappl.o(.data)
    g_nIncDir                                0x2000139c   Data           4  incappl.o(.data)
    StateofQEP                               0x200013a0   Data           1  incappl.o(.data)
    ValidQPOSCNT                             0x200013a4   Data           4  incappl.o(.data)
    ValidIncLatchByZ                         0x200013a8   Data           4  incappl.o(.data)
    IncWhenLatched_Pre                       0x200013ac   Data           4  incappl.o(.data)
    wTargetPosi                              0x200013b0   Data           2  incappl.o(.data)
    IncLatchByZ_Pre                          0x200013b4   Data           4  incappl.o(.data)
    InputIncrease                            0x200013b8   Data           4  incappl.o(.data)
    wFBKPosiTemp                             0x200013bc   Data           2  incappl.o(.data)
    INC_correct                              0x200013c0   Data           4  incappl.o(.data)
    Inc_temp                                 0x200013c4   Data           2  incappl.o(.data)
    test_i_value                             0x2000164c   Data           2  menu.o(.data)
    rs485_tm_tx                              0x2000165c   Data          16  testmode.o(.data)
    can_tm_tx                                0x2000166c   Data           8  testmode.o(.data)
    can_tm_rxack                             0x20001674   Data           8  testmode.o(.data)
    TM_CAN_TXID                              0x2000167c   Data           4  testmode.o(.data)
    tm_rs485_rxflag                          0x20001680   Data           1  testmode.o(.data)
    tm_can_rxflag                            0x20001681   Data           1  testmode.o(.data)
    OSCtxSwCtr                               0x20001698   Data           4  os_core.o(.data)
    OSEventFreeList                          0x2000169c   Data           4  os_core.o(.data)
    OSFlagFreeList                           0x200016a0   Data           4  os_core.o(.data)
    OSCPUUsage                               0x200016a4   Data           1  os_core.o(.data)
    OSIdleCtrMax                             0x200016a8   Data           4  os_core.o(.data)
    OSIdleCtrRun                             0x200016ac   Data           4  os_core.o(.data)
    OSStatRdy                                0x200016b0   Data           1  os_core.o(.data)
    OSIntNesting                             0x200016b1   Data           1  os_core.o(.data)
    OSLockNesting                            0x200016b2   Data           1  os_core.o(.data)
    OSPrioCur                                0x200016b3   Data           1  os_core.o(.data)
    OSPrioHighRdy                            0x200016b4   Data           1  os_core.o(.data)
    OSRdyGrp                                 0x200016b5   Data           1  os_core.o(.data)
    OSRdyTbl                                 0x200016b6   Data           8  os_core.o(.data)
    OSRunning                                0x200016be   Data           1  os_core.o(.data)
    OSTaskCtr                                0x200016bf   Data           1  os_core.o(.data)
    OSIdleCtr                                0x200016c0   Data           4  os_core.o(.data)
    OSTCBCur                                 0x200016c4   Data           4  os_core.o(.data)
    OSTCBFreeList                            0x200016c8   Data           4  os_core.o(.data)
    OSTCBHighRdy                             0x200016cc   Data           4  os_core.o(.data)
    OSTCBList                                0x200016d0   Data           4  os_core.o(.data)
    OSTickStepState                          0x200016d4   Data           1  os_core.o(.data)
    OSMemFreeList                            0x200016d8   Data           4  os_core.o(.data)
    OSQFreeList                              0x200016dc   Data           4  os_core.o(.data)
    OSTime                                   0x200016e0   Data           4  os_core.o(.data)
    OSTmrFree                                0x200016e4   Data           2  os_core.o(.data)
    OSTmrUsed                                0x200016e6   Data           2  os_core.o(.data)
    OSTmrTime                                0x200016e8   Data           4  os_core.o(.data)
    OSTmrSem                                 0x200016ec   Data           4  os_core.o(.data)
    OSTmrSemSignal                           0x200016f0   Data           4  os_core.o(.data)
    OSTmrFreeList                            0x200016f4   Data           4  os_core.o(.data)
    OSInterrputSum                           0x200016f8   Data           4  os_cpu_c.o(.data)
    power_manage                             0x20001700   Data          76  main.o(.bss)
    Rxd1_Buff                                0x2000174c   Data         100  main.o(.bss)
    Txd1_Buff                                0x200017b0   Data         100  main.o(.bss)
    ETHERCAT_TASK_STK                        0x20001814   Data        4096  main.o(.bss)
    START_TASK_STK                           0x20002814   Data         512  main.o(.bss)
    asMbx                                    0x20002a14   Data         512  mailbox.o(.bss)
    sMbxSendQueue                            0x20002c14   Data          52  mailbox.o(.bss)
    sMbxReceiveQueue                         0x20002c48   Data          52  mailbox.o(.bss)
    foetmp                                   0x20002c7c   Data         260  mailbox.o(.bss)
    AD8028                                   0x20002d80   Data          24  hw_readwrite.o(.bss)
    test_di                                  0x20002d98   Data          32  di_key.o(.bss)
    RS485_RX                                 0x20002db8   Data          64  rs485.o(.bss)
    RS485_TX                                 0x20002df8   Data          64  rs485.o(.bss)
    RS485_TX_LAST                            0x20002e38   Data          64  rs485.o(.bss)
    uart_485                                 0x20002e78   Data          64  rs485.o(.bss)
    rs485_can_rs232_baudrate                 0x20002eb8   Data          12  ecatappl.o(.bss)
    Last_rs485_can_rs232_baudrate            0x20002ec4   Data          12  ecatappl.o(.bss)
    aPdOutputData                            0x20002ed0   Data         150  ecatappl.o(.bss)
    aPdInputData                             0x20002f66   Data         150  ecatappl.o(.bss)
    sSyncManOutPar                           0x20002ffc   Data          68  objdef.o(.bss)
    sSyncManInPar                            0x20003040   Data          68  objdef.o(.bss)
    pfoeMbx                                  0x20003084   Data         256  ecatfoe.o(.bss)
    aFileName                                0x20003184   Data          16  foeappl.o(.bss)
    aFileData                                0x20003194   Data         384  foeappl.o(.bss)
    forCRC_data                              0x20003314   Data          30  foe_application.o(.bss)
    Flash_Ptr                                0x20003334   Data          96  foe_application.o(.bss)
    STM32_FlashCode                          0x20003394   Data          21  foe_application.o(.bss)
    sSendEmcyQueue                           0x200033ac   Data          16  emcy.o(.bss)
    sEmptyEmcyQueue                          0x200033bc   Data          16  emcy.o(.bss)
    OSEventTbl                               0x200033cc   Data         240  os_core.o(.bss)
    OSFlagTbl                                0x200034bc   Data          80  os_core.o(.bss)
    OSTaskStatStk                            0x2000350c   Data         512  os_core.o(.bss)
    OSTaskIdleStk                            0x2000370c   Data         512  os_core.o(.bss)
    OSTCBPrioTbl                             0x2000390c   Data         256  os_core.o(.bss)
    OSTCBTbl                                 0x20003a0c   Data        1008  os_core.o(.bss)
    OSMemTbl                                 0x20003dfc   Data         120  os_core.o(.bss)
    OSQTbl                                   0x20003e74   Data         120  os_core.o(.bss)
    OSTmrTbl                                 0x20003eec   Data         640  os_core.o(.bss)
    OSTmrTaskStk                             0x2000416c   Data         512  os_core.o(.bss)
    OSTmrWheelTbl                            0x2000436c   Data          64  os_core.o(.bss)
    __libspace_start                         0x200043ac   Data          96  libspace.o(.bss)
    __temporary_stack_top$libspace           0x2000440c   Data           0  libspace.o(.bss)



==============================================================================

Memory Map of the image

  Image Entry point : 0x08010189

  Load Region LR_IROM1 (Base: 0x08010000, Size: 0x000170b4, Max: 0x000f0000, ABSOLUTE, COMPRESSED[0x00016210])

    Execution Region ER_IROM1 (Base: 0x08010000, Size: 0x000159b4, Max: 0x000f0000, ABSOLUTE)

    Base Addr    Size         Type   Attr      Idx    E Section Name        Object

    0x08010000   0x00000188   Data   RO         1253    RESET               startup_stm32f40_41xxx.o
    0x08010188   0x00000008   Code   RO         1966  * !!!main             c_w.l(__main.o)
    0x08010190   0x00000034   Code   RO         2226    !!!scatter          c_w.l(__scatter.o)
    0x080101c4   0x00000064   Code   RO         2224    !!dclz77c           c_w.l(__dclz77c.o)
    0x08010228   0x0000001c   Code   RO         2228    !!handler_zi        c_w.l(__scatter_zi.o)
    0x08010244   0x00000002   Code   RO         2159    .ARM.Collect$$libinit$$00000000  c_w.l(libinit.o)
    0x08010246   0x00000004   Code   RO         2034    .ARM.Collect$$libinit$$00000001  c_w.l(libinit2.o)
    0x0801024a   0x00000000   Code   RO         2037    .ARM.Collect$$libinit$$00000004  c_w.l(libinit2.o)
    0x0801024a   0x00000008   Code   RO         2038    .ARM.Collect$$libinit$$00000005  c_w.l(libinit2.o)
    0x08010252   0x00000000   Code   RO         2040    .ARM.Collect$$libinit$$0000000A  c_w.l(libinit2.o)
    0x08010252   0x00000000   Code   RO         2042    .ARM.Collect$$libinit$$0000000C  c_w.l(libinit2.o)
    0x08010252   0x00000000   Code   RO         2044    .ARM.Collect$$libinit$$0000000E  c_w.l(libinit2.o)
    0x08010252   0x00000000   Code   RO         2047    .ARM.Collect$$libinit$$00000011  c_w.l(libinit2.o)
    0x08010252   0x00000000   Code   RO         2049    .ARM.Collect$$libinit$$00000013  c_w.l(libinit2.o)
    0x08010252   0x00000000   Code   RO         2051    .ARM.Collect$$libinit$$00000015  c_w.l(libinit2.o)
    0x08010252   0x00000000   Code   RO         2053    .ARM.Collect$$libinit$$00000017  c_w.l(libinit2.o)
    0x08010252   0x00000000   Code   RO         2055    .ARM.Collect$$libinit$$00000019  c_w.l(libinit2.o)
    0x08010252   0x00000000   Code   RO         2057    .ARM.Collect$$libinit$$0000001B  c_w.l(libinit2.o)
    0x08010252   0x00000000   Code   RO         2059    .ARM.Collect$$libinit$$0000001D  c_w.l(libinit2.o)
    0x08010252   0x00000000   Code   RO         2061    .ARM.Collect$$libinit$$0000001F  c_w.l(libinit2.o)
    0x08010252   0x00000000   Code   RO         2063    .ARM.Collect$$libinit$$00000021  c_w.l(libinit2.o)
    0x08010252   0x00000000   Code   RO         2065    .ARM.Collect$$libinit$$00000023  c_w.l(libinit2.o)
    0x08010252   0x00000000   Code   RO         2067    .ARM.Collect$$libinit$$00000025  c_w.l(libinit2.o)
    0x08010252   0x00000000   Code   RO         2071    .ARM.Collect$$libinit$$0000002C  c_w.l(libinit2.o)
    0x08010252   0x00000000   Code   RO         2073    .ARM.Collect$$libinit$$0000002E  c_w.l(libinit2.o)
    0x08010252   0x00000000   Code   RO         2075    .ARM.Collect$$libinit$$00000030  c_w.l(libinit2.o)
    0x08010252   0x00000000   Code   RO         2077    .ARM.Collect$$libinit$$00000032  c_w.l(libinit2.o)
    0x08010252   0x00000002   Code   RO         2078    .ARM.Collect$$libinit$$00000033  c_w.l(libinit2.o)
    0x08010254   0x00000002   Code   RO         2221    .ARM.Collect$$libshutdown$$00000000  c_w.l(libshutdown.o)
    0x08010256   0x00000000   Code   RO         2177    .ARM.Collect$$libshutdown$$00000002  c_w.l(libshutdown2.o)
    0x08010256   0x00000000   Code   RO         2179    .ARM.Collect$$libshutdown$$00000004  c_w.l(libshutdown2.o)
    0x08010256   0x00000000   Code   RO         2182    .ARM.Collect$$libshutdown$$00000007  c_w.l(libshutdown2.o)
    0x08010256   0x00000000   Code   RO         2185    .ARM.Collect$$libshutdown$$0000000A  c_w.l(libshutdown2.o)
    0x08010256   0x00000000   Code   RO         2187    .ARM.Collect$$libshutdown$$0000000C  c_w.l(libshutdown2.o)
    0x08010256   0x00000000   Code   RO         2190    .ARM.Collect$$libshutdown$$0000000F  c_w.l(libshutdown2.o)
    0x08010256   0x00000002   Code   RO         2191    .ARM.Collect$$libshutdown$$00000010  c_w.l(libshutdown2.o)
    0x08010258   0x00000000   Code   RO         2004    .ARM.Collect$$rtentry$$00000000  c_w.l(__rtentry.o)
    0x08010258   0x00000000   Code   RO         2096    .ARM.Collect$$rtentry$$00000002  c_w.l(__rtentry2.o)
    0x08010258   0x00000006   Code   RO         2108    .ARM.Collect$$rtentry$$00000004  c_w.l(__rtentry4.o)
    0x0801025e   0x00000000   Code   RO         2098    .ARM.Collect$$rtentry$$00000009  c_w.l(__rtentry2.o)
    0x0801025e   0x00000004   Code   RO         2099    .ARM.Collect$$rtentry$$0000000A  c_w.l(__rtentry2.o)
    0x08010262   0x00000000   Code   RO         2101    .ARM.Collect$$rtentry$$0000000C  c_w.l(__rtentry2.o)
    0x08010262   0x00000008   Code   RO         2102    .ARM.Collect$$rtentry$$0000000D  c_w.l(__rtentry2.o)
    0x0801026a   0x00000002   Code   RO         2162    .ARM.Collect$$rtexit$$00000000  c_w.l(rtexit.o)
    0x0801026c   0x00000000   Code   RO         2195    .ARM.Collect$$rtexit$$00000002  c_w.l(rtexit2.o)
    0x0801026c   0x00000004   Code   RO         2196    .ARM.Collect$$rtexit$$00000003  c_w.l(rtexit2.o)
    0x08010270   0x00000006   Code   RO         2197    .ARM.Collect$$rtexit$$00000004  c_w.l(rtexit2.o)
    0x08010276   0x00000002   PAD
    0x08010278   0x00000010   Code   RO         1627    .emb_text           sys.o
    0x08010288   0x00000000   Code   RO         2116    .emb_text           c_w.l(maybetermalloc1.o)
    0x08010288   0x0000044c   Code   RO            3    .text               main.o
    0x080106d4   0x00000014   Code   RO          288    .text               stm32f4xx_it.o
    0x080106e8   0x00000210   Code   RO          337    .text               system_stm32f4xx.o
    0x080108f8   0x000007a4   Code   RO          363    .text               mailbox.o
    0x0801109c   0x000005e4   Code   RO          420    .text               timer.o
    0x08011680   0x00000958   Code   RO          465    .text               hw_readwrite.o
    0x08011fd8   0x00000134   Code   RO          507    .text               exti.o
    0x0801210c   0x000002e0   Code   RO          534    .text               ad_da_spi.o
    0x080123ec   0x0000039c   Code   RO          554    .text               do_led.o
    0x08012788   0x0000049c   Code   RO          574    .text               di_key.o
    0x08012c24   0x00000334   Code   RO          597    .text               rs485.o
    0x08012f58   0x00000288   Code   RO          623    .text               coeappl.o
    0x080131e0   0x0000081c   Code   RO          648    .text               ecatappl.o
    0x080139fc   0x000000a0   Code   RO          688    .text               ecatcoe.o
    0x08013a9c   0x00001898   Code   RO          712    .text               ecatslv.o
    0x08015334   0x00000e48   Code   RO          755    .text               objdef.o
    0x0801617c   0x00000cc4   Code   RO          776    .text               sdoserv.o
    0x08016e40   0x0000039c   Code   RO          802    .text               can.o
    0x080171dc   0x0000000a   Code   RO          849    .text               bootmode.o
    0x080171e6   0x00000002   PAD
    0x080171e8   0x00000368   Code   RO          864    .text               ecatfoe.o
    0x08017550   0x00000208   Code   RO          887    .text               foeappl.o
    0x08017758   0x00000350   Code   RO          913    .text               foe_application.o
    0x08017aa8   0x000001d8   Code   RO          941    .text               emcy.o
    0x08017c80   0x000004b8   Code   RO          963    .text               incappl.o
    0x08018138   0x00000354   Code   RO          990    .text               ads1115a.o
    0x0801848c   0x00000494   Code   RO         1011    .text               ads1115b.o
    0x08018920   0x00000378   Code   RO         1032    .text               ads1115c.o
    0x08018c98   0x000003d8   Code   RO         1053    .text               at24c16.o
    0x08019070   0x00000158   Code   RO         1073    .text               boot_initial.o
    0x080191c8   0x00000204   Code   RO         1095    .text               ds18b20.o
    0x080193cc   0x00000134   Code   RO         1117    .text               gpio.o
    0x08019500   0x000001d4   Code   RO         1137    .text               ioin.o
    0x080196d4   0x0000082c   Code   RO         1158    .text               menu.o
    0x08019f00   0x000006a8   Code   RO         1182    .text               recieve_send_command_done.o
    0x0801a5a8   0x00000194   Code   RO         1206    .text               usart.o
    0x0801a73c   0x00000090   Code   RO         1226    .text               testmode.o
    0x0801a7cc   0x00000040   Code   RO         1254    .text               startup_stm32f40_41xxx.o
    0x0801a80c   0x000000e0   Code   RO         1260    .text               misc.o
    0x0801a8ec   0x00000294   Code   RO         1280    .text               stm32f4xx_gpio.o
    0x0801ab80   0x0000065c   Code   RO         1300    .text               stm32f4xx_rcc.o
    0x0801b1dc   0x00000094   Code   RO         1322    .text               stm32f4xx_syscfg.o
    0x0801b270   0x00000ca2   Code   RO         1342    .text               stm32f4xx_tim.o
    0x0801bf12   0x00000002   PAD
    0x0801bf14   0x00000454   Code   RO         1362    .text               stm32f4xx_usart.o
    0x0801c368   0x00000110   Code   RO         1435    .text               stm32f4xx_exti.o
    0x0801c478   0x00000480   Code   RO         1515    .text               stm32f4xx_spi.o
    0x0801c8f8   0x000003a8   Code   RO         1535    .text               stm32f4xx_dma.o
    0x0801cca0   0x000009f0   Code   RO         1555    .text               stm32f4xx_can.o
    0x0801d690   0x00000128   Code   RO         1595    .text               delay.o
    0x0801d7b8   0x00000970   Code   RO         1645    .text               os_core.o
    0x0801e128   0x0000080c   Code   RO         1673    .text               os_flag.o
    0x0801e934   0x000001e4   Code   RO         1713    .text               os_mem.o
    0x0801eb18   0x000005f8   Code   RO         1753    .text               os_q.o
    0x0801f110   0x0000039c   Code   RO         1773    .text               os_sem.o
    0x0801f4ac   0x000007c4   Code   RO         1793    .text               os_task.o
    0x0801fc70   0x000001b0   Code   RO         1813    .text               os_time.o
    0x0801fe20   0x00000670   Code   RO         1833    .text               os_tmr.o
    0x08020490   0x000001e8   Code   RO         1853    .text               os_cpu_c.o
    0x08020678   0x000000c8   Code   RO         1881    .text               os_cpu_a.o
    0x08020740   0x0000005e   Code   RO         1890    .text               c_w.l(h1_alloc.o)
    0x0802079e   0x0000004e   Code   RO         1892    .text               c_w.l(h1_free.o)
    0x080207ec   0x00000048   Code   RO         1948    .text               c_w.l(llsdiv.o)
    0x08020834   0x00000058   Code   RO         1950    .text               c_w.l(memcmp.o)
    0x0802088c   0x0000003e   Code   RO         1952    .text               c_w.l(strlen.o)
    0x080208ca   0x0000008a   Code   RO         1954    .text               c_w.l(rt_memcpy_v6.o)
    0x08020954   0x00000064   Code   RO         1956    .text               c_w.l(rt_memcpy_w.o)
    0x080209b8   0x00000010   Code   RO         1958    .text               c_w.l(aeabi_memset.o)
    0x080209c8   0x00000044   Code   RO         1960    .text               c_w.l(rt_memclr.o)
    0x08020a0c   0x0000004e   Code   RO         1962    .text               c_w.l(rt_memclr_w.o)
    0x08020a5a   0x00000006   Code   RO         1964    .text               c_w.l(heapauxi.o)
    0x08020a60   0x00000008   Code   RO         2008    .text               c_w.l(rt_heap_descriptor_intlibspace.o)
    0x08020a68   0x00000004   Code   RO         2010    .text               c_w.l(hguard.o)
    0x08020a6c   0x0000008a   Code   RO         2012    .text               c_w.l(init_alloc.o)
    0x08020af6   0x0000000e   Code   RO         2016    .text               c_w.l(h1_init.o)
    0x08020b04   0x000000ee   Code   RO         2030    .text               c_w.l(lludivv7m.o)
    0x08020bf2   0x00000002   PAD
    0x08020bf4   0x00000008   Code   RO         2092    .text               c_w.l(libspace.o)
    0x08020bfc   0x00000034   Code   RO         2118    .text               c_w.l(h1_extend.o)
    0x08020c30   0x0000000e   Code   RO         2122    .text               c_w.l(defsig_rtmem_outer.o)
    0x08020c3e   0x00000002   Code   RO         2133    .text               c_w.l(use_no_semi.o)
    0x08020c40   0x00000000   Code   RO         2135    .text               c_w.l(indicate_semi.o)
    0x08020c40   0x0000004a   Code   RO         2136    .text               c_w.l(sys_stackheap_outer.o)
    0x08020c8a   0x00000012   Code   RO         2144    .text               c_w.l(exit.o)
    0x08020c9c   0x0000000a   Code   RO         2146    .text               c_w.l(defsig_exit.o)
    0x08020ca6   0x00000002   PAD
    0x08020ca8   0x00000050   Code   RO         2148    .text               c_w.l(defsig_rtmem_inner.o)
    0x08020cf8   0x0000000c   Code   RO         2160    .text               c_w.l(sys_exit.o)
    0x08020d04   0x00000032   Code   RO         2170    .text               c_w.l(defsig_general.o)
    0x08020d36   0x0000000e   Code   RO         2192    .text               c_w.l(sys_wrch.o)
    0x08020d44   0x00000170   Code   RO          831    RAMCODE             stmflash.o
    0x08020eb4   0x00000064   Code   RO          914    RAMCODE             foe_application.o
    0x08020f18   0x00000694   Code   RO         1575    RAMCODE             stm32f4xx_flash.o
    0x080215ac   0x00000062   Code   RO         1968    x$fpl$d2f           fz_wm.l(d2f.o)
    0x0802160e   0x00000002   PAD
    0x08021610   0x00000150   Code   RO         1970    x$fpl$dadd          fz_wm.l(daddsub_clz.o)
    0x08021760   0x00000018   Code   RO         2079    x$fpl$dcmpinf       fz_wm.l(dcmpi.o)
    0x08021778   0x000002b0   Code   RO         1977    x$fpl$ddiv          fz_wm.l(ddiv.o)
    0x08021a28   0x0000005e   Code   RO         1980    x$fpl$dfix          fz_wm.l(dfix.o)
    0x08021a86   0x00000002   PAD
    0x08021a88   0x0000005a   Code   RO         1984    x$fpl$dfixu         fz_wm.l(dfixu.o)
    0x08021ae2   0x0000002e   Code   RO         1989    x$fpl$dflt          fz_wm.l(dflt_clz.o)
    0x08021b10   0x00000026   Code   RO         1988    x$fpl$dfltu         fz_wm.l(dflt_clz.o)
    0x08021b36   0x00000002   PAD
    0x08021b38   0x00000078   Code   RO         1994    x$fpl$dleqf         fz_wm.l(dleqf.o)
    0x08021bb0   0x00000154   Code   RO         1996    x$fpl$dmul          fz_wm.l(dmul.o)
    0x08021d04   0x0000009c   Code   RO         2081    x$fpl$dnaninf       fz_wm.l(dnaninf.o)
    0x08021da0   0x0000000c   Code   RO         2083    x$fpl$dretinf       fz_wm.l(dretinf.o)
    0x08021dac   0x0000006c   Code   RO         1998    x$fpl$drleqf        fz_wm.l(drleqf.o)
    0x08021e18   0x000001d4   Code   RO         1972    x$fpl$dsub          fz_wm.l(daddsub_clz.o)
    0x08021fec   0x00000056   Code   RO         2000    x$fpl$f2d           fz_wm.l(f2d.o)
    0x08022042   0x0000008c   Code   RO         2085    x$fpl$fnaninf       fz_wm.l(fnaninf.o)
    0x080220ce   0x0000000a   Code   RO         2131    x$fpl$fpinit        fz_wm.l(fpinit.o)
    0x080220d8   0x0000000a   Code   RO         2087    x$fpl$fretinf       fz_wm.l(fretinf.o)
    0x080220e2   0x00000000   Code   RO         2089    x$fpl$usenofp       fz_wm.l(usenofp.o)
    0x080220e2   0x00000002   PAD
    0x080220e4   0x000000dc   Data   RO            5    .constdata          main.o
    0x080221c0   0x0000361b   Data   RO          624    .constdata          coeappl.o
    0x080257db   0x00000001   PAD
    0x080257dc   0x00000020   Data   RO          757    .constdata          objdef.o
    0x080257fc   0x00000078   Data   RO          777    .constdata          sdoserv.o
    0x08025874   0x00000008   Data   RO          803    .constdata          can.o
    0x0802587c   0x00000008   Data   RO          889    .constdata          foeappl.o
    0x08025884   0x00000008   Data   RO          943    .constdata          emcy.o
    0x0802588c   0x00000008   Data   RO         1183    .constdata          recieve_send_command_done.o
    0x08025894   0x00000100   Data   RO         1647    .constdata          os_core.o
    0x08025994   0x00000020   Data   RO         2222    Region$$Table       anon$$obj.o


    Execution Region RW_IRAM1 (Base: 0x20000000, Size: 0x00005010, Max: 0x00020000, ABSOLUTE, COMPRESSED[0x0000085c])

    Base Addr    Size         Type   Attr      Idx    E Section Name        Object

    0x20000000   0x000006ee   Data   RW            6    .data               main.o
    0x200006ee   0x00000002   PAD
    0x200006f0   0x00000014   Data   RW          338    .data               system_stm32f4xx.o
    0x20000704   0x00000021   Data   RW          365    .data               mailbox.o
    0x20000725   0x00000003   PAD
    0x20000728   0x00000026   Data   RW          421    .data               timer.o
    0x2000074e   0x00000002   PAD
    0x20000750   0x0000020d   Data   RW          467    .data               hw_readwrite.o
    0x2000095d   0x00000001   PAD
    0x2000095e   0x00000210   Data   RW          599    .data               rs485.o
    0x20000b6e   0x00000002   PAD
    0x20000b70   0x000006c8   Data   RW          625    .data               coeappl.o
    0x20001238   0x00000026   Data   RW          650    .data               ecatappl.o
    0x2000125e   0x00000002   PAD
    0x20001260   0x00000004   Data   RW          689    .data               ecatcoe.o
    0x20001264   0x0000004b   Data   RW          713    .data               ecatslv.o
    0x200012af   0x00000001   PAD
    0x200012b0   0x0000001d   Data   RW          758    .data               objdef.o
    0x200012cd   0x00000003   PAD
    0x200012d0   0x00000040   Data   RW          778    .data               sdoserv.o
    0x20001310   0x00000039   Data   RW          804    .data               can.o
    0x20001349   0x00000003   PAD
    0x2000134c   0x00000014   Data   RW          866    .data               ecatfoe.o
    0x20001360   0x00000008   Data   RW          890    .data               foeappl.o
    0x20001368   0x00000018   Data   RW          916    .data               foe_application.o
    0x20001380   0x00000008   Data   RW          944    .data               emcy.o
    0x20001388   0x00000050   Data   RW          964    .data               incappl.o
    0x200013d8   0x00000001   Data   RW          991    .data               ads1115a.o
    0x200013d9   0x00000005   Data   RW         1012    .data               ads1115b.o
    0x200013de   0x00000001   Data   RW         1033    .data               ads1115c.o
    0x200013df   0x00000001   PAD
    0x200013e0   0x00000200   Data   RW         1074    .data               boot_initial.o
    0x200015e0   0x00000064   Data   RW         1096    .data               ds18b20.o
    0x20001644   0x00000008   Data   RW         1138    .data               ioin.o
    0x2000164c   0x0000000d   Data   RW         1159    .data               menu.o
    0x20001659   0x00000003   PAD
    0x2000165c   0x00000026   Data   RW         1227    .data               testmode.o
    0x20001682   0x00000010   Data   RW         1301    .data               stm32f4xx_rcc.o
    0x20001692   0x00000004   Data   RW         1596    .data               delay.o
    0x20001696   0x00000002   PAD
    0x20001698   0x00000060   Data   RW         1648    .data               os_core.o
    0x200016f8   0x00000006   Data   RW         1854    .data               os_cpu_c.o
    0x200016fe   0x00000002   PAD
    0x20001700   0x00001314   Zero   RW            4    .bss                main.o
    0x20002a14   0x0000036c   Zero   RW          364    .bss                mailbox.o
    0x20002d80   0x00000018   Zero   RW          466    .bss                hw_readwrite.o
    0x20002d98   0x00000020   Zero   RW          575    .bss                di_key.o
    0x20002db8   0x00000100   Zero   RW          598    .bss                rs485.o
    0x20002eb8   0x00000144   Zero   RW          649    .bss                ecatappl.o
    0x20002ffc   0x00000088   Zero   RW          756    .bss                objdef.o
    0x20003084   0x00000100   Zero   RW          865    .bss                ecatfoe.o
    0x20003184   0x00000190   Zero   RW          888    .bss                foeappl.o
    0x20003314   0x00000095   Zero   RW          915    .bss                foe_application.o
    0x200033a9   0x00000003   PAD
    0x200033ac   0x00000020   Zero   RW          942    .bss                emcy.o
    0x200033cc   0x00000fe0   Zero   RW         1646    .bss                os_core.o
    0x200043ac   0x00000060   Zero   RW         2093    .bss                c_w.l(libspace.o)
    0x2000440c   0x00000004   PAD
    0x20004410   0x00000400   Zero   RW         1252    HEAP                startup_stm32f40_41xxx.o
    0x20004810   0x00000800   Zero   RW         1251    STACK               startup_stm32f40_41xxx.o


==============================================================================

Image component sizes


      Code (inc. data)   RO Data    RW Data    ZI Data      Debug   Object Name

       736         30          0          0          0       1740   ad_da_spi.o
       852         18          0          1          0       2697   ads1115a.o
      1172         44          0          5          0       4422   ads1115b.o
       888         28          0          1          0       2717   ads1115c.o
       984         14          0          0          0       4813   at24c16.o
       344         18          0        512          0       3490   boot_initial.o
        10          0          0          0          0        944   bootmode.o
       924         80          8         57          0       3987   can.o
       648         60      13851       1736          0      21555   coeappl.o
       296         16          0          4          0       1817   delay.o
      1180         26          0          0         32       2537   di_key.o
       924         26          0          0          0       1595   do_led.o
       516         20          0        100          0       2592   ds18b20.o
      2076        224          0         38        324       7105   ecatappl.o
       160         22          0          4          0       2447   ecatcoe.o
       872         54          0         20        256       5131   ecatfoe.o
      6296        650          0         75          0      14885   ecatslv.o
       472         34          8          8         32       4169   emcy.o
       308          4          0          0          0       1551   exti.o
       948         58          0         24        149       4699   foe_application.o
       520         36          8          8        400       3378   foeappl.o
       308         16          0          0          0        684   gpio.o
      2392        136          0        525         24      21994   hw_readwrite.o
      1208         94          0         80          0       3358   incappl.o
       468         44          0          8          0        858   ioin.o
      1956        156          0         33        876      24864   mailbox.o
      1100        118        220       1774       4884     374827   main.o
      2092        190          0         13          0       2608   menu.o
       224         20          0          0          0       1937   misc.o
      3656        124         32         29        136      13857   objdef.o
      2416        248        256         96       4064      17188   os_core.o
       200         32          0          0          0        316   os_cpu_a.o
       488          8          0          6          0      12158   os_cpu_c.o
      2060         42          0          0          0       7200   os_flag.o
       484         16          0          0          0       3280   os_mem.o
      1528         34          0          0          0       5777   os_q.o
       924         20          0          0          0       4054   os_sem.o
      1988         70          0          0          0       7885   os_task.o
       432         30          0          0          0       1870   os_time.o
      1648        134          0          0          0       5745   os_tmr.o
      1704         62          8          0          0       5729   recieve_send_command_done.o
       820         86          0        528        256       3576   rs485.o
      3268        242        120         64          0      20733   sdoserv.o
        64         26        392          0       3072        828   startup_stm32f40_41xxx.o
      2544         38          0          0          0       8260   stm32f4xx_can.o
       936         32          0          0          0       6513   stm32f4xx_dma.o
       272         10          0          0          0       2403   stm32f4xx_exti.o
      1684         28          0          0          0       9534   stm32f4xx_flash.o
       660         44          0          0          0       4273   stm32f4xx_gpio.o
        20          0          0          0          0        935   stm32f4xx_it.o
      1628         52          0         16          0      13168   stm32f4xx_rcc.o
      1152         36          0          0          0       7025   stm32f4xx_spi.o
       148         12          0          0          0       1889   stm32f4xx_syscfg.o
      3234         60          0          0          0      23128   stm32f4xx_tim.o
      1108         34          0          0          0       8000   stm32f4xx_usart.o
       368         50          0          0          0       2461   stmflash.o
        16          0          0          0          0        480   sys.o
       528         46          0         20          0       1747   system_stm32f4xx.o
       144         36          0         38          0       1727   testmode.o
      1508        168          0         38          0      34273   timer.o
       404         30          0          0          0       1189   usart.o

    ----------------------------------------------------------------------
     68912       4086      14936       5888      14508     766602   Object Totals
         0          0         32          0          0          0   (incl. Generated)
         4          0          1         27          3          0   (incl. Padding)

    ----------------------------------------------------------------------

      Code (inc. data)   RO Data    RW Data    ZI Data      Debug   Library Member Name

       100          0          0          0          0          0   __dclz77c.o
         8          0          0          0          0         68   __main.o
         0          0          0          0          0          0   __rtentry.o
        12          0          0          0          0          0   __rtentry2.o
         6          0          0          0          0          0   __rtentry4.o
        52          8          0          0          0          0   __scatter.o
        28          0          0          0          0          0   __scatter_zi.o
        16          0          0          0          0         68   aeabi_memset.o
        10          0          0          0          0         68   defsig_exit.o
        50          0          0          0          0         88   defsig_general.o
        80         58          0          0          0         76   defsig_rtmem_inner.o
        14          0          0          0          0         80   defsig_rtmem_outer.o
        18          0          0          0          0         80   exit.o
        94          0          0          0          0         80   h1_alloc.o
        52          0          0          0          0         68   h1_extend.o
        78          0          0          0          0         80   h1_free.o
        14          0          0          0          0         84   h1_init.o
         6          0          0          0          0        152   heapauxi.o
         4          0          0          0          0        136   hguard.o
         0          0          0          0          0          0   indicate_semi.o
       138          0          0          0          0        168   init_alloc.o
         2          0          0          0          0          0   libinit.o
        14          0          0          0          0          0   libinit2.o
         2          0          0          0          0          0   libshutdown.o
         2          0          0          0          0          0   libshutdown2.o
         8          4          0          0         96         68   libspace.o
        72          0          0          0          0         76   llsdiv.o
       238          0          0          0          0        100   lludivv7m.o
         0          0          0          0          0          0   maybetermalloc1.o
        88          0          0          0          0         76   memcmp.o
         8          4          0          0          0         68   rt_heap_descriptor_intlibspace.o
        68          0          0          0          0         68   rt_memclr.o
        78          0          0          0          0         80   rt_memclr_w.o
       138          0          0          0          0         68   rt_memcpy_v6.o
       100          0          0          0          0         80   rt_memcpy_w.o
         2          0          0          0          0          0   rtexit.o
        10          0          0          0          0          0   rtexit2.o
        62          0          0          0          0         76   strlen.o
        12          4          0          0          0         68   sys_exit.o
        74          0          0          0          0         80   sys_stackheap_outer.o
        14          0          0          0          0         76   sys_wrch.o
         2          0          0          0          0         68   use_no_semi.o
        98          4          0          0          0        140   d2f.o
       804         16          0          0          0        368   daddsub_clz.o
        24          0          0          0          0        116   dcmpi.o
       688        140          0          0          0        256   ddiv.o
        94          4          0          0          0        140   dfix.o
        90          4          0          0          0        140   dfixu.o
        84          0          0          0          0        232   dflt_clz.o
       120          4          0          0          0        140   dleqf.o
       340         12          0          0          0        152   dmul.o
       156          4          0          0          0        140   dnaninf.o
        12          0          0          0          0        116   dretinf.o
       108          0          0          0          0        128   drleqf.o
        86          4          0          0          0        132   f2d.o
       140          4          0          0          0        132   fnaninf.o
        10          0          0          0          0        116   fpinit.o
        10          0          0          0          0        116   fretinf.o
         0          0          0          0          0          0   usenofp.o

    ----------------------------------------------------------------------
      4652        274          0          0        100       4912   Library Totals
        14          0          0          0          4          0   (incl. Padding)

    ----------------------------------------------------------------------

      Code (inc. data)   RO Data    RW Data    ZI Data      Debug   Library Name

      1774         78          0          0         96       2348   c_w.l
      2864        196          0          0          0       2564   fz_wm.l

    ----------------------------------------------------------------------
      4652        274          0          0        100       4912   Library Totals

    ----------------------------------------------------------------------

==============================================================================


      Code (inc. data)   RO Data    RW Data    ZI Data      Debug   

     73564       4360      14936       5888      14608     756014   Grand Totals
     73564       4360      14936       2140      14608     756014   ELF Image Totals (compressed)
     73564       4360      14936       2140          0          0   ROM Totals

==============================================================================

    Total RO  Size (Code + RO Data)                88500 (  86.43kB)
    Total RW  Size (RW Data + ZI Data)             20496 (  20.02kB)
    Total ROM Size (Code + RO Data + RW Data)      90640 (  88.52kB)

==============================================================================

