Component: ARM Compiler 5.06 update 2 (build 183) Tool: armlink [4d35b7]

==============================================================================

Section Cross References

    main.o(i.MX_CAN1_Init) refers to stm32f4xx_hal_can.o(i.HAL_CAN_Init) for HAL_CAN_Init
    main.o(i.MX_CAN1_Init) refers to main.o(i.Error_Handler) for Error_Handler
    main.o(i.MX_CAN1_Init) refers to main.o(.bss) for hcan1
    main.o(i.MX_GPIO_Init) refers to rt_memclr_w.o(.text) for __aeabi_memclr4
    main.o(i.MX_GPIO_Init) refers to stm32f4xx_hal_gpio.o(i.HAL_GPIO_WritePin) for HAL_GPIO_WritePin
    main.o(i.MX_GPIO_Init) refers to stm32f4xx_hal_gpio.o(i.HAL_GPIO_Init) for HAL_GPIO_Init
    main.o(i.MX_GPIO_Init) refers to stm32f4xx_hal_cortex.o(i.HAL_NVIC_SetPriority) for HAL_NVIC_SetPriority
    main.o(i.MX_GPIO_Init) refers to stm32f4xx_hal_cortex.o(i.HAL_NVIC_EnableIRQ) for HAL_NVIC_EnableIRQ
    main.o(i.MX_I2C1_Init) refers to stm32f4xx_hal_i2c.o(i.HAL_I2C_Init) for HAL_I2C_Init
    main.o(i.MX_I2C1_Init) refers to main.o(i.Error_Handler) for Error_Handler
    main.o(i.MX_I2C1_Init) refers to main.o(.bss) for hi2c1
    main.o(i.MX_I2C2_Init) refers to stm32f4xx_hal_i2c.o(i.HAL_I2C_Init) for HAL_I2C_Init
    main.o(i.MX_I2C2_Init) refers to main.o(i.Error_Handler) for Error_Handler
    main.o(i.MX_I2C2_Init) refers to main.o(.bss) for hi2c2
    main.o(i.MX_I2C3_Init) refers to stm32f4xx_hal_i2c.o(i.HAL_I2C_Init) for HAL_I2C_Init
    main.o(i.MX_I2C3_Init) refers to main.o(i.Error_Handler) for Error_Handler
    main.o(i.MX_I2C3_Init) refers to main.o(.bss) for hi2c3
    main.o(i.MX_SPI3_Init) refers to stm32f4xx_hal_spi.o(i.HAL_SPI_Init) for HAL_SPI_Init
    main.o(i.MX_SPI3_Init) refers to main.o(i.Error_Handler) for Error_Handler
    main.o(i.MX_SPI3_Init) refers to main.o(.bss) for hspi3
    main.o(i.MX_USART1_UART_Init) refers to stm32f4xx_hal_uart.o(i.HAL_UART_Init) for HAL_UART_Init
    main.o(i.MX_USART1_UART_Init) refers to main.o(i.Error_Handler) for Error_Handler
    main.o(i.MX_USART1_UART_Init) refers to main.o(.bss) for huart1
    main.o(i.MX_USART2_UART_Init) refers to stm32f4xx_hal_uart.o(i.HAL_UART_Init) for HAL_UART_Init
    main.o(i.MX_USART2_UART_Init) refers to main.o(i.Error_Handler) for Error_Handler
    main.o(i.MX_USART2_UART_Init) refers to main.o(.bss) for huart2
    main.o(i.PHY_Init) refers to stm32f4xx_hal.o(i.HAL_GetTick) for HAL_GetTick
    main.o(i.SystemClock_Config) refers to rt_memclr_w.o(.text) for __aeabi_memclr4
    main.o(i.SystemClock_Config) refers to stm32f4xx_hal_rcc.o(i.HAL_RCC_OscConfig) for HAL_RCC_OscConfig
    main.o(i.SystemClock_Config) refers to main.o(i.Error_Handler) for Error_Handler
    main.o(i.SystemClock_Config) refers to stm32f4xx_hal_rcc.o(i.HAL_RCC_ClockConfig) for HAL_RCC_ClockConfig
    main.o(i.main) refers to stm32f4xx_hal.o(i.HAL_Init) for HAL_Init
    main.o(i.main) refers to main.o(i.SystemClock_Config) for SystemClock_Config
    main.o(i.main) refers to main.o(i.MX_GPIO_Init) for MX_GPIO_Init
    main.o(i.main) refers to main.o(i.MX_SPI3_Init) for MX_SPI3_Init
    main.o(i.main) refers to main.o(i.MX_CAN1_Init) for MX_CAN1_Init
    main.o(i.main) refers to main.o(i.MX_I2C1_Init) for MX_I2C1_Init
    main.o(i.main) refers to main.o(i.MX_I2C2_Init) for MX_I2C2_Init
    main.o(i.main) refers to main.o(i.MX_I2C3_Init) for MX_I2C3_Init
    main.o(i.main) refers to main.o(i.MX_USART1_UART_Init) for MX_USART1_UART_Init
    main.o(i.main) refers to main.o(i.MX_USART2_UART_Init) for MX_USART2_UART_Init
    main.o(i.main) refers to stm32f4xx_hal_uart.o(i.HAL_UARTEx_ReceiveToIdle_IT) for HAL_UARTEx_ReceiveToIdle_IT
    main.o(i.main) refers to main.o(i.Error_Handler) for Error_Handler
    main.o(i.main) refers to ads1115driver.o(i.ADS1115_Driver_Initilization) for ADS1115_Driver_Initilization
    main.o(i.main) refers to command.o(i.Power_Command_Initilization) for Power_Command_Initilization
    main.o(i.main) refers to powermenu.o(i.work_mode_operation) for work_mode_operation
    main.o(i.main) refers to ads1115driver.o(i.ADS1115_Driver_MainLoop) for ADS1115_Driver_MainLoop
    main.o(i.main) refers to keyin.o(i.KeyScan) for KeyScan
    main.o(i.main) refers to command.o(i.Power_Command_Main_Loop) for Power_Command_Main_Loop
    main.o(i.main) refers to main.o(.bss) for hspi3
    main.o(i.main) refers to spidriver.o(.data) for EcatHspiPtr
    main.o(i.main) refers to ads1115driver.o(.data) for I2C_Ptr_24V
    main.o(i.main) refers to command.o(.data) for Uart_HandlePtr
    main.o(i.main) refers to command.o(.bss) for PowerCommandRxBuffer
    main.o(i.main) refers to keyin.o(.bss) for power_manage
    stm32f4xx_it.o(i.CAN1_RX0_IRQHandler) refers to stm32f4xx_hal_can.o(i.HAL_CAN_IRQHandler) for HAL_CAN_IRQHandler
    stm32f4xx_it.o(i.CAN1_RX0_IRQHandler) refers to main.o(.bss) for hcan1
    stm32f4xx_it.o(i.EXTI1_IRQHandler) refers to ecatappl.o(i.PDI_Isr) for PDI_Isr
[...]
    x$fpl$dnaninf                            0x0800604c   Section      156  dnaninf.o(x$fpl$dnaninf)
    $v0                                      0x0800604c   Number         0  dnaninf.o(x$fpl$dnaninf)
    x$fpl$dretinf                            0x080060e8   Section       12  dretinf.o(x$fpl$dretinf)
    $v0                                      0x080060e8   Number         0  dretinf.o(x$fpl$dretinf)
    x$fpl$dsub                               0x080060f4   Section      468  daddsub_clz.o(x$fpl$dsub)
    $v0                                      0x080060f4   Number         0  daddsub_clz.o(x$fpl$dsub)
    _dsub1                                   0x08006105   Thumb Code     0  daddsub_clz.o(x$fpl$dsub)
    x$fpl$f2d                                0x080062c8   Section       86  f2d.o(x$fpl$f2d)
    $v0                                      0x080062c8   Number         0  f2d.o(x$fpl$f2d)
    x$fpl$fnaninf                            0x0800631e   Section      140  fnaninf.o(x$fpl$fnaninf)
    $v0                                      0x0800631e   Number         0  fnaninf.o(x$fpl$fnaninf)
    x$fpl$fpinit                             0x080063aa   Section       10  fpinit.o(x$fpl$fpinit)
    $v0                                      0x080063aa   Number         0  fpinit.o(x$fpl$fpinit)
    x$fpl$fretinf                            0x080063b4   Section       10  fretinf.o(x$fpl$fretinf)
    $v0                                      0x080063b4   Number         0  fretinf.o(x$fpl$fretinf)
    x$fpl$usenofp                            0x080063be   Section        0  usenofp.o(x$fpl$usenofp)
    .constdata                               0x080063c0   Section       32  ads1115driver.o(.constdata)
    .constdata                               0x080063e0   Section      120  command.o(.constdata)
    strPwrCmdRxReqMap                        0x080063e0   Data          48  command.o(.constdata)
    strPwrCmdTxReqMap                        0x08006410   Data          72  command.o(.constdata)
    .constdata                               0x08006458   Section       24  system_stm32f4xx.o(.constdata)
    .data                                    0x20000000   Section       16  9252_hw.o(.data)
    .data                                    0x20000010   Section       57  ecatappl.o(.data)
    .data                                    0x2000004a   Section       79  ecatslv.o(.data)
    .data                                    0x2000009c   Section       29  objdef.o(.data)
    .data                                    0x200000bc   Section      738  robot-device.o(.data)
    .data                                    0x200003a0   Section        4  spidriver.o(.data)
    .data                                    0x200003a4   Section      432  ads1115driver.o(.data)
    ADCStartConversionTimer1                 0x200003b0   Data           4  ads1115driver.o(.data)
    ADCStartConversionTimer2                 0x200003b4   Data           4  ads1115driver.o(.data)
    ADCStartConversionTimer3                 0x200003b8   Data           4  ads1115driver.o(.data)
    ADS1115_ChipA_Driver_Cnt                 0x200003bc   Data           1  ads1115driver.o(.data)
    ADS1115_ChipA_DriverPtr                  0x200003c0   Data           8  ads1115driver.o(.data)
    ADS1115_ChipB_Driver_Cnt                 0x200003c8   Data           1  ads1115driver.o(.data)
    ADS1115_ChipB_DriverPtr                  0x200003cc   Data          16  ads1115driver.o(.data)
    ADS1115_ChipC_Driver_Cnt                 0x200003dc   Data           1  ads1115driver.o(.data)
    ADS1115_ChipC_DriverPtr                  0x200003e0   Data          12  ads1115driver.o(.data)
    .data                                    0x20000554   Section      540  command.o(.data)
    crc_table                                0x20000554   Data         512  command.o(.data)
    PeriodicTransmissionTime                 0x20000764   Data           4  command.o(.data)
    PeriodicTransmissionTimeout              0x20000768   Data           1  command.o(.data)
    PwrCmdTxSize                             0x2000076a   Data           2  command.o(.data)
    Power_Command_Receive_Idle_Detected      0x2000076c   Data           1  command.o(.data)
    Power_Command_Receive_Buffer_Full        0x2000076d   Data           1  command.o(.data)
    Power_Command_Receive_Length_Error_Detected 0x2000076e   Data           1  command.o(.data)
    Power_Command_ReceiveToIdle_Restart_Error 0x2000076f   Data           1  command.o(.data)
    .data                                    0x20000770   Section       40  powermenu.o(.data)
    SAFE_48V_SWITCH_ON_TIMER                 0x20000774   Data           4  powermenu.o(.data)
    SAFE_48V_SWITCH_ON_STATE                 0x20000778   Data           1  powermenu.o(.data)
    SAFE_48V_SWITCH_OFF_TIMER                0x2000077c   Data           4  powermenu.o(.data)
    SAFE_48V_SWITCH_OFF_STATE                0x20000780   Data           1  powermenu.o(.data)
    ShutdownState                            0x20000781   Data           1  powermenu.o(.data)
    ShutdownTime                             0x20000784   Data           4  powermenu.o(.data)
    softwarepoweroffState                    0x20000788   Data           1  powermenu.o(.data)
    softwarepoweroffTime                     0x2000078c   Data           4  powermenu.o(.data)
    RebootState                              0x20000790   Data           1  powermenu.o(.data)
    RebootTime                               0x20000794   Data           4  powermenu.o(.data)
    .data                                    0x20000798   Section       56  keyin.o(.data)
    elapse                                   0x200007b8   Data           4  keyin.o(.data)
    elapse                                   0x200007bc   Data           4  keyin.o(.data)
    elapse                                   0x200007c0   Data           4  keyin.o(.data)
    elapse                                   0x200007c4   Data           4  keyin.o(.data)
    ACPowerOKState                           0x200007c8   Data           1  keyin.o(.data)
    ACPowerOKTime                            0x200007cc   Data           4  keyin.o(.data)
    .data                                    0x200007d0   Section      100  temperaturedriver.o(.data)
    NTCTAB                                   0x200007d0   Data          50  temperaturedriver.o(.data)
    NTCTAB2                                  0x20000802   Data          50  temperaturedriver.o(.data)
    .data                                    0x20000834   Section      512  crc16.o(.data)
    crc_table                                0x20000834   Data         512  crc16.o(.data)
    .data                                    0x20000a34   Section        9  stm32f4xx_hal.o(.data)
    .data                                    0x20000a40   Section        4  system_stm32f4xx.o(.data)
    .bss                                     0x20000a44   Section      612  main.o(.bss)
    .bss                                     0x20000ca8   Section      512  ecatappl.o(.bss)
    .bss                                     0x20000ea8   Section      136  objdef.o(.bss)
    .bss                                     0x20000f30   Section     1024  spidriver.o(.bss)
    .bss                                     0x20001330   Section       96  command.o(.bss)
    .bss                                     0x20001390   Section       26  keyin.o(.bss)
    .bss                                     0x200013ac   Section       96  libspace.o(.bss)
    HEAP                                     0x20001410   Section      512  startup_stm32f407xx.o(HEAP)
    Heap_Mem                                 0x20001410   Data         512  startup_stm32f407xx.o(HEAP)
    STACK                                    0x20001610   Section     1024  startup_stm32f407xx.o(STACK)
    Stack_Mem                                0x20001610   Data        1024  startup_stm32f407xx.o(STACK)
    __initial_sp                             0x20001a10   Data           0  startup_stm32f407xx.o(STACK)

    Global Symbols

    Symbol Name                              Value     Ov Type        Size  Object(Section)

    BuildAttributes$$THM_ISAv4$E$P$D$K$B$S$7EM$VFPi3$EXTD16$VFPS$VFMA$PE$A:L22UL41UL21$X:L11$S22US41US21$IEEE1$IW$USESV6$~STKCKD$USESV7$~SHL$OTIME$ROPI$EBA8$UX$STANDARDLIB$REQ8$PRES8$EABIv2 0x00000000   Number         0  anon$$obj.o ABSOLUTE
    __ARM_use_no_argv                        0x00000000   Number         0  main.o ABSOLUTE
    __ARM_exceptions_init                     - Undefined Weak Reference
    __alloca_initialize                       - Undefined Weak Reference
    __arm_preinit_                            - Undefined Weak Reference
    __cpp_initialize__aeabi_                  - Undefined Weak Reference
    __cxa_finalize                            - Undefined Weak Reference
    __rt_locale                               - Undefined Weak Reference
    __sigvec_lookup                           - Undefined Weak Reference
    __user_heap_extent                        - Undefined Weak Reference
    _atexit_init                              - Undefined Weak Reference
    _call_atexit_fns                          - Undefined Weak Reference
    _clock_init                               - Undefined Weak Reference
    _fp_trap_init                             - Undefined Weak Reference
    _fp_trap_shutdown                         - Undefined Weak Reference
    _get_lc_collate                           - Undefined Weak Reference
    _get_lc_ctype                             - Undefined Weak Reference
    _get_lc_monetary                          - Undefined Weak Reference
    _get_lc_numeric                           - Undefined Weak Reference
    _get_lc_time                              - Undefined Weak Reference
    _getenv_init                              - Undefined Weak Reference
    _handle_redirection                       - Undefined Weak Reference
    _initio                                   - Undefined Weak Reference
    _mutex_acquire                            - Undefined Weak Reference
    _mutex_free                               - Undefined Weak Reference
    _mutex_release                            - Undefined Weak Reference
    _rand_init                                - Undefined Weak Reference
    _signal_finish                            - Undefined Weak Reference
    _signal_init                              - Undefined Weak Reference
    _terminateio                              - Undefined Weak Reference
    __Vectors_Size                           0x00000188   Number         0  startup_stm32f407xx.o ABSOLUTE
    __Vectors                                0x08000000   Data           4  startup_stm32f407xx.o(RESET)
    __Vectors_End                            0x08000188   Data           0  startup_stm32f407xx.o(RESET)
    __main                                   0x08000189   Thumb Code     8  __main.o(!!!main)
    __scatterload                            0x08000191   Thumb Code     0  __scatter.o(!!!scatter)
    __scatterload_rt2                        0x08000191   Thumb Code    44  __scatter.o(!!!scatter)
    __scatterload_rt2_thumb_only             0x08000191   Thumb Code     0  __scatter.o(!!!scatter)
    __scatterload_null                       0x0800019f   Thumb Code     0  __scatter.o(!!!scatter)
    __decompress                             0x080001c5   Thumb Code   100  __dclz77c.o(!!dclz77c)
    __decompress2                            0x080001c5   Thumb Code     0  __dclz77c.o(!!dclz77c)
    __scatterload_zeroinit                   0x08000229   Thumb Code    28  __scatter_zi.o(!!handler_zi)
    __rt_lib_init                            0x08000245   Thumb Code     0  libinit.o(.ARM.Collect$$libinit$$00000000)
    __rt_lib_init_fp_1                       0x08000247   Thumb Code     0  libinit2.o(.ARM.Collect$$libinit$$00000001)
    __rt_lib_init_alloca_1                   0x0800024b   Thumb Code     0  libinit2.o(.ARM.Collect$$libinit$$0000002E)
    __rt_lib_init_argv_1                     0x0800024b   Thumb Code     0  libinit2.o(.ARM.Collect$$libinit$$0000002C)
    __rt_lib_init_atexit_1                   0x0800024b   Thumb Code     0  libinit2.o(.ARM.Collect$$libinit$$0000001B)
    __rt_lib_init_clock_1                    0x0800024b   Thumb Code     0  libinit2.o(.ARM.Collect$$libinit$$00000021)
    __rt_lib_init_cpp_1                      0x0800024b   Thumb Code     0  libinit2.o(.ARM.Collect$$libinit$$00000032)
    __rt_lib_init_exceptions_1               0x0800024b   Thumb Code     0  libinit2.o(.ARM.Collect$$libinit$$00000030)
    __rt_lib_init_fp_trap_1                  0x0800024b   Thumb Code     0  libinit2.o(.ARM.Collect$$libinit$$0000001F)
    __rt_lib_init_getenv_1                   0x0800024b   Thumb Code     0  libinit2.o(.ARM.Collect$$libinit$$00000023)
    __rt_lib_init_heap_1                     0x0800024b   Thumb Code     0  libinit2.o(.ARM.Collect$$libinit$$0000000A)
    __rt_lib_init_lc_collate_1               0x0800024b   Thumb Code     0  libinit2.o(.ARM.Collect$$libinit$$00000011)
    __rt_lib_init_lc_ctype_1                 0x0800024b   Thumb Code     0  libinit2.o(.ARM.Collect$$libinit$$00000013)
    __rt_lib_init_lc_monetary_1              0x0800024b   Thumb Code     0  libinit2.o(.ARM.Collect$$libinit$$00000015)
    __rt_lib_init_lc_numeric_1               0x0800024b   Thumb Code     0  libinit2.o(.ARM.Collect$$libinit$$00000017)
    __rt_lib_init_lc_time_1                  0x0800024b   Thumb Code     0  libinit2.o(.ARM.Collect$$libinit$$00000019)
    __rt_lib_init_preinit_1                  0x0800024b   Thumb Code     0  libinit2.o(.ARM.Collect$$libinit$$00000004)
    __rt_lib_init_rand_1                     0x0800024b   Thumb Code     0  libinit2.o(.ARM.Collect$$libinit$$0000000E)
    __rt_lib_init_return                     0x0800024b   Thumb Code     0  libinit2.o(.ARM.Collect$$libinit$$00000033)
    __rt_lib_init_signal_1                   0x0800024b   Thumb Code     0  libinit2.o(.ARM.Collect$$libinit$$0000001D)
    __rt_lib_init_stdio_1                    0x0800024b   Thumb Code     0  libinit2.o(.ARM.Collect$$libinit$$00000025)
    __rt_lib_init_user_alloc_1               0x0800024b   Thumb Code     0  libinit2.o(.ARM.Collect$$libinit$$0000000C)
    __rt_lib_shutdown                        0x0800024d   Thumb Code     0  libshutdown.o(.ARM.Collect$$libshutdown$$00000000)
    __rt_lib_shutdown_cpp_1                  0x0800024f   Thumb Code     0  libshutdown2.o(.ARM.Collect$$libshutdown$$00000002)
    __rt_lib_shutdown_fp_trap_1              0x0800024f   Thumb Code     0  libshutdown2.o(.ARM.Collect$$libshutdown$$00000007)
    __rt_lib_shutdown_heap_1                 0x0800024f   Thumb Code     0  libshutdown2.o(.ARM.Collect$$libshutdown$$0000000F)
    __rt_lib_shutdown_return                 0x0800024f   Thumb Code     0  libshutdown2.o(.ARM.Collect$$libshutdown$$00000010)
    __rt_lib_shutdown_signal_1               0x0800024f   Thumb Code     0  libshutdown2.o(.ARM.Collect$$libshutdown$$0000000A)
    __rt_lib_shutdown_stdio_1                0x0800024f   Thumb Code     0  libshutdown2.o(.ARM.Collect$$libshutdown$$00000004)
    __rt_lib_shutdown_user_alloc_1           0x0800024f   Thumb Code     0  libshutdown2.o(.ARM.Collect$$libshutdown$$0000000C)
    __rt_entry                               0x08000251   Thumb Code     0  __rtentry.o(.ARM.Collect$$rtentry$$00000000)
    __rt_entry_presh_1                       0x08000251   Thumb Code     0  __rtentry2.o(.ARM.Collect$$rtentry$$00000002)
    __rt_entry_sh                            0x08000251   Thumb Code     0  __rtentry4.o(.ARM.Collect$$rtentry$$00000004)
    __rt_entry_li                            0x08000257   Thumb Code     0  __rtentry2.o(.ARM.Collect$$rtentry$$0000000A)
    __rt_entry_postsh_1                      0x08000257   Thumb Code     0  __rtentry2.o(.ARM.Collect$$rtentry$$00000009)
    __rt_entry_main                          0x0800025b   Thumb Code     0  __rtentry2.o(.ARM.Collect$$rtentry$$0000000D)
    __rt_entry_postli_1                      0x0800025b   Thumb Code     0  __rtentry2.o(.ARM.Collect$$rtentry$$0000000C)
    __rt_exit                                0x08000263   Thumb Code     0  rtexit.o(.ARM.Collect$$rtexit$$00000000)
    __rt_exit_ls                             0x08000265   Thumb Code     0  rtexit2.o(.ARM.Collect$$rtexit$$00000003)
    __rt_exit_prels_1                        0x08000265   Thumb Code     0  rtexit2.o(.ARM.Collect$$rtexit$$00000002)
    __rt_exit_exit                           0x08000269   Thumb Code     0  rtexit2.o(.ARM.Collect$$rtexit$$00000004)
    Reset_Handler                            0x08000271   Thumb Code     8  startup_stm32f407xx.o(.text)
    ADC_IRQHandler                           0x0800028b   Thumb Code     0  startup_stm32f407xx.o(.text)
    CAN1_RX1_IRQHandler                      0x0800028b   Thumb Code     0  startup_stm32f407xx.o(.text)
    CAN1_SCE_IRQHandler                      0x0800028b   Thumb Code     0  startup_stm32f407xx.o(.text)
    CAN1_TX_IRQHandler                       0x0800028b   Thumb Code     0  startup_stm32f407xx.o(.text)
    CAN2_RX0_IRQHandler                      0x0800028b   Thumb Code     0  startup_stm32f407xx.o(.text)
    CAN2_RX1_IRQHandler                      0x0800028b   Thumb Code     0  startup_stm32f407xx.o(.text)
    CAN2_SCE_IRQHandler                      0x0800028b   Thumb Code     0  startup_stm32f407xx.o(.text)
    CAN2_TX_IRQHandler                       0x0800028b   Thumb Code     0  startup_stm32f407xx.o(.text)
    DCMI_IRQHandler                          0x0800028b   Thumb Code     0  startup_stm32f407xx.o(.text)
    DMA1_Stream0_IRQHandler                  0x0800028b   Thumb Code     0  startup_stm32f407xx.o(.text)
    DMA1_Stream1_IRQHandler                  0x0800028b   Thumb Code     0  startup_stm32f407xx.o(.text)
    DMA1_Stream2_IRQHandler                  0x0800028b   Thumb Code     0  startup_stm32f407xx.o(.text)
    DMA1_Stream3_IRQHandler                  0x0800028b   Thumb Code     0  startup_stm32f407xx.o(.text)
    DMA1_Stream4_IRQHandler                  0x0800028b   Thumb Code     0  startup_stm32f407xx.o(.text)
    DMA1_Stream5_IRQHandler                  0x0800028b   Thumb Code     0  startup_stm32f407xx.o(.text)
    DMA1_Stream6_IRQHandler                  0x0800028b   Thumb Code     0  startup_stm32f407xx.o(.text)
    DMA1_Stream7_IRQHandler                  0x0800028b   Thumb Code     0  startup_stm32f407xx.o(.text)
    DMA2_Stream0_IRQHandler                  0x0800028b   Thumb Code     0  startup_stm32f407xx.o(.text)
    DMA2_Stream1_IRQHandler                  0x0800028b   Thumb Code     0  startup_stm32f407xx.o(.text)
    DMA2_Stream2_IRQHandler                  0x0800028b   Thumb Code     0  startup_stm32f407xx.o(.text)
    DMA2_Stream3_IRQHandler                  0x0800028b   Thumb Code     0  startup_stm32f407xx.o(.text)
    DMA2_Stream4_IRQHandler                  0x0800028b   Thumb Code     0  startup_stm32f407xx.o(.text)
    DMA2_Stream5_IRQHandler                  0x0800028b   Thumb Code     0  startup_stm32f407xx.o(.text)
    DMA2_Stream6_IRQHandler                  0x0800028b   Thumb Code     0  startup_stm32f407xx.o(.text)
    DMA2_Stream7_IRQHandler                  0x0800028b   Thumb Code     0  startup_stm32f407xx.o(.text)
    ETH_IRQHandler                           0x0800028b   Thumb Code     0  startup_stm32f407xx.o(.text)
    ETH_WKUP_IRQHandler                      0x0800028b   Thumb Code     0  startup_stm32f407xx.o(.text)
    EXTI0_IRQHandler                         0x0800028b   Thumb Code     0  startup_stm32f407xx.o(.text)
    EXTI15_10_IRQHandler                     0x0800028b   Thumb Code     0  startup_stm32f407xx.o(.text)
    EXTI4_IRQHandler                         0x0800028b   Thumb Code     0  startup_stm32f407xx.o(.text)
    EXTI9_5_IRQHandler                       0x0800028b   Thumb Code     0  startup_stm32f407xx.o(.text)
    FLASH_IRQHandler                         0x0800028b   Thumb Code     0  startup_stm32f407xx.o(.text)
    FMC_IRQHandler                           0x0800028b   Thumb Code     0  startup_stm32f407xx.o(.text)
    FPU_IRQHandler                           0x0800028b   Thumb Code     0  startup_stm32f407xx.o(.text)
    HASH_RNG_IRQHandler                      0x0800028b   Thumb Code     0  startup_stm32f407xx.o(.text)
    I2C1_ER_IRQHandler                       0x0800028b   Thumb Code     0  startup_stm32f407xx.o(.text)
    I2C1_EV_IRQHandler                       0x0800028b   Thumb Code     0  startup_stm32f407xx.o(.text)
    I2C2_ER_IRQHandler                       0x0800028b   Thumb Code     0  startup_stm32f407xx.o(.text)
    I2C2_EV_IRQHandler                       0x0800028b   Thumb Code     0  startup_stm32f407xx.o(.text)
    I2C3_ER_IRQHandler                       0x0800028b   Thumb Code     0  startup_stm32f407xx.o(.text)
    I2C3_EV_IRQHandler                       0x0800028b   Thumb Code     0  startup_stm32f407xx.o(.text)
    OTG_FS_IRQHandler                        0x0800028b   Thumb Code     0  startup_stm32f407xx.o(.text)
    OTG_FS_WKUP_IRQHandler                   0x0800028b   Thumb Code     0  startup_stm32f407xx.o(.text)
    OTG_HS_EP1_IN_IRQHandler                 0x0800028b   Thumb Code     0  startup_stm32f407xx.o(.text)
    OTG_HS_EP1_OUT_IRQHandler                0x0800028b   Thumb Code     0  startup_stm32f407xx.o(.text)
    OTG_HS_IRQHandler                        0x0800028b   Thumb Code     0  startup_stm32f407xx.o(.text)
    OTG_HS_WKUP_IRQHandler                   0x0800028b   Thumb Code     0  startup_stm32f407xx.o(.text)
    PVD_IRQHandler                           0x0800028b   Thumb Code     0  startup_stm32f407xx.o(.text)
    RCC_IRQHandler                           0x0800028b   Thumb Code     0  startup_stm32f407xx.o(.text)
    RTC_Alarm_IRQHandler                     0x0800028b   Thumb Code     0  startup_stm32f407xx.o(.text)
    RTC_WKUP_IRQHandler                      0x0800028b   Thumb Code     0  startup_stm32f407xx.o(.text)
    SDIO_IRQHandler                          0x0800028b   Thumb Code     0  startup_stm32f407xx.o(.text)
    SPI1_IRQHandler                          0x0800028b   Thumb Code     0  startup_stm32f407xx.o(.text)
    SPI2_IRQHandler                          0x0800028b   Thumb Code     0  startup_stm32f407xx.o(.text)
    SPI3_IRQHandler                          0x0800028b   Thumb Code     0  startup_stm32f407xx.o(.text)
    TAMP_STAMP_IRQHandler                    0x0800028b   Thumb Code     0  startup_stm32f407xx.o(.text)
    TIM1_BRK_TIM9_IRQHandler                 0x0800028b   Thumb Code     0  startup_stm32f407xx.o(.text)
    TIM1_CC_IRQHandler                       0x0800028b   Thumb Code     0  startup_stm32f407xx.o(.text)
    TIM1_TRG_COM_TIM11_IRQHandler            0x0800028b   Thumb Code     0  startup_stm32f407xx.o(.text)
    TIM1_UP_TIM10_IRQHandler                 0x0800028b   Thumb Code     0  startup_stm32f407xx.o(.text)
    TIM2_IRQHandler                          0x0800028b   Thumb Code     0  startup_stm32f407xx.o(.text)
    TIM3_IRQHandler                          0x0800028b   Thumb Code     0  startup_stm32f407xx.o(.text)
    TIM4_IRQHandler                          0x0800028b   Thumb Code     0  startup_stm32f407xx.o(.text)
    TIM5_IRQHandler                          0x0800028b   Thumb Code     0  startup_stm32f407xx.o(.text)
    TIM6_DAC_IRQHandler                      0x0800028b   Thumb Code     0  startup_stm32f407xx.o(.text)
    TIM7_IRQHandler                          0x0800028b   Thumb Code     0  startup_stm32f407xx.o(.text)
    TIM8_BRK_TIM12_IRQHandler                0x0800028b   Thumb Code     0  startup_stm32f407xx.o(.text)
    TIM8_CC_IRQHandler                       0x0800028b   Thumb Code     0  startup_stm32f407xx.o(.text)
    TIM8_TRG_COM_TIM14_IRQHandler            0x0800028b   Thumb Code     0  startup_stm32f407xx.o(.text)
    TIM8_UP_TIM13_IRQHandler                 0x0800028b   Thumb Code     0  startup_stm32f407xx.o(.text)
    UART4_IRQHandler                         0x0800028b   Thumb Code     0  startup_stm32f407xx.o(.text)
    UART5_IRQHandler                         0x0800028b   Thumb Code     0  startup_stm32f407xx.o(.text)
    USART3_IRQHandler                        0x0800028b   Thumb Code     0  startup_stm32f407xx.o(.text)
    USART6_IRQHandler                        0x0800028b   Thumb Code     0  startup_stm32f407xx.o(.text)
    WWDG_IRQHandler                          0x0800028b   Thumb Code     0  startup_stm32f407xx.o(.text)
    __user_initial_stackheap                 0x0800028d   Thumb Code     0  startup_stm32f407xx.o(.text)
    __aeabi_uldivmod                         0x080002b1   Thumb Code     0  lludivv7m.o(.text)
    _ll_udiv                                 0x080002b1   Thumb Code   238  lludivv7m.o(.text)
    __aeabi_memcpy                           0x0800039f   Thumb Code     0  rt_memcpy_v6.o(.text)
    __rt_memcpy                              0x0800039f   Thumb Code   138  rt_memcpy_v6.o(.text)
    _memcpy_lastbytes                        0x08000405   Thumb Code     0  rt_memcpy_v6.o(.text)
    __aeabi_memcpy4                          0x08000429   Thumb Code     0  rt_memcpy_w.o(.text)
    __aeabi_memcpy8                          0x08000429   Thumb Code     0  rt_memcpy_w.o(.text)
    __rt_memcpy_w                            0x08000429   Thumb Code   100  rt_memcpy_w.o(.text)
    _memcpy_lastbytes_aligned                0x08000471   Thumb Code     0  rt_memcpy_w.o(.text)
    __aeabi_memclr4                          0x0800048d   Thumb Code     0  rt_memclr_w.o(.text)
    __aeabi_memclr8                          0x0800048d   Thumb Code     0  rt_memclr_w.o(.text)
    __rt_memclr_w                            0x0800048d   Thumb Code    78  rt_memclr_w.o(.text)
    _memset_w                                0x08000491   Thumb Code     0  rt_memclr_w.o(.text)
    __use_two_region_memory                  0x080004db   Thumb Code     2  heapauxi.o(.text)
    __rt_heap_escrow                         0x080004dd   Thumb Code     2  heapauxi.o(.text)
    __rt_heap_expand                         0x080004df   Thumb Code     2  heapauxi.o(.text)
    __user_libspace                          0x080004e1   Thumb Code     8  libspace.o(.text)
    __user_perproc_libspace                  0x080004e1   Thumb Code     0  libspace.o(.text)
    __user_perthread_libspace                0x080004e1   Thumb Code     0  libspace.o(.text)
    __I$use$semihosting                      0x080004e9   Thumb Code     0  use_no_semi.o(.text)
    __use_no_semihosting_swi                 0x080004e9   Thumb Code     2  use_no_semi.o(.text)
    __semihosting_library_function           0x080004eb   Thumb Code     0  indicate_semi.o(.text)
    __user_setup_stackheap                   0x080004eb   Thumb Code    74  sys_stackheap_outer.o(.text)
    exit                                     0x08000535   Thumb Code    18  exit.o(.text)
    _sys_exit                                0x08000549   Thumb Code     8  sys_exit.o(.text)
    ACPowerOKInState                         0x08000555   Thumb Code    90  keyin.o(i.ACPowerOKInState)
    ADS1115_Driver_Initilization             0x08000615   Thumb Code   280  ads1115driver.o(i.ADS1115_Driver_Initilization)
    ADS1115_Driver_MainLoop                  0x08000779   Thumb Code   740  ads1115driver.o(i.ADS1115_Driver_MainLoop)
    APPL_Application                         0x08000b6f   Thumb Code     2  robot-device.o(i.APPL_Application)
    APPL_InputMapping                        0x08000b71   Thumb Code    16  robot-device.o(i.APPL_InputMapping)
    APPL_OutputMapping                       0x08000b85   Thumb Code    16  robot-device.o(i.APPL_OutputMapping)
    BusFault_Handler                         0x08000b99   Thumb Code     4  stm32f4xx_it.o(i.BusFault_Handler)
    CAN1_RX0_IRQHandler                      0x08000b9d   Thumb Code    10  stm32f4xx_it.o(i.CAN1_RX0_IRQHandler)
    COE_UpdateSyncErrorStatus                0x08000bad   Thumb Code    78  coeappl.o(i.COE_UpdateSyncErrorStatus)
    CRC16_CCITT                              0x08000c09   Thumb Code    46  crc16.o(i.CRC16_CCITT)
    CSHIGH                                   0x08000c3d   Thumb Code    34  spidriver.o(i.CSHIGH)
    CSLOW                                    0x08000c69   Thumb Code    38  spidriver.o(i.CSLOW)
    DebugMon_Handler                         0x08000c99   Thumb Code     2  stm32f4xx_it.o(i.DebugMon_Handler)
    ECAT_Application                         0x08000c9d   Thumb Code   186  ecatappl.o(i.ECAT_Application)
    EXTI1_IRQHandler                         0x08000d75   Thumb Code    14  stm32f4xx_it.o(i.EXTI1_IRQHandler)
    EXTI2_IRQHandler                         0x08000d83   Thumb Code    14  stm32f4xx_it.o(i.EXTI2_IRQHandler)
    EXTI3_IRQHandler                         0x08000d91   Thumb Code    14  stm32f4xx_it.o(i.EXTI3_IRQHandler)
    Error_Handler                            0x08000d9f   Thumb Code     6  main.o(i.Error_Handler)
    GetSystemTimeDelay                       0x08000da5   Thumb Code    70  ecatappl.o(i.GetSystemTimeDelay)
    HAL_CAN_ErrorCallback                    0x08000df1   Thumb Code     2  stm32f4xx_hal_can.o(i.HAL_CAN_ErrorCallback)
    HAL_CAN_IRQHandler                       0x08000df3   Thumb Code   590  stm32f4xx_hal_can.o(i.HAL_CAN_IRQHandler)
    HAL_CAN_Init                             0x08001041   Thumb Code   372  stm32f4xx_hal_can.o(i.HAL_CAN_Init)
    HAL_CAN_MspInit                          0x080011b5   Thumb Code   140  stm32f4xx_hal_msp.o(i.HAL_CAN_MspInit)
    HAL_CAN_RxFifo0FullCallback              0x0800124d   Thumb Code     2  stm32f4xx_hal_can.o(i.HAL_CAN_RxFifo0FullCallback)
    HAL_CAN_RxFifo0MsgPendingCallback        0x0800124f   Thumb Code     2  stm32f4xx_hal_can.o(i.HAL_CAN_RxFifo0MsgPendingCallback)
    HAL_CAN_RxFifo1FullCallback              0x08001251   Thumb Code     2  stm32f4xx_hal_can.o(i.HAL_CAN_RxFifo1FullCallback)
    HAL_CAN_RxFifo1MsgPendingCallback        0x08001253   Thumb Code     2  stm32f4xx_hal_can.o(i.HAL_CAN_RxFifo1MsgPendingCallback)
    HAL_CAN_SleepCallback                    0x08001255   Thumb Code     2  stm32f4xx_hal_can.o(i.HAL_CAN_SleepCallback)
    HAL_CAN_TxMailbox0AbortCallback          0x08001257   Thumb Code     2  stm32f4xx_hal_can.o(i.HAL_CAN_TxMailbox0AbortCallback)
    HAL_CAN_TxMailbox0CompleteCallback       0x08001259   Thumb Code     2  stm32f4xx_hal_can.o(i.HAL_CAN_TxMailbox0CompleteCallback)
    HAL_CAN_TxMailbox1AbortCallback          0x0800125b   Thumb Code     2  stm32f4xx_hal_can.o(i.HAL_CAN_TxMailbox1AbortCallback)
    HAL_CAN_TxMailbox1CompleteCallback       0x0800125d   Thumb Code     2  stm32f4xx_hal_can.o(i.HAL_CAN_TxMailbox1CompleteCallback)
    HAL_CAN_TxMailbox2AbortCallback          0x0800125f   Thumb Code     2  stm32f4xx_hal_can.o(i.HAL_CAN_TxMailbox2AbortCallback)
    HAL_CAN_TxMailbox2CompleteCallback       0x08001261   Thumb Code     2  stm32f4xx_hal_can.o(i.HAL_CAN_TxMailbox2CompleteCallback)
    HAL_CAN_WakeUpFromRxMsgCallback          0x08001263   Thumb Code     2  stm32f4xx_hal_can.o(i.HAL_CAN_WakeUpFromRxMsgCallback)
    HAL_DMA_Abort                            0x08001265   Thumb Code   172  stm32f4xx_hal_dma.o(i.HAL_DMA_Abort)
    HAL_DMA_Abort_IT                         0x08001311   Thumb Code    40  stm32f4xx_hal_dma.o(i.HAL_DMA_Abort_IT)
    HAL_Delay                                0x08001339   Thumb Code    36  stm32f4xx_hal.o(i.HAL_Delay)
    HAL_GPIO_EXTI_Callback                   0x08001361   Thumb Code     2  stm32f4xx_hal_gpio.o(i.HAL_GPIO_EXTI_Callback)
    HAL_GPIO_EXTI_IRQHandler                 0x08001365   Thumb Code    24  stm32f4xx_hal_gpio.o(i.HAL_GPIO_EXTI_IRQHandler)
    HAL_GPIO_Init                            0x08001381   Thumb Code   452  stm32f4xx_hal_gpio.o(i.HAL_GPIO_Init)
    HAL_GPIO_ReadPin                         0x08001571   Thumb Code    16  stm32f4xx_hal_gpio.o(i.HAL_GPIO_ReadPin)
    HAL_GPIO_WritePin                        0x08001581   Thumb Code    12  stm32f4xx_hal_gpio.o(i.HAL_GPIO_WritePin)
    HAL_GetTick                              0x0800158d   Thumb Code     6  stm32f4xx_hal.o(i.HAL_GetTick)
    HAL_I2C_Init                             0x08001599   Thumb Code   446  stm32f4xx_hal_i2c.o(i.HAL_I2C_Init)
    HAL_I2C_Master_Receive                   0x08001769   Thumb Code   748  stm32f4xx_hal_i2c.o(i.HAL_I2C_Master_Receive)
    HAL_I2C_Master_Transmit                  0x08001a61   Thumb Code   360  stm32f4xx_hal_i2c.o(i.HAL_I2C_Master_Transmit)
    HAL_I2C_MspInit                          0x08001bd1   Thumb Code   392  stm32f4xx_hal_msp.o(i.HAL_I2C_MspInit)
    HAL_IncTick                              0x08001d75   Thumb Code    16  stm32f4xx_hal.o(i.HAL_IncTick)
    HAL_Init                                 0x08001d8d   Thumb Code    54  stm32f4xx_hal.o(i.HAL_Init)
    HAL_InitTick                             0x08001dc9   Thumb Code    64  stm32f4xx_hal.o(i.HAL_InitTick)
    HAL_MspInit                              0x08001e15   Thumb Code    74  stm32f4xx_hal_msp.o(i.HAL_MspInit)
    HAL_NVIC_DisableIRQ                      0x08001e65   Thumb Code    22  stm32f4xx_hal_cortex.o(i.HAL_NVIC_DisableIRQ)
    HAL_NVIC_EnableIRQ                       0x08001e81   Thumb Code    26  stm32f4xx_hal_cortex.o(i.HAL_NVIC_EnableIRQ)
    HAL_NVIC_SetPriority                     0x08001e9b   Thumb Code   124  stm32f4xx_hal_cortex.o(i.HAL_NVIC_SetPriority)
    HAL_NVIC_SetPriorityGrouping             0x08001f19   Thumb Code    32  stm32f4xx_hal_cortex.o(i.HAL_NVIC_SetPriorityGrouping)
    HAL_RCC_ClockConfig                      0x08001f41   Thumb Code   368  stm32f4xx_hal_rcc.o(i.HAL_RCC_ClockConfig)
    HAL_RCC_GetHCLKFreq                      0x080020c5   Thumb Code     6  stm32f4xx_hal_rcc.o(i.HAL_RCC_GetHCLKFreq)
    HAL_RCC_GetPCLK1Freq                     0x080020d1   Thumb Code    22  stm32f4xx_hal_rcc.o(i.HAL_RCC_GetPCLK1Freq)
    HAL_RCC_GetPCLK2Freq                     0x080020f1   Thumb Code    22  stm32f4xx_hal_rcc.o(i.HAL_RCC_GetPCLK2Freq)
    HAL_RCC_GetSysClockFreq                  0x08002111   Thumb Code   162  stm32f4xx_hal_rcc.o(i.HAL_RCC_GetSysClockFreq)
    HAL_RCC_OscConfig                        0x080021c1   Thumb Code  1172  stm32f4xx_hal_rcc.o(i.HAL_RCC_OscConfig)
    HAL_SPI_Init                             0x0800265d   Thumb Code   200  stm32f4xx_hal_spi.o(i.HAL_SPI_Init)
    HAL_SPI_MspInit                          0x08002725   Thumb Code   124  stm32f4xx_hal_msp.o(i.HAL_SPI_MspInit)
    HAL_SPI_TransmitReceive                  0x080027ad   Thumb Code   554  stm32f4xx_hal_spi.o(i.HAL_SPI_TransmitReceive)
    HAL_SYSTICK_Config                       0x080029d7   Thumb Code    52  stm32f4xx_hal_cortex.o(i.HAL_SYSTICK_Config)
    HAL_UARTEx_ReceiveToIdle_IT              0x08002a0b   Thumb Code   130  stm32f4xx_hal_uart.o(i.HAL_UARTEx_ReceiveToIdle_IT)
    HAL_UARTEx_RxEventCallback               0x08002a8d   Thumb Code     2  stm32f4xx_hal_uart.o(i.HAL_UARTEx_RxEventCallback)
    HAL_UART_AbortCpltCallback               0x08002a8f   Thumb Code     2  stm32f4xx_hal_uart.o(i.HAL_UART_AbortCpltCallback)
    HAL_UART_AbortReceiveCpltCallback        0x08002a91   Thumb Code     2  stm32f4xx_hal_uart.o(i.HAL_UART_AbortReceiveCpltCallback)
    HAL_UART_AbortTransmitCpltCallback       0x08002a93   Thumb Code     2  stm32f4xx_hal_uart.o(i.HAL_UART_AbortTransmitCpltCallback)
    HAL_UART_ErrorCallback                   0x08002a95   Thumb Code     2  stm32f4xx_hal_uart.o(i.HAL_UART_ErrorCallback)
    HAL_UART_IRQHandler                      0x08002a99   Thumb Code   732  stm32f4xx_hal_uart.o(i.HAL_UART_IRQHandler)
    HAL_UART_Init                            0x08002d79   Thumb Code   128  stm32f4xx_hal_uart.o(i.HAL_UART_Init)
    HAL_UART_MspInit                         0x08002dfd   Thumb Code   266  stm32f4xx_hal_msp.o(i.HAL_UART_MspInit)
    HAL_UART_RxCpltCallback                  0x08002f19   Thumb Code     2  stm32f4xx_hal_uart.o(i.HAL_UART_RxCpltCallback)
    HAL_UART_RxHalfCpltCallback              0x08002f1b   Thumb Code     2  stm32f4xx_hal_uart.o(i.HAL_UART_RxHalfCpltCallback)
    HAL_UART_Transmit                        0x08002f1d   Thumb Code   210  stm32f4xx_hal_uart.o(i.HAL_UART_Transmit)
    HAL_UART_TxCpltCallback                  0x08002fef   Thumb Code     2  stm32f4xx_hal_uart.o(i.HAL_UART_TxCpltCallback)
    HAL_UART_TxHalfCpltCallback              0x08002ff1   Thumb Code     2  stm32f4xx_hal_uart.o(i.HAL_UART_TxHalfCpltCallback)
    HW_EscRead                               0x08002ff3   Thumb Code   114  9252_hw.o(i.HW_EscRead)
    HW_EscReadIsr                            0x08003065   Thumb Code   102  9252_hw.o(i.HW_EscReadIsr)
    HW_EscWriteIsr                           0x080030cb   Thumb Code   102  9252_hw.o(i.HW_EscWriteIsr)
    HW_GetALEventRegister_Isr                0x08003131   Thumb Code    12  9252_hw.o(i.HW_GetALEventRegister_Isr)
    HandleCycleTimeMeasurement               0x08003141   Thumb Code    88  ecatappl.o(i.HandleCycleTimeMeasurement)
    HardFault_Handler                        0x080031a9   Thumb Code     4  stm32f4xx_it.o(i.HardFault_Handler)
    KeyScan                                  0x0800367d   Thumb Code    48  keyin.o(i.KeyScan)
    MemManage_Handler                        0x08003ba5   Thumb Code     4  stm32f4xx_it.o(i.MemManage_Handler)
    NMI_Handler                              0x08003ba9   Thumb Code     4  stm32f4xx_it.o(i.NMI_Handler)
    PDIReadReg                               0x08003be5   Thumb Code    38  spidriver.o(i.PDIReadReg)
    PDIWriteReg                              0x08003c0b   Thumb Code    38  spidriver.o(i.PDIWriteReg)
    PDI_Disable_Global_Interrupt             0x08003c31   Thumb Code    24  pdidriver.o(i.PDI_Disable_Global_Interrupt)
    PDI_Enable_Global_interrupt              0x08003c49   Thumb Code    22  pdidriver.o(i.PDI_Enable_Global_interrupt)
    PDI_Isr                                  0x08003c61   Thumb Code   286  ecatappl.o(i.PDI_Isr)
    PDI_Restore_Global_Interrupt             0x08003db5   Thumb Code    12  pdidriver.o(i.PDI_Restore_Global_Interrupt)
    PDO_InputMapping                         0x08003dc1   Thumb Code   164  ecatappl.o(i.PDO_InputMapping)
    PDO_OutputMapping                        0x08003e81   Thumb Code   118  ecatappl.o(i.PDO_OutputMapping)
    PendSV_Handler                           0x08003f19   Thumb Code     2  stm32f4xx_it.o(i.PendSV_Handler)
    PowerOffKeyInState                       0x08003fb9   Thumb Code   160  keyin.o(i.PowerOffKeyInState)
    PowerOffREMOTEKeyInState                 0x0800406d   Thumb Code   166  keyin.o(i.PowerOffREMOTEKeyInState)
    PowerOnKeyInState                        0x080041cd   Thumb Code   156  keyin.o(i.PowerOnKeyInState)
    PowerOnRemoteKeyInState                  0x0800427d   Thumb Code   162  keyin.o(i.PowerOnRemoteKeyInState)
    Power_Command_Initilization              0x08004335   Thumb Code    10  command.o(i.Power_Command_Initilization)
    Power_Command_Main_Loop                  0x08004349   Thumb Code   130  command.o(i.Power_Command_Main_Loop)
    Power_Command_Transmit                   0x080044e5   Thumb Code    90  command.o(i.Power_Command_Transmit)
    Reboot_mode_operation                    0x08004551   Thumb Code   110  powermenu.o(i.Reboot_mode_operation)
    SPIReadDWord                             0x08004741   Thumb Code    88  spidriver.o(i.SPIReadDWord)
    SPIReadPDRamRegister                     0x080047a5   Thumb Code   320  spidriver.o(i.SPIReadPDRamRegister)
    SPIReadRegUsingCSR                       0x080048f1   Thumb Code   110  spidriver.o(i.SPIReadRegUsingCSR)
    SPIWriteDWord                            0x080049dd   Thumb Code   106  spidriver.o(i.SPIWriteDWord)
    SPIWritePDRamRegister                    0x08004a55   Thumb Code   312  spidriver.o(i.SPIWritePDRamRegister)
    SPIWriteRegUsingCSR                      0x08004b99   Thumb Code   110  spidriver.o(i.SPIWriteRegUsingCSR)
    SU2SM_RxIdleEventCallback                0x08004dad   Thumb Code    76  command.o(i.SU2SM_RxIdleEventCallback)
    SVC_Handler                              0x08004e0d   Thumb Code     2  stm32f4xx_it.o(i.SVC_Handler)
    Sync0_Isr                                0x08004e11   Thumb Code   288  ecatappl.o(i.Sync0_Isr)
    Sync1_Isr                                0x08004f61   Thumb Code    50  ecatappl.o(i.Sync1_Isr)
    SysTick_Handler                          0x08004fad   Thumb Code     8  stm32f4xx_it.o(i.SysTick_Handler)
    SystemClock_Config                       0x08004fb5   Thumb Code   174  main.o(i.SystemClock_Config)
    SystemInit                               0x0800506d   Thumb Code    14  system_stm32f4xx.o(i.SystemInit)
    UART_InitCallbacksToDefault              0x08005121   Thumb Code    38  stm32f4xx_hal_uart.o(i.UART_InitCallbacksToDefault)
    UART_Start_Receive_IT                    0x08005491   Thumb Code    70  stm32f4xx_hal_uart.o(i.UART_Start_Receive_IT)
    USART1_IRQHandler                        0x080055c9   Thumb Code    10  stm32f4xx_it.o(i.USART1_IRQHandler)
    USART2_IRQHandler                        0x080055d9   Thumb Code    10  stm32f4xx_it.o(i.USART2_IRQHandler)
    UsageFault_Handler                       0x080055e9   Thumb Code     4  stm32f4xx_it.o(i.UsageFault_Handler)
    close_all_dr_save_state                  0x080055ed   Thumb Code    46  powermenu.o(i.close_all_dr_save_state)
    first_open_dr_save_state                 0x08005629   Thumb Code    36  powermenu.o(i.first_open_dr_save_state)
    force_shutdown                           0x08005659   Thumb Code    46  powermenu.o(i.force_shutdown)
    look_up_table                            0x08005691   Thumb Code   128  temperaturedriver.o(i.look_up_table)
    main                                     0x08005711   Thumb Code   116  main.o(i.main)
    num_to_temperature                       0x080057b5   Thumb Code    20  temperaturedriver.o(i.num_to_temperature)
    save_ntc2_data                           0x080057c9   Thumb Code   172  temperaturedriver.o(i.save_ntc2_data)
    shutdown_mode_operation                  0x08005885   Thumb Code    80  powermenu.o(i.shutdown_mode_operation)
    softwarepoweroff_mode_operation          0x080058dd   Thumb Code    80  powermenu.o(i.softwarepoweroff_mode_operation)
    work_mode_operation                      0x08005935   Thumb Code   196  powermenu.o(i.work_mode_operation)
    __aeabi_d2f                              0x08005a0d   Thumb Code     0  d2f.o(x$fpl$d2f)
    _d2f                                     0x08005a0d   Thumb Code    98  d2f.o(x$fpl$d2f)
    __aeabi_dadd                             0x08005a71   Thumb Code     0  daddsub_clz.o(x$fpl$dadd)
    _dadd                                    0x08005a71   Thumb Code   332  daddsub_clz.o(x$fpl$dadd)
    __aeabi_ddiv                             0x08005bc1   Thumb Code     0  ddiv.o(x$fpl$ddiv)
    _ddiv                                    0x08005bc1   Thumb Code   552  ddiv.o(x$fpl$ddiv)
    __aeabi_d2uiz                            0x08005e71   Thumb Code     0  dfixu.o(x$fpl$dfixu)
    _dfixu                                   0x08005e71   Thumb Code    90  dfixu.o(x$fpl$dfixu)
    __aeabi_i2d                              0x08005ecb   Thumb Code     0  dflt_clz.o(x$fpl$dflt)
    _dflt                                    0x08005ecb   Thumb Code    46  dflt_clz.o(x$fpl$dflt)
    __aeabi_dmul                             0x08005ef9   Thumb Code     0  dmul.o(x$fpl$dmul)
    _dmul                                    0x08005ef9   Thumb Code   332  dmul.o(x$fpl$dmul)
    __fpl_dnaninf                            0x0800604d   Thumb Code   156  dnaninf.o(x$fpl$dnaninf)
    __fpl_dretinf                            0x080060e9   Thumb Code    12  dretinf.o(x$fpl$dretinf)
    __aeabi_dsub                             0x080060f5   Thumb Code     0  daddsub_clz.o(x$fpl$dsub)
    _dsub                                    0x080060f5   Thumb Code   464  daddsub_clz.o(x$fpl$dsub)
    __aeabi_f2d                              0x080062c9   Thumb Code     0  f2d.o(x$fpl$f2d)
    _f2d                                     0x080062c9   Thumb Code    86  f2d.o(x$fpl$f2d)
    __fpl_fnaninf                            0x0800631f   Thumb Code   140  fnaninf.o(x$fpl$fnaninf)
    _fp_init                                 0x080063ab   Thumb Code    10  fpinit.o(x$fpl$fpinit)
    __fplib_config_fpu_vfp                   0x080063b3   Thumb Code     0  fpinit.o(x$fpl$fpinit)
    __fplib_config_pureend_doubles           0x080063b3   Thumb Code     0  fpinit.o(x$fpl$fpinit)
    __fpl_fretinf                            0x080063b5   Thumb Code    10  fretinf.o(x$fpl$fretinf)
    __I$use$fp                               0x080063be   Number         0  usenofp.o(x$fpl$usenofp)
    ADS1115ConversionTimeTable               0x080063c0   Data          32  ads1115driver.o(.constdata)
    AHBPrescTable                            0x08006458   Data          16  system_stm32f4xx.o(.constdata)
    APBPrescTable                            0x08006468   Data           8  system_stm32f4xx.o(.constdata)
    Region$$Table$$Base                      0x08006470   Number         0  anon$$obj.o(Region$$Table)
    Region$$Table$$Limit                     0x08006490   Number         0  anon$$obj.o(Region$$Table)
    restore_intsts                           0x20000000   Data           4  9252_hw.o(.data)
    EscALEvent                               0x20000004   Data           2  9252_hw.o(.data)
    nAlEventMask                             0x20000006   Data           2  9252_hw.o(.data)
    TmpSyncMan                               0x20000008   Data           8  9252_hw.o(.data)
    bEcatWaitForInputUpdate                  0x20000010   Data           1  ecatappl.o(.data)
    bEtherCATRunLed                          0x20000011   Data           1  ecatappl.o(.data)
    bEtherCATErrorLed                        0x20000012   Data           1  ecatappl.o(.data)
    bRunApplication                          0x20000013   Data           1  ecatappl.o(.data)
    pAPPL_FoeRead                            0x20000014   Data           4  ecatappl.o(.data)
    pAPPL_FoeReadData                        0x20000018   Data           4  ecatappl.o(.data)
    pAPPL_FoeError                           0x2000001c   Data           4  ecatappl.o(.data)
    pAPPL_FoeWrite                           0x20000020   Data           4  ecatappl.o(.data)
    pAPPL_FoeWriteData                       0x20000024   Data           4  ecatappl.o(.data)
    pAPPL_CoeReadInd                         0x20000028   Data           4  ecatappl.o(.data)
    pAPPL_CoeWriteInd                        0x2000002c   Data           4  ecatappl.o(.data)
    pAPPL_MainLoop                           0x20000030   Data           4  ecatappl.o(.data)
    u32CycleTimeStartValue                   0x20000034   Data           4  ecatappl.o(.data)
    u32MinCycleTimeStartValue                0x20000038   Data           4  ecatappl.o(.data)
    u32SystemTimeReadFailure                 0x2000003c   Data           4  ecatappl.o(.data)
    bMinCycleTimeMeasurementStarted          0x20000040   Data           1  ecatappl.o(.data)
    u32MinCycleTimeValue                     0x20000044   Data           4  ecatappl.o(.data)
    bInitFinished                            0x20000048   Data           1  ecatappl.o(.data)
    bBootMode                                0x2000004a   Data           1  ecatslv.o(.data)
    bEcatOutputUpdateRunning                 0x2000004b   Data           1  ecatslv.o(.data)
    bEcatInputUpdateRunning                  0x2000004c   Data           1  ecatslv.o(.data)
    bEcatFirstOutputsReceived                0x2000004d   Data           1  ecatslv.o(.data)
    bWdTrigger                               0x2000004e   Data           1  ecatslv.o(.data)
    bDcSyncActive                            0x2000004f   Data           1  ecatslv.o(.data)
    EsmTimeoutCounter                        0x20000050   Data           2  ecatslv.o(.data)
    bDcRunning                               0x20000052   Data           1  ecatslv.o(.data)
    u16SmSync0Counter                        0x20000054   Data           2  ecatslv.o(.data)
    u16SmSync0Value                          0x20000056   Data           2  ecatslv.o(.data)
    bSmSyncSequenceValid                     0x20000058   Data           1  ecatslv.o(.data)
    i16WaitForPllRunningTimeout              0x2000005a   Data           2  ecatslv.o(.data)
    i16WaitForPllRunningCnt                  0x2000005c   Data           2  ecatslv.o(.data)
    Sync0WdCounter                           0x2000005e   Data           2  ecatslv.o(.data)
    Sync0WdValue                             0x20000060   Data           2  ecatslv.o(.data)
    Sync1WdCounter                           0x20000062   Data           2  ecatslv.o(.data)
    Sync1WdValue                             0x20000064   Data           2  ecatslv.o(.data)
    LatchInputSync0Value                     0x20000066   Data           2  ecatslv.o(.data)
    LatchInputSync0Counter                   0x20000068   Data           2  ecatslv.o(.data)
    b32BitDc                                 0x2000006a   Data           1  ecatslv.o(.data)
    bEscIntEnabled                           0x2000006b   Data           1  ecatslv.o(.data)
    b3BufferMode                             0x2000006c   Data           1  ecatslv.o(.data)
    u16LocalErrorCode                        0x2000006e   Data           2  ecatslv.o(.data)
    u8LocalErrorState                        0x20000070   Data           1  ecatslv.o(.data)
    bApplEsmPending                          0x20000071   Data           1  ecatslv.o(.data)
    bEcatWaitForAlControlRes                 0x20000072   Data           1  ecatslv.o(.data)
    nEcatStateTrans                          0x20000074   Data           2  ecatslv.o(.data)
    u8EcatErrorLed                           0x20000076   Data           1  ecatslv.o(.data)
    u8EcatRunLed                             0x20000077   Data           1  ecatslv.o(.data)
    nPdInputSize                             0x20000078   Data           2  ecatslv.o(.data)
    nPdOutputSize                            0x2000007a   Data           2  ecatslv.o(.data)
    nMaxSyncMan                              0x2000007c   Data           1  ecatslv.o(.data)
    nMaxEscAddress                           0x2000007e   Data           2  ecatslv.o(.data)
    nAlStatus                                0x20000080   Data           1  ecatslv.o(.data)
    bExplicitDevIdRequested                  0x20000081   Data           1  ecatslv.o(.data)
    EcatWdValue                              0x20000082   Data           2  ecatslv.o(.data)
    nEscAddrOutputData                       0x20000084   Data           2  ecatslv.o(.data)
    nEscAddrInputData                        0x20000086   Data           2  ecatslv.o(.data)
    u16ALEventMask                           0x20000088   Data           2  ecatslv.o(.data)
    u16IdValue                               0x2000008a   Data           2  ecatslv.o(.data)
    u16dummy                                 0x2000008c   Data           2  ecatslv.o(.data)
    SMActivate                               0x2000008e   Data           2  ecatslv.o(.data)
    SyncManInfo                              0x20000090   Data           8  ecatslv.o(.data)
    EepromLoaded                             0x20000098   Data           1  ecatslv.o(.data)
    bSyncSetByUser                           0x2000009c   Data           1  objdef.o(.data)
    sCycleDiag                               0x2000009e   Data           2  objdef.o(.data)
    sErrorSettings                           0x200000a0   Data          12  objdef.o(.data)
    aSubindexDesc                            0x200000ac   Data          13  objdef.o(.data)
    OUT_GENERICProcessDataMapping0x1600      0x200000bc   Data         264  robot-device.o(.data)
    IN_GENERICProcessDataMapping0x1A00       0x200001c4   Data         276  robot-device.o(.data)
    sRxPDOassign                             0x200002d8   Data           4  robot-device.o(.data)
    sTxPDOassign                             0x200002dc   Data           4  robot-device.o(.data)
    IN_GENERIC0x6000                         0x200002e0   Data          72  robot-device.o(.data)
    OUT_GENERIC0x7000                        0x20000328   Data          62  robot-device.o(.data)
    ParameterConfiguration0x8000             0x20000368   Data          48  robot-device.o(.data)
    ModularDeviceProfile0xF000               0x20000398   Data           6  robot-device.o(.data)
    EcatHspiPtr                              0x200003a0   Data           4  spidriver.o(.data)
    I2C_Ptr_48V_NTC                          0x200003a4   Data           4  ads1115driver.o(.data)
    I2C_Ptr_24V                              0x200003a8   Data           4  ads1115driver.o(.data)
    I2C_Ptr_AI                               0x200003ac   Data           4  ads1115driver.o(.data)
    ADS1115_AnalogVoltageInput0              0x200003ec   Data          40  ads1115driver.o(.data)
    ADS1115_AnalogVoltageInput1              0x20000414   Data          40  ads1115driver.o(.data)
    ADS1115_AnalogCurrentInput0              0x2000043c   Data          40  ads1115driver.o(.data)
    ADS1115_AnalogCurrentInput1              0x20000464   Data          40  ads1115driver.o(.data)
    ADS1115_Voltage48V                       0x2000048c   Data          40  ads1115driver.o(.data)
    ADS1115_Current48V                       0x200004b4   Data          40  ads1115driver.o(.data)
    ADS1115_NTC                              0x200004dc   Data          40  ads1115driver.o(.data)
    ADS1115_Voltage24V                       0x20000504   Data          40  ads1115driver.o(.data)
    ADS1115_Current24V                       0x2000052c   Data          40  ads1115driver.o(.data)
    Reboot_Flag                              0x20000754   Data           1  command.o(.data)
    Uart_HandlePtr                           0x20000758   Data           4  command.o(.data)
    Udma_UartRx_HandlePtr                    0x2000075c   Data           4  command.o(.data)
    Udma_Uarttx_HandlePtr                    0x20000760   Data           4  command.o(.data)
    sampling_flag                            0x20000770   Data           1  powermenu.o(.data)
    POWERON_KEYIN_TIMER                      0x20000798   Data           4  keyin.o(.data)
    POWERON_KEYIN_STATE                      0x2000079c   Data           1  keyin.o(.data)
    POWERONREMOTE_KEYIN_TIMER                0x200007a0   Data           4  keyin.o(.data)
    POWERONREMOTE_KEYIN_STATE                0x200007a4   Data           1  keyin.o(.data)
    POWEROFF_KEYIN_TIMER                     0x200007a8   Data           4  keyin.o(.data)
    POWEROFF_KEYIN_STATE                     0x200007ac   Data           1  keyin.o(.data)
    POWEROFFREMOTE_KEYIN_TIMER               0x200007b0   Data           4  keyin.o(.data)
    POWEROFFREMOTE_KEYIN_STATE               0x200007b4   Data           1  keyin.o(.data)
    ACPowerOK_TEST_FLAG                      0x200007b5   Data           1  keyin.o(.data)
    uwTick                                   0x20000a34   Data           4  stm32f4xx_hal.o(.data)
    uwTickPrio                               0x20000a38   Data           4  stm32f4xx_hal.o(.data)
    uwTickFreq                               0x20000a3c   Data           1  stm32f4xx_hal.o(.data)
    SystemCoreClock                          0x20000a40   Data           4  system_stm32f4xx.o(.data)
    hcan1                                    0x20000a44   Data          40  main.o(.bss)
    hi2c1                                    0x20000a6c   Data          84  main.o(.bss)
    hi2c2                                    0x20000ac0   Data          84  main.o(.bss)
    hi2c3                                    0x20000b14   Data          84  main.o(.bss)
    hspi3                                    0x20000b68   Data          88  main.o(.bss)
    huart1                                   0x20000bc0   Data         116  main.o(.bss)
    huart2                                   0x20000c34   Data         116  main.o(.bss)
    aPdOutputData                            0x20000ca8   Data         256  ecatappl.o(.bss)
    aPdInputData                             0x20000da8   Data         256  ecatappl.o(.bss)
    sSyncManOutPar                           0x20000ea8   Data          68  objdef.o(.bss)
    sSyncManInPar                            0x20000eec   Data          68  objdef.o(.bss)
    EcatSpiReadBuffer                        0x20000f30   Data         512  spidriver.o(.bss)
    EcatSpiWriteBuffer                       0x20001130   Data         512  spidriver.o(.bss)
    PowerCommandRxBuffer                     0x20001330   Data          32  command.o(.bss)
    PowerCommandTxBuffer                     0x20001350   Data          32  command.o(.bss)
    PowerCommandReceived                     0x20001370   Data          32  command.o(.bss)
    power_manage                             0x20001390   Data          26  keyin.o(.bss)
    __libspace_start                         0x200013ac   Data          96  libspace.o(.bss)
    __temporary_stack_top$libspace           0x2000140c   Data           0  libspace.o(.bss)



==============================================================================

Memory Map of the image

  Image Entry point : 0x08000189

  Load Region LR_IROM1 (Base: 0x08000000, Size: 0x00006ed4, Max: 0x00080000, ABSOLUTE, COMPRESSED[0x00006968])

    Execution Region ER_IROM1 (Base: 0x08000000, Size: 0x00006490, Max: 0x00080000, ABSOLUTE)

    Base Addr    Size         Type   Attr      Idx    E Section Name        Object

    0x08000000   0x00000188   Data   RO         4640    RESET               startup_stm32f407xx.o
    0x08000188   0x00000008   Code   RO         4758  * !!!main             c_w.l(__main.o)
    0x08000190   0x00000034   Code   RO         5006    !!!scatter          c_w.l(__scatter.o)
    0x080001c4   0x00000064   Code   RO         5004    !!dclz77c           c_w.l(__dclz77c.o)
    0x08000228   0x0000001c   Code   RO         5008    !!handler_zi        c_w.l(__scatter_zi.o)
    0x08000244   0x00000002   Code   RO         4943    .ARM.Collect$$libinit$$00000000  c_w.l(libinit.o)
    0x08000246   0x00000004   Code   RO         4820    .ARM.Collect$$libinit$$00000001  c_w.l(libinit2.o)
    0x0800024a   0x00000000   Code   RO         4823    .ARM.Collect$$libinit$$00000004  c_w.l(libinit2.o)
    0x0800024a   0x00000000   Code   RO         4826    .ARM.Collect$$libinit$$0000000A  c_w.l(libinit2.o)
    0x0800024a   0x00000000   Code   RO         4828    .ARM.Collect$$libinit$$0000000C  c_w.l(libinit2.o)
    0x0800024a   0x00000000   Code   RO         4830    .ARM.Collect$$libinit$$0000000E  c_w.l(libinit2.o)
    0x0800024a   0x00000000   Code   RO         4833    .ARM.Collect$$libinit$$00000011  c_w.l(libinit2.o)
    0x0800024a   0x00000000   Code   RO         4835    .ARM.Collect$$libinit$$00000013  c_w.l(libinit2.o)
    0x0800024a   0x00000000   Code   RO         4837    .ARM.Collect$$libinit$$00000015  c_w.l(libinit2.o)
    0x0800024a   0x00000000   Code   RO         4839    .ARM.Collect$$libinit$$00000017  c_w.l(libinit2.o)
    0x0800024a   0x00000000   Code   RO         4841    .ARM.Collect$$libinit$$00000019  c_w.l(libinit2.o)
    0x0800024a   0x00000000   Code   RO         4843    .ARM.Collect$$libinit$$0000001B  c_w.l(libinit2.o)
    0x0800024a   0x00000000   Code   RO         4845    .ARM.Collect$$libinit$$0000001D  c_w.l(libinit2.o)
    0x0800024a   0x00000000   Code   RO         4847    .ARM.Collect$$libinit$$0000001F  c_w.l(libinit2.o)
    0x0800024a   0x00000000   Code   RO         4849    .ARM.Collect$$libinit$$00000021  c_w.l(libinit2.o)
    0x0800024a   0x00000000   Code   RO         4851    .ARM.Collect$$libinit$$00000023  c_w.l(libinit2.o)
    0x0800024a   0x00000000   Code   RO         4853    .ARM.Collect$$libinit$$00000025  c_w.l(libinit2.o)
    0x0800024a   0x00000000   Code   RO         4857    .ARM.Collect$$libinit$$0000002C  c_w.l(libinit2.o)
    0x0800024a   0x00000000   Code   RO         4859    .ARM.Collect$$libinit$$0000002E  c_w.l(libinit2.o)
    0x0800024a   0x00000000   Code   RO         4861    .ARM.Collect$$libinit$$00000030  c_w.l(libinit2.o)
    0x0800024a   0x00000000   Code   RO         4863    .ARM.Collect$$libinit$$00000032  c_w.l(libinit2.o)
    0x0800024a   0x00000002   Code   RO         4864    .ARM.Collect$$libinit$$00000033  c_w.l(libinit2.o)
    0x0800024c   0x00000002   Code   RO         5001    .ARM.Collect$$libshutdown$$00000000  c_w.l(libshutdown.o)
    0x0800024e   0x00000000   Code   RO         4959    .ARM.Collect$$libshutdown$$00000002  c_w.l(libshutdown2.o)
    0x0800024e   0x00000000   Code   RO         4961    .ARM.Collect$$libshutdown$$00000004  c_w.l(libshutdown2.o)
    0x0800024e   0x00000000   Code   RO         4964    .ARM.Collect$$libshutdown$$00000007  c_w.l(libshutdown2.o)
    0x0800024e   0x00000000   Code   RO         4967    .ARM.Collect$$libshutdown$$0000000A  c_w.l(libshutdown2.o)
    0x0800024e   0x00000000   Code   RO         4969    .ARM.Collect$$libshutdown$$0000000C  c_w.l(libshutdown2.o)
    0x0800024e   0x00000000   Code   RO         4972    .ARM.Collect$$libshutdown$$0000000F  c_w.l(libshutdown2.o)
    0x0800024e   0x00000002   Code   RO         4973    .ARM.Collect$$libshutdown$$00000010  c_w.l(libshutdown2.o)
    0x08000250   0x00000000   Code   RO         4788    .ARM.Collect$$rtentry$$00000000  c_w.l(__rtentry.o)
    0x08000250   0x00000000   Code   RO         4880    .ARM.Collect$$rtentry$$00000002  c_w.l(__rtentry2.o)
    0x08000250   0x00000006   Code   RO         4892    .ARM.Collect$$rtentry$$00000004  c_w.l(__rtentry4.o)
    0x08000256   0x00000000   Code   RO         4882    .ARM.Collect$$rtentry$$00000009  c_w.l(__rtentry2.o)
    0x08000256   0x00000004   Code   RO         4883    .ARM.Collect$$rtentry$$0000000A  c_w.l(__rtentry2.o)
    0x0800025a   0x00000000   Code   RO         4885    .ARM.Collect$$rtentry$$0000000C  c_w.l(__rtentry2.o)
    0x0800025a   0x00000008   Code   RO         4886    .ARM.Collect$$rtentry$$0000000D  c_w.l(__rtentry2.o)
    0x08000262   0x00000002   Code   RO         4946    .ARM.Collect$$rtexit$$00000000  c_w.l(rtexit.o)
    0x08000264   0x00000000   Code   RO         4977    .ARM.Collect$$rtexit$$00000002  c_w.l(rtexit2.o)
    0x08000264   0x00000004   Code   RO         4978    .ARM.Collect$$rtexit$$00000003  c_w.l(rtexit2.o)
    0x08000268   0x00000006   Code   RO         4979    .ARM.Collect$$rtexit$$00000004  c_w.l(rtexit2.o)
    0x0800026e   0x00000002   PAD
    0x08000270   0x00000040   Code   RO         4641    .text               startup_stm32f407xx.o
    0x080002b0   0x000000ee   Code   RO         4746    .text               c_w.l(lludivv7m.o)
    0x0800039e   0x0000008a   Code   RO         4750    .text               c_w.l(rt_memcpy_v6.o)
    0x08000428   0x00000064   Code   RO         4752    .text               c_w.l(rt_memcpy_w.o)
    0x0800048c   0x0000004e   Code   RO         4754    .text               c_w.l(rt_memclr_w.o)
    0x080004da   0x00000006   Code   RO         4756    .text               c_w.l(heapauxi.o)
    0x080004e0   0x00000008   Code   RO         4876    .text               c_w.l(libspace.o)
    0x080004e8   0x00000002   Code   RO         4915    .text               c_w.l(use_no_semi.o)
    0x080004ea   0x00000000   Code   RO         4917    .text               c_w.l(indicate_semi.o)
    0x080004ea   0x0000004a   Code   RO         4918    .text               c_w.l(sys_stackheap_outer.o)
    0x08000534   0x00000012   Code   RO         4924    .text               c_w.l(exit.o)
    0x08000546   0x00000002   PAD
    0x08000548   0x0000000c   Code   RO         4944    .text               c_w.l(sys_exit.o)
    0x08000554   0x0000006c   Code   RO         2084    i.ACPowerOKInState  keyin.o
    0x080005c0   0x00000052   Code   RO         1814    i.ADS1115_Config    ads1115driver.o
    0x08000612   0x00000002   PAD
    0x08000614   0x00000164   Code   RO         1815    i.ADS1115_Driver_Initilization  ads1115driver.o
    0x08000778   0x00000348   Code   RO         1816    i.ADS1115_Driver_MainLoop  ads1115driver.o
    0x08000ac0   0x000000ae   Code   RO         1817    i.ADS1115_Read_Sample  ads1115driver.o
    0x08000b6e   0x00000002   Code   RO         1472    i.APPL_Application  robot-device.o
    0x08000b70   0x00000014   Code   RO         1475    i.APPL_InputMapping  robot-device.o
    0x08000b84   0x00000014   Code   RO         1476    i.APPL_OutputMapping  robot-device.o
    0x08000b98   0x00000004   Code   RO          270    i.BusFault_Handler  stm32f4xx_it.o
    0x08000b9c   0x00000010   Code   RO          271    i.CAN1_RX0_IRQHandler  stm32f4xx_it.o
    0x08000bac   0x0000005c   Code   RO          578    i.COE_UpdateSyncErrorStatus  coeappl.o
    0x08000c08   0x00000034   Code   RO         2192    i.CRC16_CCITT       crc16.o
    0x08000c3c   0x0000002c   Code   RO         1712    i.CSHIGH            spidriver.o
    0x08000c68   0x00000030   Code   RO         1713    i.CSLOW             spidriver.o
    0x08000c98   0x00000002   Code   RO          272    i.DebugMon_Handler  stm32f4xx_it.o
    0x08000c9a   0x00000002   PAD
    0x08000c9c   0x000000d8   Code   RO          687    i.ECAT_Application  ecatappl.o
    0x08000d74   0x0000000e   Code   RO          273    i.EXTI1_IRQHandler  stm32f4xx_it.o
    0x08000d82   0x0000000e   Code   RO          274    i.EXTI2_IRQHandler  stm32f4xx_it.o
    0x08000d90   0x0000000e   Code   RO          275    i.EXTI3_IRQHandler  stm32f4xx_it.o
    0x08000d9e   0x00000006   Code   RO            4    i.Error_Handler     main.o
    0x08000da4   0x0000004c   Code   RO          691    i.GetSystemTimeDelay  ecatappl.o
    0x08000df0   0x00000002   Code   RO         2485    i.HAL_CAN_ErrorCallback  stm32f4xx_hal_can.o
    0x08000df2   0x0000024e   Code   RO         2492    i.HAL_CAN_IRQHandler  stm32f4xx_hal_can.o
    0x08001040   0x00000174   Code   RO         2493    i.HAL_CAN_Init      stm32f4xx_hal_can.o
    0x080011b4   0x00000098   Code   RO         2222    i.HAL_CAN_MspInit   stm32f4xx_hal_msp.o
    0x0800124c   0x00000002   Code   RO         2500    i.HAL_CAN_RxFifo0FullCallback  stm32f4xx_hal_can.o
    0x0800124e   0x00000002   Code   RO         2501    i.HAL_CAN_RxFifo0MsgPendingCallback  stm32f4xx_hal_can.o
    0x08001250   0x00000002   Code   RO         2502    i.HAL_CAN_RxFifo1FullCallback  stm32f4xx_hal_can.o
    0x08001252   0x00000002   Code   RO         2503    i.HAL_CAN_RxFifo1MsgPendingCallback  stm32f4xx_hal_can.o
    0x08001254   0x00000002   Code   RO         2504    i.HAL_CAN_SleepCallback  stm32f4xx_hal_can.o
    0x08001256   0x00000002   Code   RO         2507    i.HAL_CAN_TxMailbox0AbortCallback  stm32f4xx_hal_can.o
    0x08001258   0x00000002   Code   RO         2508    i.HAL_CAN_TxMailbox0CompleteCallback  stm32f4xx_hal_can.o
    0x0800125a   0x00000002   Code   RO         2509    i.HAL_CAN_TxMailbox1AbortCallback  stm32f4xx_hal_can.o
    0x0800125c   0x00000002   Code   RO         2510    i.HAL_CAN_TxMailbox1CompleteCallback  stm32f4xx_hal_can.o
    0x0800125e   0x00000002   Code   RO         2511    i.HAL_CAN_TxMailbox2AbortCallback  stm32f4xx_hal_can.o
    0x08001260   0x00000002   Code   RO         2512    i.HAL_CAN_TxMailbox2CompleteCallback  stm32f4xx_hal_can.o
    0x08001262   0x00000002   Code   RO         2514    i.HAL_CAN_WakeUpFromRxMsgCallback  stm32f4xx_hal_can.o
    0x08001264   0x000000ac   Code   RO         2856    i.HAL_DMA_Abort     stm32f4xx_hal_dma.o
    0x08001310   0x00000028   Code   RO         2857    i.HAL_DMA_Abort_IT  stm32f4xx_hal_dma.o
    0x08001338   0x00000028   Code   RO         2300    i.HAL_Delay         stm32f4xx_hal.o
    0x08001360   0x00000002   Code   RO         3001    i.HAL_GPIO_EXTI_Callback  stm32f4xx_hal_gpio.o
    0x08001362   0x00000002   PAD
    0x08001364   0x0000001c   Code   RO         3002    i.HAL_GPIO_EXTI_IRQHandler  stm32f4xx_hal_gpio.o
    0x08001380   0x000001f0   Code   RO         3003    i.HAL_GPIO_Init     stm32f4xx_hal_gpio.o
    0x08001570   0x00000010   Code   RO         3005    i.HAL_GPIO_ReadPin  stm32f4xx_hal_gpio.o
    0x08001580   0x0000000c   Code   RO         3007    i.HAL_GPIO_WritePin  stm32f4xx_hal_gpio.o
    0x0800158c   0x0000000c   Code   RO         2306    i.HAL_GetTick       stm32f4xx_hal.o
    0x08001598   0x000001d0   Code   RO         3077    i.HAL_I2C_Init      stm32f4xx_hal_i2c.o
    0x08001768   0x000002f8   Code   RO         3083    i.HAL_I2C_Master_Receive  stm32f4xx_hal_i2c.o
    0x08001a60   0x00000170   Code   RO         3090    i.HAL_I2C_Master_Transmit  stm32f4xx_hal_i2c.o
    0x08001bd0   0x000001a4   Code   RO         2224    i.HAL_I2C_MspInit   stm32f4xx_hal_msp.o
    0x08001d74   0x00000018   Code   RO         2312    i.HAL_IncTick       stm32f4xx_hal.o
    0x08001d8c   0x0000003c   Code   RO         2313    i.HAL_Init          stm32f4xx_hal.o
    0x08001dc8   0x0000004c   Code   RO         2314    i.HAL_InitTick      stm32f4xx_hal.o
    0x08001e14   0x00000050   Code   RO         2225    i.HAL_MspInit       stm32f4xx_hal_msp.o
    0x08001e64   0x0000001c   Code   RO         2717    i.HAL_NVIC_DisableIRQ  stm32f4xx_hal_cortex.o
    0x08001e80   0x0000001a   Code   RO         2718    i.HAL_NVIC_EnableIRQ  stm32f4xx_hal_cortex.o
    0x08001e9a   0x0000007c   Code   RO         2724    i.HAL_NVIC_SetPriority  stm32f4xx_hal_cortex.o
    0x08001f16   0x00000002   PAD
    0x08001f18   0x00000028   Code   RO         2725    i.HAL_NVIC_SetPriorityGrouping  stm32f4xx_hal_cortex.o
    0x08001f40   0x00000184   Code   RO         3713    i.HAL_RCC_ClockConfig  stm32f4xx_hal_rcc.o
    0x080020c4   0x0000000c   Code   RO         3718    i.HAL_RCC_GetHCLKFreq  stm32f4xx_hal_rcc.o
    0x080020d0   0x00000020   Code   RO         3720    i.HAL_RCC_GetPCLK1Freq  stm32f4xx_hal_rcc.o
    0x080020f0   0x00000020   Code   RO         3721    i.HAL_RCC_GetPCLK2Freq  stm32f4xx_hal_rcc.o
    0x08002110   0x000000b0   Code   RO         3722    i.HAL_RCC_GetSysClockFreq  stm32f4xx_hal_rcc.o
    0x080021c0   0x0000049c   Code   RO         3725    i.HAL_RCC_OscConfig  stm32f4xx_hal_rcc.o
    0x0800265c   0x000000c8   Code   RO         3879    i.HAL_SPI_Init      stm32f4xx_hal_spi.o
    0x08002724   0x00000088   Code   RO         2227    i.HAL_SPI_MspInit   stm32f4xx_hal_msp.o
    0x080027ac   0x0000022a   Code   RO         3888    i.HAL_SPI_TransmitReceive  stm32f4xx_hal_spi.o
    0x080029d6   0x00000034   Code   RO         2729    i.HAL_SYSTICK_Config  stm32f4xx_hal_cortex.o
    0x08002a0a   0x00000082   Code   RO         4236    i.HAL_UARTEx_ReceiveToIdle_IT  stm32f4xx_hal_uart.o
    0x08002a8c   0x00000002   Code   RO         4237    i.HAL_UARTEx_RxEventCallback  stm32f4xx_hal_uart.o
    0x08002a8e   0x00000002   Code   RO         4239    i.HAL_UART_AbortCpltCallback  stm32f4xx_hal_uart.o
    0x08002a90   0x00000002   Code   RO         4241    i.HAL_UART_AbortReceiveCpltCallback  stm32f4xx_hal_uart.o
    0x08002a92   0x00000002   Code   RO         4244    i.HAL_UART_AbortTransmitCpltCallback  stm32f4xx_hal_uart.o
    0x08002a94   0x00000002   Code   RO         4251    i.HAL_UART_ErrorCallback  stm32f4xx_hal_uart.o
    0x08002a96   0x00000002   PAD
    0x08002a98   0x000002e0   Code   RO         4254    i.HAL_UART_IRQHandler  stm32f4xx_hal_uart.o
    0x08002d78   0x00000084   Code   RO         4255    i.HAL_UART_Init     stm32f4xx_hal_uart.o
    0x08002dfc   0x0000011c   Code   RO         2229    i.HAL_UART_MspInit  stm32f4xx_hal_msp.o
    0x08002f18   0x00000002   Code   RO         4263    i.HAL_UART_RxCpltCallback  stm32f4xx_hal_uart.o
    0x08002f1a   0x00000002   Code   RO         4264    i.HAL_UART_RxHalfCpltCallback  stm32f4xx_hal_uart.o
    0x08002f1c   0x000000d2   Code   RO         4265    i.HAL_UART_Transmit  stm32f4xx_hal_uart.o
    0x08002fee   0x00000002   Code   RO         4268    i.HAL_UART_TxCpltCallback  stm32f4xx_hal_uart.o
    0x08002ff0   0x00000002   Code   RO         4269    i.HAL_UART_TxHalfCpltCallback  stm32f4xx_hal_uart.o
    0x08002ff2   0x00000072   Code   RO          385    i.HW_EscRead        9252_hw.o
    0x08003064   0x00000066   Code   RO          386    i.HW_EscReadIsr     9252_hw.o
    0x080030ca   0x00000066   Code   RO          388    i.HW_EscWriteIsr    9252_hw.o
    0x08003130   0x00000010   Code   RO          390    i.HW_GetALEventRegister_Isr  9252_hw.o
    0x08003140   0x00000068   Code   RO          692    i.HandleCycleTimeMeasurement  ecatappl.o
    0x080031a8   0x00000004   Code   RO          276    i.HardFault_Handler  stm32f4xx_it.o
    0x080031ac   0x0000003e   Code   RO         3120    i.I2C_IsAcknowledgeFailed  stm32f4xx_hal_i2c.o
    0x080031ea   0x00000002   PAD
    0x080031ec   0x00000138   Code   RO         3123    i.I2C_MasterRequestRead  stm32f4xx_hal_i2c.o
    0x08003324   0x000000c0   Code   RO         3124    i.I2C_MasterRequestWrite  stm32f4xx_hal_i2c.o
    0x080033e4   0x0000005c   Code   RO         3140    i.I2C_WaitOnBTFFlagUntilTimeout  stm32f4xx_hal_i2c.o
    0x08003440   0x00000086   Code   RO         3141    i.I2C_WaitOnFlagUntilTimeout  stm32f4xx_hal_i2c.o
    0x080034c6   0x000000c4   Code   RO         3142    i.I2C_WaitOnMasterAddressFlagUntilTimeout  stm32f4xx_hal_i2c.o
    0x0800358a   0x00000080   Code   RO         3143    i.I2C_WaitOnRXNEFlagUntilTimeout  stm32f4xx_hal_i2c.o
    0x0800360a   0x0000005c   Code   RO         3146    i.I2C_WaitOnTXEFlagUntilTimeout  stm32f4xx_hal_i2c.o
    0x08003666   0x00000002   PAD
    0x08003668   0x00000014   Code   RO          395    i.ISR_GetInterruptRegister  9252_hw.o
    0x0800367c   0x00000030   Code   RO         2085    i.KeyScan           keyin.o
    0x080036ac   0x00000038   Code   RO            5    i.MX_CAN1_Init      main.o
    0x080036e4   0x00000358   Code   RO            6    i.MX_GPIO_Init      main.o
    0x08003a3c   0x0000003c   Code   RO            7    i.MX_I2C1_Init      main.o
    0x08003a78   0x0000003c   Code   RO            8    i.MX_I2C2_Init      main.o
    0x08003ab4   0x0000003c   Code   RO            9    i.MX_I2C3_Init      main.o
    0x08003af0   0x00000044   Code   RO           10    i.MX_SPI3_Init      main.o
    0x08003b34   0x00000038   Code   RO           11    i.MX_USART1_UART_Init  main.o
    0x08003b6c   0x00000038   Code   RO           12    i.MX_USART2_UART_Init  main.o
    0x08003ba4   0x00000004   Code   RO          277    i.MemManage_Handler  stm32f4xx_it.o
    0x08003ba8   0x00000004   Code   RO          278    i.NMI_Handler       stm32f4xx_it.o
    0x08003bac   0x00000010   Code   RO         2731    i.NVIC_GetPriorityGrouping  stm32f4xx_hal_cortex.o
    0x08003bbc   0x00000028   Code   RO         2732    i.NVIC_SetPriority  stm32f4xx_hal_cortex.o
    0x08003be4   0x00000026   Code   RO         1715    i.PDIReadReg        spidriver.o
    0x08003c0a   0x00000026   Code   RO         1717    i.PDIWriteReg       spidriver.o
    0x08003c30   0x00000018   Code   RO         1641    i.PDI_Disable_Global_Interrupt  pdidriver.o
    0x08003c48   0x00000016   Code   RO         1642    i.PDI_Enable_Global_interrupt  pdidriver.o
    0x08003c5e   0x00000002   PAD
    0x08003c60   0x00000154   Code   RO          695    i.PDI_Isr           ecatappl.o
    0x08003db4   0x0000000c   Code   RO         1646    i.PDI_Restore_Global_Interrupt  pdidriver.o
    0x08003dc0   0x000000c0   Code   RO          696    i.PDO_InputMapping  ecatappl.o
    0x08003e80   0x00000098   Code   RO          697    i.PDO_OutputMapping  ecatappl.o
    0x08003f18   0x00000002   Code   RO          279    i.PendSV_Handler    stm32f4xx_it.o
    0x08003f1a   0x00000002   PAD
    0x08003f1c   0x0000009c   Code   RO         1998    i.PowerAccessCharge  powermenu.o
    0x08003fb8   0x000000b4   Code   RO         2086    i.PowerOffKeyInState  keyin.o
    0x0800406c   0x000000bc   Code   RO         2087    i.PowerOffREMOTEKeyInState  keyin.o
    0x08004128   0x000000a4   Code   RO         1999    i.PowerOnCharge     powermenu.o
    0x080041cc   0x000000b0   Code   RO         2088    i.PowerOnKeyInState  keyin.o
    0x0800427c   0x000000b8   Code   RO         2089    i.PowerOnRemoteKeyInState  keyin.o
    0x08004334   0x00000014   Code   RO         1868    i.Power_Command_Initilization  command.o
    0x08004348   0x00000098   Code   RO         1869    i.Power_Command_Main_Loop  command.o
    0x080043e0   0x00000104   Code   RO         1870    i.Power_Command_Receive  command.o
    0x080044e4   0x0000006c   Code   RO         1871    i.Power_Command_Transmit  command.o
    0x08004550   0x00000080   Code   RO         2000    i.Reboot_mode_operation  powermenu.o
    0x080045d0   0x00000028   Code   RO         1872    i.SM2SU_Req_Call_Compulsory_Power_Off_Command  command.o
    0x080045f8   0x00000058   Code   RO         1873    i.SM2SU_Req_Call_Encapsulation_Func  command.o
    0x08004650   0x00000044   Code   RO         1874    i.SM2SU_Req_Call_Periodic_Transmission  command.o
    0x08004694   0x0000002c   Code   RO         1875    i.SM2SU_Req_Call_Power_Off_Require  command.o
    0x080046c0   0x00000028   Code   RO         1876    i.SM2SU_Req_Call_Reply_Control_Command  command.o
    0x080046e8   0x0000002c   Code   RO         1877    i.SM2SU_Req_Call_Reply_Power_Off_Command  command.o
    0x08004714   0x0000002c   Code   RO         1878    i.SM2SU_Req_Call_Reply_Reboot_Command  command.o
    0x08004740   0x00000064   Code   RO         1718    i.SPIReadDWord      spidriver.o
    0x080047a4   0x0000014c   Code   RO         1719    i.SPIReadPDRamRegister  spidriver.o
    0x080048f0   0x0000006e   Code   RO         1720    i.SPIReadRegUsingCSR  spidriver.o
    0x0800495e   0x00000002   PAD
    0x08004960   0x0000007c   Code   RO         1721    i.SPIWriteBytes     spidriver.o
    0x080049dc   0x00000078   Code   RO         1722    i.SPIWriteDWord     spidriver.o
    0x08004a54   0x00000144   Code   RO         1723    i.SPIWritePDRamRegister  spidriver.o
    0x08004b98   0x0000006e   Code   RO         1724    i.SPIWriteRegUsingCSR  spidriver.o
    0x08004c06   0x00000002   PAD
    0x08004c08   0x0000006c   Code   RO         3917    i.SPI_EndRxTxTransaction  stm32f4xx_hal_spi.o
    0x08004c74   0x000000d8   Code   RO         3922    i.SPI_WaitFlagStateUntilTimeout  stm32f4xx_hal_spi.o
    0x08004d4c   0x00000006   Code   RO         1879    i.SU2SM_Req_Call_Control_Command  command.o
    0x08004d52   0x00000002   PAD
    0x08004d54   0x00000020   Code   RO         1880    i.SU2SM_Req_Call_Power_Off_Command  command.o
    0x08004d74   0x00000024   Code   RO         1881    i.SU2SM_Req_Call_Reboot_Command  command.o
    0x08004d98   0x00000006   Code   RO         1882    i.SU2SM_Req_Call_Reply_Compulsory_Power_Off_Command  command.o
    0x08004d9e   0x00000006   Code   RO         1883    i.SU2SM_Req_Call_Reply_Periodic_Transmission  command.o
    0x08004da4   0x00000006   Code   RO         1884    i.SU2SM_Req_Call_Reply_Power_Off_Require  command.o
    0x08004daa   0x00000002   PAD
    0x08004dac   0x00000060   Code   RO         1885    i.SU2SM_RxIdleEventCallback  command.o
    0x08004e0c   0x00000002   Code   RO          280    i.SVC_Handler       stm32f4xx_it.o
    0x08004e0e   0x00000002   PAD
    0x08004e10   0x00000150   Code   RO          698    i.Sync0_Isr         ecatappl.o
    0x08004f60   0x0000004c   Code   RO          699    i.Sync1_Isr         ecatappl.o
    0x08004fac   0x00000008   Code   RO          281    i.SysTick_Handler   stm32f4xx_it.o
    0x08004fb4   0x000000b8   Code   RO           14    i.SystemClock_Config  main.o
    0x0800506c   0x00000014   Code   RO         4649    i.SystemInit        system_stm32f4xx.o
    0x08005080   0x00000014   Code   RO         4272    i.UART_DMAAbortOnError  stm32f4xx_hal_uart.o
    0x08005094   0x0000006c   Code   RO         4282    i.UART_EndRxTransfer  stm32f4xx_hal_uart.o
    0x08005100   0x00000020   Code   RO         4283    i.UART_EndTransmit_IT  stm32f4xx_hal_uart.o
    0x08005120   0x0000004c   Code   RO         4285    i.UART_InitCallbacksToDefault  stm32f4xx_hal_uart.o
    0x0800516c   0x000000f8   Code   RO         4286    i.UART_Receive_IT   stm32f4xx_hal_uart.o
    0x08005264   0x0000022c   Code   RO         4287    i.UART_SetConfig    stm32f4xx_hal_uart.o
    0x08005490   0x00000046   Code   RO         4289    i.UART_Start_Receive_IT  stm32f4xx_hal_uart.o
    0x080054d6   0x00000060   Code   RO         4290    i.UART_Transmit_IT  stm32f4xx_hal_uart.o
    0x08005536   0x00000092   Code   RO         4291    i.UART_WaitOnFlagUntilTimeout  stm32f4xx_hal_uart.o
    0x080055c8   0x00000010   Code   RO          282    i.USART1_IRQHandler  stm32f4xx_it.o
    0x080055d8   0x00000010   Code   RO          283    i.USART2_IRQHandler  stm32f4xx_it.o
    0x080055e8   0x00000004   Code   RO          284    i.UsageFault_Handler  stm32f4xx_it.o
    0x080055ec   0x0000003c   Code   RO         2003    i.close_all_dr_save_state  powermenu.o
    0x08005628   0x00000030   Code   RO         2004    i.first_open_dr_save_state  powermenu.o
    0x08005658   0x00000038   Code   RO         2005    i.force_shutdown    powermenu.o
    0x08005690   0x00000080   Code   RO         2148    i.look_up_table     temperaturedriver.o
    0x08005710   0x000000a4   Code   RO           15    i.main              main.o
    0x080057b4   0x00000014   Code   RO         2149    i.num_to_temperature  temperaturedriver.o
    0x080057c8   0x000000bc   Code   RO         2150    i.save_ntc2_data    temperaturedriver.o
    0x08005884   0x00000058   Code   RO         2006    i.shutdown_mode_operation  powermenu.o
    0x080058dc   0x00000058   Code   RO         2007    i.softwarepoweroff_mode_operation  powermenu.o
    0x08005934   0x000000d8   Code   RO         2008    i.work_mode_operation  powermenu.o
    0x08005a0c   0x00000062   Code   RO         4760    x$fpl$d2f           fz_wm.l(d2f.o)
    0x08005a6e   0x00000002   PAD
    0x08005a70   0x00000150   Code   RO         4762    x$fpl$dadd          fz_wm.l(daddsub_clz.o)
    0x08005bc0   0x000002b0   Code   RO         4769    x$fpl$ddiv          fz_wm.l(ddiv.o)
    0x08005e70   0x0000005a   Code   RO         4772    x$fpl$dfixu         fz_wm.l(dfixu.o)
    0x08005eca   0x0000002e   Code   RO         4777    x$fpl$dflt          fz_wm.l(dflt_clz.o)
    0x08005ef8   0x00000154   Code   RO         4782    x$fpl$dmul          fz_wm.l(dmul.o)
    0x0800604c   0x0000009c   Code   RO         4865    x$fpl$dnaninf       fz_wm.l(dnaninf.o)
    0x080060e8   0x0000000c   Code   RO         4867    x$fpl$dretinf       fz_wm.l(dretinf.o)
    0x080060f4   0x000001d4   Code   RO         4764    x$fpl$dsub          fz_wm.l(daddsub_clz.o)
    0x080062c8   0x00000056   Code   RO         4784    x$fpl$f2d           fz_wm.l(f2d.o)
    0x0800631e   0x0000008c   Code   RO         4869    x$fpl$fnaninf       fz_wm.l(fnaninf.o)
    0x080063aa   0x0000000a   Code   RO         4913    x$fpl$fpinit        fz_wm.l(fpinit.o)
    0x080063b4   0x0000000a   Code   RO         4871    x$fpl$fretinf       fz_wm.l(fretinf.o)
    0x080063be   0x00000000   Code   RO         4873    x$fpl$usenofp       fz_wm.l(usenofp.o)
    0x080063be   0x00000002   PAD
    0x080063c0   0x00000020   Data   RO         1818    .constdata          ads1115driver.o
    0x080063e0   0x00000078   Data   RO         1887    .constdata          command.o
    0x08006458   0x00000018   Data   RO         4650    .constdata          system_stm32f4xx.o
    0x08006470   0x00000020   Data   RO         5002    Region$$Table       anon$$obj.o


    Execution Region RW_IRAM1 (Base: 0x20000000, Size: 0x00001a10, Max: 0x00020000, ABSOLUTE, COMPRESSED[0x000004d8])

    Base Addr    Size         Type   Attr      Idx    E Section Name        Object

    0x20000000   0x00000010   Data   RW          397    .data               9252_hw.o
    0x20000010   0x00000039   Data   RW          701    .data               ecatappl.o
    0x20000049   0x00000001   PAD
    0x2000004a   0x0000004f   Data   RW          928    .data               ecatslv.o
    0x20000099   0x00000003   PAD
    0x2000009c   0x0000001d   Data   RW         1378    .data               objdef.o
    0x200000b9   0x00000003   PAD
    0x200000bc   0x000002e2   Data   RW         1483    .data               robot-device.o
    0x2000039e   0x00000002   PAD
    0x200003a0   0x00000004   Data   RW         1726    .data               spidriver.o
    0x200003a4   0x000001b0   Data   RW         1819    .data               ads1115driver.o
    0x20000554   0x0000021c   Data   RW         1888    .data               command.o
    0x20000770   0x00000028   Data   RW         2009    .data               powermenu.o
    0x20000798   0x00000038   Data   RW         2091    .data               keyin.o
    0x200007d0   0x00000064   Data   RW         2152    .data               temperaturedriver.o
    0x20000834   0x00000200   Data   RW         2193    .data               crc16.o
    0x20000a34   0x00000009   Data   RW         2320    .data               stm32f4xx_hal.o
    0x20000a3d   0x00000003   PAD
    0x20000a40   0x00000004   Data   RW         4651    .data               system_stm32f4xx.o
    0x20000a44   0x00000264   Zero   RW           16    .bss                main.o
    0x20000ca8   0x00000200   Zero   RW          700    .bss                ecatappl.o
    0x20000ea8   0x00000088   Zero   RW         1376    .bss                objdef.o
    0x20000f30   0x00000400   Zero   RW         1725    .bss                spidriver.o
    0x20001330   0x00000060   Zero   RW         1886    .bss                command.o
    0x20001390   0x0000001a   Zero   RW         2090    .bss                keyin.o
    0x200013aa   0x00000002   PAD
    0x200013ac   0x00000060   Zero   RW         4877    .bss                c_w.l(libspace.o)
    0x2000140c   0x00000004   PAD
    0x20001410   0x00000200   Zero   RW         4639    HEAP                startup_stm32f407xx.o
    0x20001610   0x00000400   Zero   RW         4638    STACK               startup_stm32f407xx.o


==============================================================================

Image component sizes


      Code (inc. data)   RO Data    RW Data    ZI Data      Debug   Object Name

       354          8          0         16          0       7054   9252_hw.o
      1452        176         32        432          0       7437   ads1115driver.o
        92         14          0          0          0        508   coeappl.o
      1096        106        120        540         96      15185   command.o
        52          6          0        512          0       1326   crc16.o
      1492        242          0         57        512       7876   ecatappl.o
         0          0          0         79          0       2298   ecatslv.o
         0          0          0          0          0       2203   emcy.o
       884        102          0         56         26       6042   keyin.o
      1626        162          0          0        612     691478   main.o
         0          0          0         29        136      15639   objdef.o
        58          0          0          0          0       1604   pdidriver.o
      1004        138          0         40          0       5732   powermenu.o
        42          8          0        738          0       9354   robot-device.o
      1388         82          0          4       1024      10640   spidriver.o
        64         26        392          0       1536        860   startup_stm32f407xx.o
       212         36          0          9          0       9785   stm32f4xx_hal.o
       988          0          0          0          0      11083   stm32f4xx_hal_can.o
       326         28          0          0          0      31953   stm32f4xx_hal_cortex.o
       212          0          0          0          0       2119   stm32f4xx_hal_dma.o
       554         48          0          0          0       4279   stm32f4xx_hal_gpio.o
      2800         48          0          0          0      11958   stm32f4xx_hal_i2c.o
      1072         76          0          0          0       4899   stm32f4xx_hal_msp.o
      1820         84          0          0          0       5940   stm32f4xx_hal_rcc.o
      1078         14          0          0          0       4917   stm32f4xx_hal_spi.o
      2578         56          0          0          0      17818   stm32f4xx_hal_uart.o
       124         18          0          0          0       8113   stm32f4xx_it.o
        20          6         24          4          0       1283   system_stm32f4xx.o
       336         16          0        100          0       2710   temperaturedriver.o

    ----------------------------------------------------------------------
     21752       1500        600       2628       3944     902093   Object Totals
         0          0         32          0          0          0   (incl. Generated)
        28          0          0         12          2          0   (incl. Padding)

    ----------------------------------------------------------------------

      Code (inc. data)   RO Data    RW Data    ZI Data      Debug   Library Member Name

       100          0          0          0          0          0   __dclz77c.o
         8          0          0          0          0         68   __main.o
         0          0          0          0          0          0   __rtentry.o
        12          0          0          0          0          0   __rtentry2.o
         6          0          0          0          0          0   __rtentry4.o
        52          8          0          0          0          0   __scatter.o
        28          0          0          0          0          0   __scatter_zi.o
        18          0          0          0          0         80   exit.o
         6          0          0          0          0        152   heapauxi.o
         0          0          0          0          0          0   indicate_semi.o
         2          0          0          0          0          0   libinit.o
         6          0          0          0          0          0   libinit2.o
         2          0          0          0          0          0   libshutdown.o
         2          0          0          0          0          0   libshutdown2.o
         8          4          0          0         96         68   libspace.o
       238          0          0          0          0        100   lludivv7m.o
        78          0          0          0          0         80   rt_memclr_w.o
       138          0          0          0          0         68   rt_memcpy_v6.o
       100          0          0          0          0         80   rt_memcpy_w.o
         2          0          0          0          0          0   rtexit.o
        10          0          0          0          0          0   rtexit2.o
        12          4          0          0          0         68   sys_exit.o
        74          0          0          0          0         80   sys_stackheap_outer.o
         2          0          0          0          0         68   use_no_semi.o
        98          4          0          0          0        140   d2f.o
       804         16          0          0          0        368   daddsub_clz.o
       688        140          0          0          0        256   ddiv.o
        90          4          0          0          0        140   dfixu.o
        46          0          0          0          0        116   dflt_clz.o
       340         12          0          0          0        152   dmul.o
       156          4          0          0          0        140   dnaninf.o
        12          0          0          0          0        116   dretinf.o
        86          4          0          0          0        132   f2d.o
       140          4          0          0          0        132   fnaninf.o
        10          0          0          0          0        116   fpinit.o
        10          0          0          0          0        116   fretinf.o
         0          0          0          0          0          0   usenofp.o

    ----------------------------------------------------------------------
      3392        204          0          0        100       2836   Library Totals
         8          0          0          0          4          0   (incl. Padding)

    ----------------------------------------------------------------------

      Code (inc. data)   RO Data    RW Data    ZI Data      Debug   Library Name

       904         16          0          0         96        912   c_w.l
      2480        188          0          0          0       1924   fz_wm.l

    ----------------------------------------------------------------------
      3392        204          0          0        100       2836   Library Totals

    ----------------------------------------------------------------------

==============================================================================


      Code (inc. data)   RO Data    RW Data    ZI Data      Debug   

     25144       1704        600       2628       4044     885965   Grand Totals
     25144       1704        600       1240       4044     885965   ELF Image Totals (compressed)
     25144       1704        600       1240          0          0   ROM Totals

==============================================================================

    Total RO  Size (Code + RO Data)                25744 (  25.14kB)
    Total RW  Size (RW Data + ZI Data)              6672 (   6.52kB)
    Total ROM Size (Code + RO Data + RW Data)      26984 (  26.35kB)

==============================================================================

